Archive member included to satisfy reference by file (symbol)

C:\Users\Administrator\AppData\Local\Temp\VMBuilds\Temperature_control_box\Arduino_STM32-master_genericSTM32F103R\Release\core.a(exc.S.o)
                              (__exc_nmi)
C:\Users\Administrator\AppData\Local\Temp\VMBuilds\Temperature_control_box\Arduino_STM32-master_genericSTM32F103R\Release\core.a(isrs.S.o)
                              (__stm32reservedexception7)
C:\Users\Administrator\AppData\Local\Temp\VMBuilds\Temperature_control_box\Arduino_STM32-master_genericSTM32F103R\Release\core.a(vector_table.S.o)
                              (__stm32_vector_table)
C:\Users\Administrator\AppData\Local\Temp\VMBuilds\Temperature_control_box\Arduino_STM32-master_genericSTM32F103R\Release\core.a(itoa.c.o)
                              user_test.cpp.o (itoa)
C:\Users\Administrator\AppData\Local\Temp\VMBuilds\Temperature_control_box\Arduino_STM32-master_genericSTM32F103R\Release\core.a(adc.c.o)
                              C:\Users\Administrator\AppData\Local\Temp\VMBCore\arduino16x\26f9647b75fb80b091c2c1c5a86ae632\variant\boards.cpp.o (adc_set_sample_rate)
C:\Users\Administrator\AppData\Local\Temp\VMBuilds\Temperature_control_box\Arduino_STM32-master_genericSTM32F103R\Release\core.a(adc_f1.c.o)
                              C:\Users\Administrator\AppData\Local\Temp\VMBuilds\Temperature_control_box\Arduino_STM32-master_genericSTM32F103R\Release\core.a(vector_table.S.o) (__irq_adc)
C:\Users\Administrator\AppData\Local\Temp\VMBuilds\Temperature_control_box\Arduino_STM32-master_genericSTM32F103R\Release\core.a(dma_f1.c.o)
                              C:\Users\Administrator\AppData\Local\Temp\VMBuilds\Temperature_control_box\Arduino_STM32-master_genericSTM32F103R\Release\core.a(vector_table.S.o) (__irq_dma1_channel1)
C:\Users\Administrator\AppData\Local\Temp\VMBuilds\Temperature_control_box\Arduino_STM32-master_genericSTM32F103R\Release\core.a(exti.c.o)
                              C:\Users\Administrator\AppData\Local\Temp\VMBuilds\Temperature_control_box\Arduino_STM32-master_genericSTM32F103R\Release\core.a(vector_table.S.o) (__irq_exti0)
C:\Users\Administrator\AppData\Local\Temp\VMBuilds\Temperature_control_box\Arduino_STM32-master_genericSTM32F103R\Release\core.a(exti_f1.c.o)
                              C:\Users\Administrator\AppData\Local\Temp\VMBuilds\Temperature_control_box\Arduino_STM32-master_genericSTM32F103R\Release\core.a(exti.c.o) (exti_select)
C:\Users\Administrator\AppData\Local\Temp\VMBuilds\Temperature_control_box\Arduino_STM32-master_genericSTM32F103R\Release\core.a(flash.c.o)
                              C:\Users\Administrator\AppData\Local\Temp\VMBCore\arduino16x\26f9647b75fb80b091c2c1c5a86ae632\variant\boards.cpp.o (flash_set_latency)
C:\Users\Administrator\AppData\Local\Temp\VMBuilds\Temperature_control_box\Arduino_STM32-master_genericSTM32F103R\Release\core.a(gpio_f1.c.o)
                              C:\Users\Administrator\AppData\Local\Temp\VMBCore\arduino16x\26f9647b75fb80b091c2c1c5a86ae632\variant\boards_setup.cpp.o (gpio_init_all)
C:\Users\Administrator\AppData\Local\Temp\VMBuilds\Temperature_control_box\Arduino_STM32-master_genericSTM32F103R\Release\core.a(i2c_f1.c.o)
                              C:\Users\Administrator\AppData\Local\Temp\VMBuilds\Temperature_control_box\Arduino_STM32-master_genericSTM32F103R\Release\core.a(vector_table.S.o) (__irq_i2c1_ev)
C:\Users\Administrator\AppData\Local\Temp\VMBuilds\Temperature_control_box\Arduino_STM32-master_genericSTM32F103R\Release\core.a(nvic.c.o)
                              C:\Users\Administrator\AppData\Local\Temp\VMBuilds\Temperature_control_box\Arduino_STM32-master_genericSTM32F103R\Release\core.a(i2c_f1.c.o) (nvic_irq_set_priority)
C:\Users\Administrator\AppData\Local\Temp\VMBuilds\Temperature_control_box\Arduino_STM32-master_genericSTM32F103R\Release\core.a(rcc.c.o)
                              C:\Users\Administrator\AppData\Local\Temp\VMBCore\arduino16x\26f9647b75fb80b091c2c1c5a86ae632\variant\boards.cpp.o (rcc_switch_sysclk)
C:\Users\Administrator\AppData\Local\Temp\VMBuilds\Temperature_control_box\Arduino_STM32-master_genericSTM32F103R\Release\core.a(rcc_f1.c.o)
                              C:\Users\Administrator\AppData\Local\Temp\VMBCore\arduino16x\26f9647b75fb80b091c2c1c5a86ae632\variant\boards.cpp.o (rcc_configure_pll)
C:\Users\Administrator\AppData\Local\Temp\VMBuilds\Temperature_control_box\Arduino_STM32-master_genericSTM32F103R\Release\core.a(systick.c.o)
                              C:\Users\Administrator\AppData\Local\Temp\VMBCore\arduino16x\26f9647b75fb80b091c2c1c5a86ae632\variant\boards.cpp.o (systick_init)
C:\Users\Administrator\AppData\Local\Temp\VMBuilds\Temperature_control_box\Arduino_STM32-master_genericSTM32F103R\Release\core.a(timer.c.o)
                              C:\Users\Administrator\AppData\Local\Temp\VMBCore\arduino16x\26f9647b75fb80b091c2c1c5a86ae632\variant\boards.cpp.o (timer_foreach)
[...]
Memory Configuration

Name             Origin             Length             Attributes
ram              0x20000000         0x0000c000         xrw
rom              0x08000000         0x00040000         xr
*default*        0x00000000         0xffffffff

Linker script and memory map

LOAD c:/users/administrator/appdata/local/arduino15/packages/arduino/tools/arm-none-eabi-gcc/7-2017q4/bin/../lib/gcc/arm-none-eabi/7.2.1/thumb/v7-m/crti.o
LOAD c:/users/administrator/appdata/local/arduino15/packages/arduino/tools/arm-none-eabi-gcc/7-2017q4/bin/../lib/gcc/arm-none-eabi/7.2.1/thumb/v7-m/crtbegin.o
LOAD c:/users/administrator/appdata/local/arduino15/packages/arduino/tools/arm-none-eabi-gcc/7-2017q4/bin/../lib/gcc/arm-none-eabi/7.2.1/../../../../arm-none-eabi/lib/thumb/v7-m/crt0.o
LOAD c:/users/administrator/appdata/local/arduino15/packages/arduino/tools/arm-none-eabi-gcc/7-2017q4/bin/../lib/gcc/arm-none-eabi/7.2.1/thumb/v7-m\libgcc.a
START GROUP
LOAD Temperature_control_box.cpp.o
LOAD MODBUS_RTU_CRC16.cpp.o
LOAD user_Character.cpp.o
LOAD user_crc8.cpp.o
LOAD user_DECtoHEX.cpp.o
LOAD user_HEXtoDEC.cpp.o
LOAD user_initialization.cpp.o
LOAD user_test.cpp.o
LOAD EEPROM\flash_stm32.c.o
LOAD EEPROM\EEPROM.cpp.o
LOAD C:\Users\Administrator\AppData\Local\Temp\VMBCore\arduino16x\26f9647b75fb80b091c2c1c5a86ae632\variant\board.cpp.o
LOAD C:\Users\Administrator\AppData\Local\Temp\VMBCore\arduino16x\26f9647b75fb80b091c2c1c5a86ae632\variant\boards.cpp.o
LOAD C:\Users\Administrator\AppData\Local\Temp\VMBCore\arduino16x\26f9647b75fb80b091c2c1c5a86ae632\variant\boards_setup.cpp.o
LOAD C:\Users\Administrator\AppData\Local\Temp\VMBCore\arduino16x\26f9647b75fb80b091c2c1c5a86ae632\variant\start.S.o
LOAD C:\Users\Administrator\AppData\Local\Temp\VMBCore\arduino16x\26f9647b75fb80b091c2c1c5a86ae632\variant\start_c.c.o
LOAD C:\Users\Administrator\AppData\Local\Temp\VMBCore\arduino16x\26f9647b75fb80b091c2c1c5a86ae632\variant\syscalls.c.o
LOAD C:\Users\Administrator\AppData\Local\Temp\VMBuilds\Temperature_control_box\Arduino_STM32-master_genericSTM32F103R\Release\core.a
END GROUP
LOAD c:/users/administrator/appdata/local/arduino15/packages/arduino/tools/arm-none-eabi-gcc/7-2017q4/bin/../lib/gcc/arm-none-eabi/7.2.1/../../../../arm-none-eabi/lib/thumb/v7-m\libstdc++.a
LOAD c:/users/administrator/appdata/local/arduino15/packages/arduino/tools/arm-none-eabi-gcc/7-2017q4/bin/../lib/gcc/arm-none-eabi/7.2.1/../../../../arm-none-eabi/lib/thumb/v7-m\libm.a
START GROUP
LOAD c:/users/administrator/appdata/local/arduino15/packages/arduino/tools/arm-none-eabi-gcc/7-2017q4/bin/../lib/gcc/arm-none-eabi/7.2.1/thumb/v7-m\libgcc.a
LOAD c:/users/administrator/appdata/local/arduino15/packages/arduino/tools/arm-none-eabi-gcc/7-2017q4/bin/../lib/gcc/arm-none-eabi/7.2.1/../../../../arm-none-eabi/lib/thumb/v7-m\libc.a
END GROUP
LOAD c:/users/administrator/appdata/local/arduino15/packages/arduino/tools/arm-none-eabi-gcc/7-2017q4/bin/../lib/gcc/arm-none-eabi/7.2.1/thumb/v7-m/crtend.o
LOAD c:/users/administrator/appdata/local/arduino15/packages/arduino/tools/arm-none-eabi-gcc/7-2017q4/bin/../lib/gcc/arm-none-eabi/7.2.1/thumb/v7-m/crtn.o
START GROUP
LOAD c:/users/administrator/appdata/local/arduino15/packages/arduino/tools/arm-none-eabi-gcc/7-2017q4/bin/../lib/gcc/arm-none-eabi/7.2.1/thumb/v7-m\libgcc.a
LOAD c:/users/administrator/appdata/local/arduino15/packages/arduino/tools/arm-none-eabi-gcc/7-2017q4/bin/../lib/gcc/arm-none-eabi/7.2.1/../../../../arm-none-eabi/lib/thumb/v7-m\libc.a
LOAD c:/users/administrator/appdata/local/arduino15/packages/arduino/tools/arm-none-eabi-gcc/7-2017q4/bin/../lib/gcc/arm-none-eabi/7.2.1/../../../../arm-none-eabi/lib/thumb/v7-m\libm.a
END GROUP
START GROUP
LOAD c:/users/administrator/appdata/local/arduino15/packages/arduino/tools/arm-none-eabi-gcc/7-2017q4/bin/../lib/gcc/arm-none-eabi/7.2.1/../../../../arm-none-eabi/lib/thumb/v7-m\libnosys.a
END GROUP
                0x2000c000                PROVIDE (__msp_init, (ORIGIN (ram) + LENGTH (ram)))
                0x08004ff8                PROVIDE (__exc_reset, __start__)

.text           0x08000000     0xd5a4
                0x08000000                __text_start__ = .
 *(.stm32.interrupt_vector)
 .stm32.interrupt_vector
                0x08000000      0x130 C:\Users\Administrator\AppData\Local\Temp\VMBuilds\Temperature_control_box\Arduino_STM32-master_genericSTM32F103R\Release\core.a(vector_table.S.o)
                0x08000000                __stm32_vector_table
 *(.text .text.* .gnu.linkonce.t.*)
 .text          0x08000130       0x40 c:/users/administrator/appdata/local/arduino15/packages/arduino/tools/arm-none-eabi-gcc/7-2017q4/bin/../lib/gcc/arm-none-eabi/7.2.1/thumb/v7-m/crtbegin.o
 .text._Z5setupv
                0x08000170        0x4 Temperature_control_box.cpp.o
                0x08000170                setup()
 *fill*         0x08000174        0x4 
 .text._Z13Analog_input1v
                0x08000178       0xf8 Temperature_control_box.cpp.o
                0x08000178                Analog_input1()
 .text.startup._GLOBAL__sub_I_str_usb
                0x08000270       0x2c Temperature_control_box.cpp.o
 .text._Z24RS485Receive_informationv
                0x0800029c       0x58 Temperature_control_box.cpp.o
                0x0800029c                RS485Receive_information()
 .text._Z17RS485Receive_Tempv
                0x080002f4      0x1d8 Temperature_control_box.cpp.o
                0x080002f4                RS485Receive_Temp()
 .text._Z22RS485Receive_MacStatusi
                0x080004cc      0x218 Temperature_control_box.cpp.o
                0x080004cc                RS485Receive_MacStatus(int)
 *fill*         0x080006e4        0x4 
 .text._Z9USB_JudgePh
                0x080006e8     0x42dc Temperature_control_box.cpp.o
                0x080006e8                USB_Judge(unsigned char*)
 .text._Z20USB_Serial_receptionv
                0x080049c4       0x44 Temperature_control_box.cpp.o
                0x080049c4                USB_Serial_reception()
 .text._Z4loopv
                0x08004a08        0xe Temperature_control_box.cpp.o
                0x08004a08                loop()
 *fill*         0x08004a16        0x2 
 .text._Z7N_CRC16Phj
                0x08004a18       0x2c MODBUS_RTU_CRC16.cpp.o
                0x08004a18                N_CRC16(unsigned char*, unsigned int)
 .text.__tcf_0  0x08004a44       0x1c user_Character.cpp.o
 .text._Z9chartointc
                0x08004a60       0x1e user_Character.cpp.o
                0x08004a60                chartoint(char)
 *fill*         0x08004a7e        0x2 
 .text._Z20Character_processingi
                0x08004a80      0x118 user_Character.cpp.o
                0x08004a80                Character_processing(int)
 .text.startup._GLOBAL__sub_I_Char_buffer
                0x08004b98       0x38 user_Character.cpp.o
 .text._Z8chrtodecc
                0x08004bd0       0x2c user_HEXtoDEC.cpp.o
                0x08004bd0                chrtodec(char)
 .text._Z10cal16matchh
                0x08004bfc       0x14 user_HEXtoDEC.cpp.o
                0x08004bfc                cal16match(unsigned char)
 .text._Z14charhex_to_decPc
                0x08004c10       0x5e user_HEXtoDEC.cpp.o
                0x08004c10                charhex_to_dec(char*)
 *fill*         0x08004c6e        0x2 
 .text._Z14Initializationv
                0x08004c70       0xd4 user_initialization.cpp.o
                0x08004c70                Initialization()
 .text._Z9inttohex2i
                0x08004d44       0x14 user_test.cpp.o
                0x08004d44                inttohex2(int)
 .text.startup._GLOBAL__sub_I__ZN11EEPROMClass12EE_CheckPageEmt
                0x08004d58       0x20 EEPROM\EEPROM.cpp.o
 .text.startup._GLOBAL__sub_I_PIN_MAP
                0x08004d78       0x74 C:\Users\Administrator\AppData\Local\Temp\VMBCore\arduino16x\26f9647b75fb80b091c2c1c5a86ae632\variant\board.cpp.o
 .text._ZL18adc_default_configP7adc_dev
                0x08004dec       0x1c C:\Users\Administrator\AppData\Local\Temp\VMBCore\arduino16x\26f9647b75fb80b091c2c1c5a86ae632\variant\boards.cpp.o
 .text._ZL20timer_default_configP9timer_dev
                0x08004e08       0xa8 C:\Users\Administrator\AppData\Local\Temp\VMBCore\arduino16x\26f9647b75fb80b091c2c1c5a86ae632\variant\boards.cpp.o
 .text._Z9boardInitv
                0x08004eb0        0x2 C:\Users\Administrator\AppData\Local\Temp\VMBCore\arduino16x\26f9647b75fb80b091c2c1c5a86ae632\variant\boards.cpp.o
                0x08004eb0                boardInit()
 *fill*         0x08004eb2        0x2 
 .text._Z4initv
                0x08004eb4       0xbc C:\Users\Administrator\AppData\Local\Temp\VMBCore\arduino16x\26f9647b75fb80b091c2c1c5a86ae632\variant\boards.cpp.o
                0x08004eb4                init()
 .text._ZN6wirish4priv15board_reset_pllEv
                0x08004f70        0x2 C:\Users\Administrator\AppData\Local\Temp\VMBCore\arduino16x\26f9647b75fb80b091c2c1c5a86ae632\variant\boards_setup.cpp.o
                0x08004f70                wirish::priv::board_reset_pll()
 .text._ZN6wirish4priv28board_setup_clock_prescalersEv
                0x08004f72       0x2e C:\Users\Administrator\AppData\Local\Temp\VMBCore\arduino16x\26f9647b75fb80b091c2c1c5a86ae632\variant\boards_setup.cpp.o
                0x08004f72                wirish::priv::board_setup_clock_prescalers()
 .text._ZN6wirish4priv16board_setup_gpioEv
                0x08004fa0        0x4 C:\Users\Administrator\AppData\Local\Temp\VMBCore\arduino16x\26f9647b75fb80b091c2c1c5a86ae632\variant\boards_setup.cpp.o
                0x08004fa0                wirish::priv::board_setup_gpio()
 .text._ZN6wirish4priv15board_setup_usbEv
                0x08004fa4       0x50 C:\Users\Administrator\AppData\Local\Temp\VMBCore\arduino16x\26f9647b75fb80b091c2c1c5a86ae632\variant\boards_setup.cpp.o
                0x08004fa4                wirish::priv::board_setup_usb()
 .text._ZN6wirish4priv11series_initEv
                0x08004ff4        0x4 C:\Users\Administrator\AppData\Local\Temp\VMBCore\arduino16x\26f9647b75fb80b091c2c1c5a86ae632\variant\boards_setup.cpp.o
                0x08004ff4                wirish::priv::series_init()
 .text          0x08004ff8       0x10 C:\Users\Administrator\AppData\Local\Temp\VMBCore\arduino16x\26f9647b75fb80b091c2c1c5a86ae632\variant\start.S.o
                0x08004ff8                __start__
 .text.start_c  0x08005008       0x60 C:\Users\Administrator\AppData\Local\Temp\VMBCore\arduino16x\26f9647b75fb80b091c2c1c5a86ae632\variant\start_c.c.o
                0x08005008                start_c
 .text._sbrk    0x08005068       0x44 C:\Users\Administrator\AppData\Local\Temp\VMBCore\arduino16x\26f9647b75fb80b091c2c1c5a86ae632\variant\syscalls.c.o
                0x08005068                _sbrk
 .text._exit    0x080050ac        0x2 C:\Users\Administrator\AppData\Local\Temp\VMBCore\arduino16x\26f9647b75fb80b091c2c1c5a86ae632\variant\syscalls.c.o
                0x080050ac                _exit
 *fill*         0x080050ae        0x2 
 .text          0x080050b0       0x54 C:\Users\Administrator\AppData\Local\Temp\VMBuilds\Temperature_control_box\Arduino_STM32-master_genericSTM32F103R\Release\core.a(exc.S.o)
                0x080050b0                __exc_nmi
                0x080050b4                __exc_hardfault
                0x080050b8                __exc_memmanage
                0x080050bc                __exc_busfault
                0x080050c0                __exc_usagefault
 .text          0x08005104        0x2 C:\Users\Administrator\AppData\Local\Temp\VMBuilds\Temperature_control_box\Arduino_STM32-master_genericSTM32F103R\Release\core.a(isrs.S.o)
                0x08005104                __stm32reservedexception9
                0x08005104                __irq_sdio
                0x08005104                __irq_fsmc
                0x08005104                __exc_debug_monitor
                0x08005104                __exc_svc
                0x08005104                __irq_can_rx1
                0x08005104                __irq_spi2
                0x08005104                __irq_can_sce
                0x08005104                __irq_pvd
                0x08005104                __irq_tamper
                0x08005104                __default_handler
                0x08005104                __irq_wwdg
                0x08005104                __stm32reservedexception10
                0x08005104                __irq_flash
                0x08005104                __stm32reservedexception13
                0x08005104                __irq_rtc
                0x08005104                __irq_spi1
                0x08005104                __stm32reservedexception7
                0x08005104                __irq_usb_hp_can_tx
                0x08005104                __irq_rtcalarm
                0x08005104                __irq_spi3
                0x08005104                __stm32reservedexception8
                0x08005104                __exc_pendsv
                0x08005104                __irq_usbwakeup
                0x08005104                __irq_rcc
 .text.ltoa     0x08005106       0x70 C:\Users\Administrator\AppData\Local\Temp\VMBuilds\Temperature_control_box\Arduino_STM32-master_genericSTM32F103R\Release\core.a(itoa.c.o)
                0x08005106                ltoa
 .text.itoa     0x08005176        0x4 C:\Users\Administrator\AppData\Local\Temp\VMBuilds\Temperature_control_box\Arduino_STM32-master_genericSTM32F103R\Release\core.a(itoa.c.o)
                0x08005176                itoa
 .text.ultoa    0x0800517a       0x52 C:\Users\Administrator\AppData\Local\Temp\VMBuilds\Temperature_control_box\Arduino_STM32-master_genericSTM32F103R\Release\core.a(itoa.c.o)
                0x0800517a                ultoa
 .text.utoa     0x080051cc        0x4 C:\Users\Administrator\AppData\Local\Temp\VMBuilds\Temperature_control_box\Arduino_STM32-master_genericSTM32F103R\Release\core.a(itoa.c.o)
                0x080051cc                utoa
 .text.adc_init
                0x080051d0       0x14 C:\Users\Administrator\AppData\Local\Temp\VMBuilds\Temperature_control_box\Arduino_STM32-master_genericSTM32F103R\Release\core.a(adc.c.o)
                0x080051d0                adc_init
 .text.adc_set_extsel
                0x080051e4       0x12 C:\Users\Administrator\AppData\Local\Temp\VMBuilds\Temperature_control_box\Arduino_STM32-master_genericSTM32F103R\Release\core.a(adc.c.o)
                0x080051e4                adc_set_extsel
 .text.adc_set_sample_rate
                0x080051f6       0x2a C:\Users\Administrator\AppData\Local\Temp\VMBuilds\Temperature_control_box\Arduino_STM32-master_genericSTM32F103R\Release\core.a(adc.c.o)
                0x080051f6                adc_set_sample_rate
 .text.adc_read
                0x08005220       0x20 C:\Users\Administrator\AppData\Local\Temp\VMBuilds\Temperature_control_box\Arduino_STM32-master_genericSTM32F103R\Release\core.a(adc.c.o)
                0x08005220                adc_read
 .text.__irq_adc
                0x08005240       0x54 C:\Users\Administrator\AppData\Local\Temp\VMBuilds\Temperature_control_box\Arduino_STM32-master_genericSTM32F103R\Release\core.a(adc_f1.c.o)
                0x08005240                __irq_adc
 .text.__irq_adc3
                0x08005294       0x54 C:\Users\Administrator\AppData\Local\Temp\VMBuilds\Temperature_control_box\Arduino_STM32-master_genericSTM32F103R\Release\core.a(adc_f1.c.o)
                0x08005294                __irq_adc3
 .text.adc_calibrate
                0x080052e8       0x24 C:\Users\Administrator\AppData\Local\Temp\VMBuilds\Temperature_control_box\Arduino_STM32-master_genericSTM32F103R\Release\core.a(adc_f1.c.o)
                0x080052e8                adc_calibrate
 .text.adc_set_prescaler
                0x0800530c        0x8 C:\Users\Administrator\AppData\Local\Temp\VMBuilds\Temperature_control_box\Arduino_STM32-master_genericSTM32F103R\Release\core.a(adc_f1.c.o)
                0x0800530c                adc_set_prescaler
 .text.adc_foreach
                0x08005314       0x28 C:\Users\Administrator\AppData\Local\Temp\VMBuilds\Temperature_control_box\Arduino_STM32-master_genericSTM32F103R\Release\core.a(adc_f1.c.o)
                0x08005314                adc_foreach
 .text.adc_enable_single_swstart
                0x0800533c       0x36 C:\Users\Administrator\AppData\Local\Temp\VMBuilds\Temperature_control_box\Arduino_STM32-master_genericSTM32F103R\Release\core.a(adc_f1.c.o)
                0x0800533c                adc_enable_single_swstart
 *fill*         0x08005372        0x2 
 .text.__irq_dma1_channel1
                0x08005374       0x18 C:\Users\Administrator\AppData\Local\Temp\VMBuilds\Temperature_control_box\Arduino_STM32-master_genericSTM32F103R\Release\core.a(dma_f1.c.o)
                0x08005374                __irq_dma1_channel1
 .text.__irq_dma1_channel2
                0x0800538c       0x18 C:\Users\Administrator\AppData\Local\Temp\VMBuilds\Temperature_control_box\Arduino_STM32-master_genericSTM32F103R\Release\core.a(dma_f1.c.o)
                0x0800538c                __irq_dma1_channel2
 .text.__irq_dma1_channel3
                0x080053a4       0x1c C:\Users\Administrator\AppData\Local\Temp\VMBuilds\Temperature_control_box\Arduino_STM32-master_genericSTM32F103R\Release\core.a(dma_f1.c.o)
                0x080053a4                __irq_dma1_channel3
 .text.__irq_dma1_channel4
                0x080053c0       0x1c C:\Users\Administrator\AppData\Local\Temp\VMBuilds\Temperature_control_box\Arduino_STM32-master_genericSTM32F103R\Release\core.a(dma_f1.c.o)
                0x080053c0                __irq_dma1_channel4
 .text.__irq_dma1_channel5
                0x080053dc       0x1c C:\Users\Administrator\AppData\Local\Temp\VMBuilds\Temperature_control_box\Arduino_STM32-master_genericSTM32F103R\Release\core.a(dma_f1.c.o)
                0x080053dc                __irq_dma1_channel5
 .text.__irq_dma1_channel6
                0x080053f8       0x1c C:\Users\Administrator\AppData\Local\Temp\VMBuilds\Temperature_control_box\Arduino_STM32-master_genericSTM32F103R\Release\core.a(dma_f1.c.o)
                0x080053f8                __irq_dma1_channel6
 .text.__irq_dma1_channel7
                0x08005414       0x1c C:\Users\Administrator\AppData\Local\Temp\VMBuilds\Temperature_control_box\Arduino_STM32-master_genericSTM32F103R\Release\core.a(dma_f1.c.o)
                0x08005414                __irq_dma1_channel7
 .text.__irq_dma2_channel1
                0x08005430       0x18 C:\Users\Administrator\AppData\Local\Temp\VMBuilds\Temperature_control_box\Arduino_STM32-master_genericSTM32F103R\Release\core.a(dma_f1.c.o)
                0x08005430                __irq_dma2_channel1
 .text.__irq_dma2_channel2
                0x08005448       0x18 C:\Users\Administrator\AppData\Local\Temp\VMBuilds\Temperature_control_box\Arduino_STM32-master_genericSTM32F103R\Release\core.a(dma_f1.c.o)
                0x08005448                __irq_dma2_channel2
 .text.__irq_dma2_channel3
                0x08005460       0x1c C:\Users\Administrator\AppData\Local\Temp\VMBuilds\Temperature_control_box\Arduino_STM32-master_genericSTM32F103R\Release\core.a(dma_f1.c.o)
                0x08005460                __irq_dma2_channel3
 .text.__irq_dma2_channel4_5
                0x0800547c       0x4c C:\Users\Administrator\AppData\Local\Temp\VMBuilds\Temperature_control_box\Arduino_STM32-master_genericSTM32F103R\Release\core.a(dma_f1.c.o)
                0x0800547c                __irq_dma2_channel4_5
 .text.__irq_exti0
                0x080054c8       0x20 C:\Users\Administrator\AppData\Local\Temp\VMBuilds\Temperature_control_box\Arduino_STM32-master_genericSTM32F103R\Release\core.a(exti.c.o)
                0x080054c8                __irq_exti0
 .text.__irq_exti1
                0x080054e8       0x20 C:\Users\Administrator\AppData\Local\Temp\VMBuilds\Temperature_control_box\Arduino_STM32-master_genericSTM32F103R\Release\core.a(exti.c.o)
                0x080054e8                __irq_exti1
 .text.__irq_exti2
                0x08005508       0x20 C:\Users\Administrator\AppData\Local\Temp\VMBuilds\Temperature_control_box\Arduino_STM32-master_genericSTM32F103R\Release\core.a(exti.c.o)
                0x08005508                __irq_exti2
 .text.__irq_exti3
                0x08005528       0x20 C:\Users\Administrator\AppData\Local\Temp\VMBuilds\Temperature_control_box\Arduino_STM32-master_genericSTM32F103R\Release\core.a(exti.c.o)
                0x08005528                __irq_exti3
 .text.__irq_exti4
                0x08005548       0x20 C:\Users\Administrator\AppData\Local\Temp\VMBuilds\Temperature_control_box\Arduino_STM32-master_genericSTM32F103R\Release\core.a(exti.c.o)
                0x08005548                __irq_exti4
 .text.__irq_exti9_5
                0x08005568       0x48 C:\Users\Administrator\AppData\Local\Temp\VMBuilds\Temperature_control_box\Arduino_STM32-master_genericSTM32F103R\Release\core.a(exti.c.o)
                0x08005568                __irq_exti9_5
 .text.__irq_exti15_10
                0x080055b0       0x48 C:\Users\Administrator\AppData\Local\Temp\VMBuilds\Temperature_control_box\Arduino_STM32-master_genericSTM32F103R\Release\core.a(exti.c.o)
                0x080055b0                __irq_exti15_10
 .text.flash_set_latency
                0x080055f8       0x14 C:\Users\Administrator\AppData\Local\Temp\VMBuilds\Temperature_control_box\Arduino_STM32-master_genericSTM32F103R\Release\core.a(flash.c.o)
                0x080055f8                flash_set_latency
 .text.gpio_init_all
                0x0800560c       0x30 C:\Users\Administrator\AppData\Local\Temp\VMBuilds\Temperature_control_box\Arduino_STM32-master_genericSTM32F103R\Release\core.a(gpio_f1.c.o)
                0x0800560c                gpio_init_all
 .text.gpio_set_mode
                0x0800563c       0x4e C:\Users\Administrator\AppData\Local\Temp\VMBuilds\Temperature_control_box\Arduino_STM32-master_genericSTM32F103R\Release\core.a(gpio_f1.c.o)
                0x0800563c                gpio_set_mode
 .text.afio_init
                0x0800568a       0x12 C:\Users\Administrator\AppData\Local\Temp\VMBuilds\Temperature_control_box\Arduino_STM32-master_genericSTM32F103R\Release\core.a(gpio_f1.c.o)
                0x0800568a                afio_init
 .text.__irq_i2c1_ev
                0x0800569c        0xc C:\Users\Administrator\AppData\Local\Temp\VMBuilds\Temperature_control_box\Arduino_STM32-master_genericSTM32F103R\Release\core.a(i2c_f1.c.o)
                0x0800569c                __irq_i2c1_ev
 .text.__irq_i2c2_ev
                0x080056a8        0xc C:\Users\Administrator\AppData\Local\Temp\VMBuilds\Temperature_control_box\Arduino_STM32-master_genericSTM32F103R\Release\core.a(i2c_f1.c.o)
                0x080056a8                __irq_i2c2_ev
 .text.__irq_i2c1_er
                0x080056b4        0xc C:\Users\Administrator\AppData\Local\Temp\VMBuilds\Temperature_control_box\Arduino_STM32-master_genericSTM32F103R\Release\core.a(i2c_f1.c.o)
                0x080056b4                __irq_i2c1_er
 .text.__irq_i2c2_er
                0x080056c0        0xc C:\Users\Administrator\AppData\Local\Temp\VMBuilds\Temperature_control_box\Arduino_STM32-master_genericSTM32F103R\Release\core.a(i2c_f1.c.o)
                0x080056c0                __irq_i2c2_er
 .text._i2c_irq_priority_fixup
                0x080056cc       0x1c C:\Users\Administrator\AppData\Local\Temp\VMBuilds\Temperature_control_box\Arduino_STM32-master_genericSTM32F103R\Release\core.a(i2c_f1.c.o)
                0x080056cc                _i2c_irq_priority_fixup
 .text.nvic_irq_set_priority
                0x080056e8       0x28 C:\Users\Administrator\AppData\Local\Temp\VMBuilds\Temperature_control_box\Arduino_STM32-master_genericSTM32F103R\Release\core.a(nvic.c.o)
                0x080056e8                nvic_irq_set_priority
 .text.nvic_init
                0x08005710       0x2c C:\Users\Administrator\AppData\Local\Temp\VMBuilds\Temperature_control_box\Arduino_STM32-master_genericSTM32F103R\Release\core.a(nvic.c.o)
                0x08005710                nvic_init
 .text.nvic_sys_reset
                0x0800573c       0x1c C:\Users\Administrator\AppData\Local\Temp\VMBuilds\Temperature_control_box\Arduino_STM32-master_genericSTM32F103R\Release\core.a(nvic.c.o)
                0x0800573c                nvic_sys_reset
 .text.rcc_dev_clk
                0x08005758        0xc C:\Users\Administrator\AppData\Local\Temp\VMBuilds\Temperature_control_box\Arduino_STM32-master_genericSTM32F103R\Release\core.a(rcc.c.o)
                0x08005758                rcc_dev_clk
 .text.rcc_switch_sysclk
                0x08005764       0x20 C:\Users\Administrator\AppData\Local\Temp\VMBuilds\Temperature_control_box\Arduino_STM32-master_genericSTM32F103R\Release\core.a(rcc.c.o)
                0x08005764                rcc_switch_sysclk
 .text.rcc_turn_on_clk
                0x08005784       0x18 C:\Users\Administrator\AppData\Local\Temp\VMBuilds\Temperature_control_box\Arduino_STM32-master_genericSTM32F103R\Release\core.a(rcc.c.o)
                0x08005784                rcc_turn_on_clk
 .text.rcc_turn_off_clk
                0x0800579c       0x1c C:\Users\Administrator\AppData\Local\Temp\VMBuilds\Temperature_control_box\Arduino_STM32-master_genericSTM32F103R\Release\core.a(rcc.c.o)
                0x0800579c                rcc_turn_off_clk
 .text.rcc_is_clk_ready
                0x080057b8       0x18 C:\Users\Administrator\AppData\Local\Temp\VMBuilds\Temperature_control_box\Arduino_STM32-master_genericSTM32F103R\Release\core.a(rcc.c.o)
                0x080057b8                rcc_is_clk_ready
 .text.rcc_configure_pll
                0x080057d0       0x1c C:\Users\Administrator\AppData\Local\Temp\VMBuilds\Temperature_control_box\Arduino_STM32-master_genericSTM32F103R\Release\core.a(rcc_f1.c.o)
                0x080057d0                rcc_configure_pll
 .text.rcc_clk_enable
                0x080057ec       0x30 C:\Users\Administrator\AppData\Local\Temp\VMBuilds\Temperature_control_box\Arduino_STM32-master_genericSTM32F103R\Release\core.a(rcc_f1.c.o)
                0x080057ec                rcc_clk_enable
 .text.rcc_reset_dev
                0x0800581c       0x34 C:\Users\Administrator\AppData\Local\Temp\VMBuilds\Temperature_control_box\Arduino_STM32-master_genericSTM32F103R\Release\core.a(rcc_f1.c.o)
                0x0800581c                rcc_reset_dev
 .text.rcc_set_prescaler
                0x08005850       0x20 C:\Users\Administrator\AppData\Local\Temp\VMBuilds\Temperature_control_box\Arduino_STM32-master_genericSTM32F103R\Release\core.a(rcc_f1.c.o)
                0x08005850                rcc_set_prescaler
 .text.rcc_clk_disable
                0x08005870       0x30 C:\Users\Administrator\AppData\Local\Temp\VMBuilds\Temperature_control_box\Arduino_STM32-master_genericSTM32F103R\Release\core.a(rcc_f1.c.o)
                0x08005870                rcc_clk_disable
 .text.systick_init
                0x080058a0       0x10 C:\Users\Administrator\AppData\Local\Temp\VMBuilds\Temperature_control_box\Arduino_STM32-master_genericSTM32F103R\Release\core.a(systick.c.o)
                0x080058a0                systick_init
 .text.__exc_systick
                0x080058b0       0x1c C:\Users\Administrator\AppData\Local\Temp\VMBuilds\Temperature_control_box\Arduino_STM32-master_genericSTM32F103R\Release\core.a(systick.c.o)
                0x080058b0                __exc_systick
 .text.timer_oc_set_mode
                0x080058cc       0x32 C:\Users\Administrator\AppData\Local\Temp\VMBuilds\Temperature_control_box\Arduino_STM32-master_genericSTM32F103R\Release\core.a(timer.c.o)
 .text.timer_cc_enable
                0x080058fe       0x1c C:\Users\Administrator\AppData\Local\Temp\VMBuilds\Temperature_control_box\Arduino_STM32-master_genericSTM32F103R\Release\core.a(timer.c.o)
 *fill*         0x0800591a        0x2 
 .text.timer_foreach
                0x0800591c       0x4c C:\Users\Administrator\AppData\Local\Temp\VMBuilds\Temperature_control_box\Arduino_STM32-master_genericSTM32F103R\Release\core.a(timer.c.o)
                0x0800591c                timer_foreach
 .text.timer_init
                0x08005968       0x14 C:\Users\Administrator\AppData\Local\Temp\VMBuilds\Temperature_control_box\Arduino_STM32-master_genericSTM32F103R\Release\core.a(timer.c.o)
                0x08005968                timer_init
 .text.timer_has_cc_channel
                0x0800597c       0x30 C:\Users\Administrator\AppData\Local\Temp\VMBuilds\Temperature_control_box\Arduino_STM32-master_genericSTM32F103R\Release\core.a(timer.c.o)
                0x0800597c                timer_has_cc_channel
 .text.timer_detach_interrupt
                0x080059ac       0x1e C:\Users\Administrator\AppData\Local\Temp\VMBuilds\Temperature_control_box\Arduino_STM32-master_genericSTM32F103R\Release\core.a(timer.c.o)
                0x080059ac                timer_detach_interrupt
 .text.input_capture_mode
                0x080059ca       0x1a C:\Users\Administrator\AppData\Local\Temp\VMBuilds\Temperature_control_box\Arduino_STM32-master_genericSTM32F103R\Release\core.a(timer.c.o)
                0x080059ca                input_capture_mode
 .text.timer_set_mode
                0x080059e4       0x8e C:\Users\Administrator\AppData\Local\Temp\VMBuilds\Temperature_control_box\Arduino_STM32-master_genericSTM32F103R\Release\core.a(timer.c.o)
                0x080059e4                timer_set_mode
 *fill*         0x08005a72        0x2 
 .text.__irq_tim1_brk
                0x08005a74       0x24 C:\Users\Administrator\AppData\Local\Temp\VMBuilds\Temperature_control_box\Arduino_STM32-master_genericSTM32F103R\Release\core.a(timer.c.o)
                0x08005a74                __irq_tim1_brk
 .text.__irq_tim1_up
                0x08005a98       0x24 C:\Users\Administrator\AppData\Local\Temp\VMBuilds\Temperature_control_box\Arduino_STM32-master_genericSTM32F103R\Release\core.a(timer.c.o)
                0x08005a98                __irq_tim1_up
 .text.__irq_tim1_trg_com
                0x08005abc       0x38 C:\Users\Administrator\AppData\Local\Temp\VMBuilds\Temperature_control_box\Arduino_STM32-master_genericSTM32F103R\Release\core.a(timer.c.o)
                0x08005abc                __irq_tim1_trg_com
 .text.__irq_tim1_cc
                0x08005af4       0x54 C:\Users\Administrator\AppData\Local\Temp\VMBuilds\Temperature_control_box\Arduino_STM32-master_genericSTM32F103R\Release\core.a(timer.c.o)
                0x08005af4                __irq_tim1_cc
 .text.__irq_tim2
                0x08005b48       0x70 C:\Users\Administrator\AppData\Local\Temp\VMBuilds\Temperature_control_box\Arduino_STM32-master_genericSTM32F103R\Release\core.a(timer.c.o)
                0x08005b48                __irq_tim2
 .text.__irq_tim3
                0x08005bb8       0x70 C:\Users\Administrator\AppData\Local\Temp\VMBuilds\Temperature_control_box\Arduino_STM32-master_genericSTM32F103R\Release\core.a(timer.c.o)
                0x08005bb8                __irq_tim3
 .text.__irq_tim4
                0x08005c28       0x70 C:\Users\Administrator\AppData\Local\Temp\VMBuilds\Temperature_control_box\Arduino_STM32-master_genericSTM32F103R\Release\core.a(timer.c.o)
                0x08005c28                __irq_tim4
 .text.__irq_tim5
                0x08005c98       0x70 C:\Users\Administrator\AppData\Local\Temp\VMBuilds\Temperature_control_box\Arduino_STM32-master_genericSTM32F103R\Release\core.a(timer.c.o)
                0x08005c98                __irq_tim5
 .text.__irq_tim6
                0x08005d08       0x24 C:\Users\Administrator\AppData\Local\Temp\VMBuilds\Temperature_control_box\Arduino_STM32-master_genericSTM32F103R\Release\core.a(timer.c.o)
                0x08005d08                __irq_tim6
 .text.__irq_tim7
                0x08005d2c       0x24 C:\Users\Administrator\AppData\Local\Temp\VMBuilds\Temperature_control_box\Arduino_STM32-master_genericSTM32F103R\Release\core.a(timer.c.o)
                0x08005d2c                __irq_tim7
 .text.__irq_tim8_brk
                0x08005d50       0x24 C:\Users\Administrator\AppData\Local\Temp\VMBuilds\Temperature_control_box\Arduino_STM32-master_genericSTM32F103R\Release\core.a(timer.c.o)
                0x08005d50                __irq_tim8_brk
 .text.__irq_tim8_up
                0x08005d74       0x24 C:\Users\Administrator\AppData\Local\Temp\VMBuilds\Temperature_control_box\Arduino_STM32-master_genericSTM32F103R\Release\core.a(timer.c.o)
                0x08005d74                __irq_tim8_up
 .text.__irq_tim8_trg_com
                0x08005d98       0x38 C:\Users\Administrator\AppData\Local\Temp\VMBuilds\Temperature_control_box\Arduino_STM32-master_genericSTM32F103R\Release\core.a(timer.c.o)
                0x08005d98                __irq_tim8_trg_com
 .text.__irq_tim8_cc
                0x08005dd0       0x54 C:\Users\Administrator\AppData\Local\Temp\VMBuilds\Temperature_control_box\Arduino_STM32-master_genericSTM32F103R\Release\core.a(timer.c.o)
                0x08005dd0                __irq_tim8_cc
 .text.rb_remove
                0x08005e24       0x22 C:\Users\Administrator\AppData\Local\Temp\VMBuilds\Temperature_control_box\Arduino_STM32-master_genericSTM32F103R\Release\core.a(usart_f1.c.o)
 .text.rb_push_insert
                0x08005e46       0x4a C:\Users\Administrator\AppData\Local\Temp\VMBuilds\Temperature_control_box\Arduino_STM32-master_genericSTM32F103R\Release\core.a(usart_f1.c.o)
 .text.usart_config_gpios_async
                0x08005e90       0x4a C:\Users\Administrator\AppData\Local\Temp\VMBuilds\Temperature_control_box\Arduino_STM32-master_genericSTM32F103R\Release\core.a(usart_f1.c.o)
                0x08005e90                usart_config_gpios_async
 .text.usart_set_baud_rate
                0x08005eda       0x3a C:\Users\Administrator\AppData\Local\Temp\VMBuilds\Temperature_control_box\Arduino_STM32-master_genericSTM32F103R\Release\core.a(usart_f1.c.o)
                0x08005eda                usart_set_baud_rate
 .text.__irq_usart1
                0x08005f14       0x50 C:\Users\Administrator\AppData\Local\Temp\VMBuilds\Temperature_control_box\Arduino_STM32-master_genericSTM32F103R\Release\core.a(usart_f1.c.o)
                0x08005f14                __irq_usart1
 .text.__irq_usart2
                0x08005f64       0x50 C:\Users\Administrator\AppData\Local\Temp\VMBuilds\Temperature_control_box\Arduino_STM32-master_genericSTM32F103R\Release\core.a(usart_f1.c.o)
                0x08005f64                __irq_usart2
 .text.__irq_usart3
                0x08005fb4       0x50 C:\Users\Administrator\AppData\Local\Temp\VMBuilds\Temperature_control_box\Arduino_STM32-master_genericSTM32F103R\Release\core.a(usart_f1.c.o)
                0x08005fb4                __irq_usart3
 .text.__irq_uart4
                0x08006004       0x50 C:\Users\Administrator\AppData\Local\Temp\VMBuilds\Temperature_control_box\Arduino_STM32-master_genericSTM32F103R\Release\core.a(usart_f1.c.o)
                0x08006004                __irq_uart4
 .text.__irq_uart5
                0x08006054       0x50 C:\Users\Administrator\AppData\Local\Temp\VMBuilds\Temperature_control_box\Arduino_STM32-master_genericSTM32F103R\Release\core.a(usart_f1.c.o)
                0x08006054                __irq_uart5
 .text._usart_clock_freq
                0x080060a4       0x24 C:\Users\Administrator\AppData\Local\Temp\VMBuilds\Temperature_control_box\Arduino_STM32-master_genericSTM32F103R\Release\core.a(usart_private.c.o)
                0x080060a4                _usart_clock_freq
 .text.throb    0x080060c8       0x54 C:\Users\Administrator\AppData\Local\Temp\VMBuilds\Temperature_control_box\Arduino_STM32-master_genericSTM32F103R\Release\core.a(util.c.o)
                0x080060c8                throb
 .text.__error  0x0800611c       0x14 C:\Users\Administrator\AppData\Local\Temp\VMBuilds\Temperature_control_box\Arduino_STM32-master_genericSTM32F103R\Release\core.a(util.c.o)
                0x0800611c                __error
 .text.set_rx_tx_status0
                0x08006130       0x30 C:\Users\Administrator\AppData\Local\Temp\VMBuilds\Temperature_control_box\Arduino_STM32-master_genericSTM32F103R\Release\core.a(usb.c.o)
 .text.usb_resume
                0x08006160       0xb0 C:\Users\Administrator\AppData\Local\Temp\VMBuilds\Temperature_control_box\Arduino_STM32-master_genericSTM32F103R\Release\core.a(usb.c.o)
 .text.usb_init_usblib
                0x08006210       0x48 C:\Users\Administrator\AppData\Local\Temp\VMBuilds\Temperature_control_box\Arduino_STM32-master_genericSTM32F103R\Release\core.a(usb.c.o)
                0x08006210                usb_init_usblib
 .text.__irq_usb_lp_can_rx0
                0x08006258      0x18c C:\Users\Administrator\AppData\Local\Temp\VMBuilds\Temperature_control_box\Arduino_STM32-master_genericSTM32F103R\Release\core.a(usb.c.o)
                0x08006258                __irq_usb_lp_can_rx0
 .text.usb_set_ep_rx_stat
                0x080063e4       0x22 C:\Users\Administrator\AppData\Local\Temp\VMBuilds\Temperature_control_box\Arduino_STM32-master_genericSTM32F103R\Release\core.a(usb_cdcacm.c.o)
 *fill*         0x08006406        0x2 
 .text.vcomGetSetLineCoding
                0x08006408       0x18 C:\Users\Administrator\AppData\Local\Temp\VMBuilds\Temperature_control_box\Arduino_STM32-master_genericSTM32F103R\Release\core.a(usb_cdcacm.c.o)
 .text.usbInit  0x08006420       0x44 C:\Users\Administrator\AppData\Local\Temp\VMBuilds\Temperature_control_box\Arduino_STM32-master_genericSTM32F103R\Release\core.a(usb_cdcacm.c.o)
 .text.usbNoDataSetup
                0x08006464       0x50 C:\Users\Administrator\AppData\Local\Temp\VMBuilds\Temperature_control_box\Arduino_STM32-master_genericSTM32F103R\Release\core.a(usb_cdcacm.c.o)
 .text.usbGetInterfaceSetting
                0x080064b4       0x10 C:\Users\Administrator\AppData\Local\Temp\VMBuilds\Temperature_control_box\Arduino_STM32-master_genericSTM32F103R\Release\core.a(usb_cdcacm.c.o)
 .text.usbSetConfiguration
                0x080064c4       0x1c C:\Users\Administrator\AppData\Local\Temp\VMBuilds\Temperature_control_box\Arduino_STM32-master_genericSTM32F103R\Release\core.a(usb_cdcacm.c.o)
 .text.usbSetDeviceAddress
                0x080064e0       0x10 C:\Users\Administrator\AppData\Local\Temp\VMBuilds\Temperature_control_box\Arduino_STM32-master_genericSTM32F103R\Release\core.a(usb_cdcacm.c.o)
 .text.usbGetStringDescriptor
                0x080064f0       0x20 C:\Users\Administrator\AppData\Local\Temp\VMBuilds\Temperature_control_box\Arduino_STM32-master_genericSTM32F103R\Release\core.a(usb_cdcacm.c.o)
 .text.usbGetConfigDescriptor
                0x08006510        0xc C:\Users\Administrator\AppData\Local\Temp\VMBuilds\Temperature_control_box\Arduino_STM32-master_genericSTM32F103R\Release\core.a(usb_cdcacm.c.o)
 .text.usbGetDeviceDescriptor
                0x0800651c        0xc C:\Users\Administrator\AppData\Local\Temp\VMBuilds\Temperature_control_box\Arduino_STM32-master_genericSTM32F103R\Release\core.a(usb_cdcacm.c.o)
 .text.usbDataSetup
                0x08006528       0x54 C:\Users\Administrator\AppData\Local\Temp\VMBuilds\Temperature_control_box\Arduino_STM32-master_genericSTM32F103R\Release\core.a(usb_cdcacm.c.o)
 .text.vcomDataRxCb
                0x0800657c       0x8c C:\Users\Administrator\AppData\Local\Temp\VMBuilds\Temperature_control_box\Arduino_STM32-master_genericSTM32F103R\Release\core.a(usb_cdcacm.c.o)
 .text.vcomDataTxCb
                0x08006608       0xa0 C:\Users\Administrator\AppData\Local\Temp\VMBuilds\Temperature_control_box\Arduino_STM32-master_genericSTM32F103R\Release\core.a(usb_cdcacm.c.o)
 .text.usb_cdcacm_tx.part.2
                0x080066a8       0x54 C:\Users\Administrator\AppData\Local\Temp\VMBuilds\Temperature_control_box\Arduino_STM32-master_genericSTM32F103R\Release\core.a(usb_cdcacm.c.o)
 .text.usbReset
                0x080066fc      0x15c C:\Users\Administrator\AppData\Local\Temp\VMBuilds\Temperature_control_box\Arduino_STM32-master_genericSTM32F103R\Release\core.a(usb_cdcacm.c.o)
 .text.usb_cdcacm_set_hooks
                0x08006858       0x1c C:\Users\Administrator\AppData\Local\Temp\VMBuilds\Temperature_control_box\Arduino_STM32-master_genericSTM32F103R\Release\core.a(usb_cdcacm.c.o)
                0x08006858                usb_cdcacm_set_hooks
 .text.usb_cdcacm_enable
                0x08006874       0x34 C:\Users\Administrator\AppData\Local\Temp\VMBuilds\Temperature_control_box\Arduino_STM32-master_genericSTM32F103R\Release\core.a(usb_cdcacm.c.o)
                0x08006874                usb_cdcacm_enable
 .text.usb_cdcacm_tx
                0x080068a8        0xa C:\Users\Administrator\AppData\Local\Temp\VMBuilds\Temperature_control_box\Arduino_STM32-master_genericSTM32F103R\Release\core.a(usb_cdcacm.c.o)
                0x080068a8                usb_cdcacm_tx
 *fill*         0x080068b2        0x2 
 .text.usb_cdcacm_data_available
                0x080068b4       0x18 C:\Users\Administrator\AppData\Local\Temp\VMBuilds\Temperature_control_box\Arduino_STM32-master_genericSTM32F103R\Release\core.a(usb_cdcacm.c.o)
                0x080068b4                usb_cdcacm_data_available
 .text.usb_cdcacm_peek
                0x080068cc       0x38 C:\Users\Administrator\AppData\Local\Temp\VMBuilds\Temperature_control_box\Arduino_STM32-master_genericSTM32F103R\Release\core.a(usb_cdcacm.c.o)
                0x080068cc                usb_cdcacm_peek
 .text.usb_cdcacm_rx
                0x08006904       0x34 C:\Users\Administrator\AppData\Local\Temp\VMBuilds\Temperature_control_box\Arduino_STM32-master_genericSTM32F103R\Release\core.a(usb_cdcacm.c.o)
                0x08006904                usb_cdcacm_rx
 .text.usb_cdcacm_peek_ex
                0x08006938       0x40 C:\Users\Administrator\AppData\Local\Temp\VMBuilds\Temperature_control_box\Arduino_STM32-master_genericSTM32F103R\Release\core.a(usb_cdcacm.c.o)
                0x08006938                usb_cdcacm_peek_ex
 .text.usb_cdcacm_get_dtr
                0x08006978       0x10 C:\Users\Administrator\AppData\Local\Temp\VMBuilds\Temperature_control_box\Arduino_STM32-master_genericSTM32F103R\Release\core.a(usb_cdcacm.c.o)
                0x08006978                usb_cdcacm_get_dtr
 .text.usb_set_ep_rx_count
                0x08006988       0x40 C:\Users\Administrator\AppData\Local\Temp\VMBuilds\Temperature_control_box\Arduino_STM32-master_genericSTM32F103R\Release\core.a(usb_reg_map.c.o)
                0x08006988                usb_set_ep_rx_count
 .text.Standard_GetConfiguration
                0x080069c8       0x24 C:\Users\Administrator\AppData\Local\Temp\VMBuilds\Temperature_control_box\Arduino_STM32-master_genericSTM32F103R\Release\core.a(usb_core.c.o)
                0x080069c8                Standard_GetConfiguration
 .text.Standard_GetInterface
                0x080069ec       0x24 C:\Users\Administrator\AppData\Local\Temp\VMBuilds\Temperature_control_box\Arduino_STM32-master_genericSTM32F103R\Release\core.a(usb_core.c.o)
                0x080069ec                Standard_GetInterface
 .text.Standard_GetStatus
                0x08006a10       0x88 C:\Users\Administrator\AppData\Local\Temp\VMBuilds\Temperature_control_box\Arduino_STM32-master_genericSTM32F103R\Release\core.a(usb_core.c.o)
                0x08006a10                Standard_GetStatus
 .text.DataStageIn
                0x08006a98       0xac C:\Users\Administrator\AppData\Local\Temp\VMBuilds\Temperature_control_box\Arduino_STM32-master_genericSTM32F103R\Release\core.a(usb_core.c.o)
 .text.Standard_SetConfiguration
                0x08006b44       0x38 C:\Users\Administrator\AppData\Local\Temp\VMBuilds\Temperature_control_box\Arduino_STM32-master_genericSTM32F103R\Release\core.a(usb_core.c.o)
                0x08006b44                Standard_SetConfiguration
 .text.Standard_SetInterface
                0x08006b7c       0x4c C:\Users\Administrator\AppData\Local\Temp\VMBuilds\Temperature_control_box\Arduino_STM32-master_genericSTM32F103R\Release\core.a(usb_core.c.o)
                0x08006b7c                Standard_SetInterface
 .text.Standard_ClearFeature
                0x08006bc8       0xc4 C:\Users\Administrator\AppData\Local\Temp\VMBuilds\Temperature_control_box\Arduino_STM32-master_genericSTM32F103R\Release\core.a(usb_core.c.o)
                0x08006bc8                Standard_ClearFeature
 .text.Standard_SetEndPointFeature
                0x08006c8c       0x7c C:\Users\Administrator\AppData\Local\Temp\VMBuilds\Temperature_control_box\Arduino_STM32-master_genericSTM32F103R\Release\core.a(usb_core.c.o)
                0x08006c8c                Standard_SetEndPointFeature
 .text.Standard_SetDeviceFeature
                0x08006d08       0x24 C:\Users\Administrator\AppData\Local\Temp\VMBuilds\Temperature_control_box\Arduino_STM32-master_genericSTM32F103R\Release\core.a(usb_core.c.o)
                0x08006d08                Standard_SetDeviceFeature
 .text.Standard_GetDescriptorData
                0x08006d2c       0x1c C:\Users\Administrator\AppData\Local\Temp\VMBuilds\Temperature_control_box\Arduino_STM32-master_genericSTM32F103R\Release\core.a(usb_core.c.o)
                0x08006d2c                Standard_GetDescriptorData
 .text.Post0_Process
                0x08006d48       0x40 C:\Users\Administrator\AppData\Local\Temp\VMBuilds\Temperature_control_box\Arduino_STM32-master_genericSTM32F103R\Release\core.a(usb_core.c.o)
                0x08006d48                Post0_Process
 .text.Setup0_Process
                0x08006d88      0x2b8 C:\Users\Administrator\AppData\Local\Temp\VMBuilds\Temperature_control_box\Arduino_STM32-master_genericSTM32F103R\Release\core.a(usb_core.c.o)
                0x08006d88                Setup0_Process
 .text.Out0_Process
                0x08007040       0xc0 C:\Users\Administrator\AppData\Local\Temp\VMBuilds\Temperature_control_box\Arduino_STM32-master_genericSTM32F103R\Release\core.a(usb_core.c.o)
                0x08007040                Out0_Process
 .text.SetDeviceAddress
                0x08007100       0x38 C:\Users\Administrator\AppData\Local\Temp\VMBuilds\Temperature_control_box\Arduino_STM32-master_genericSTM32F103R\Release\core.a(usb_core.c.o)
                0x08007100                SetDeviceAddress
 .text.In0_Process
                0x08007138       0x5c C:\Users\Administrator\AppData\Local\Temp\VMBuilds\Temperature_control_box\Arduino_STM32-master_genericSTM32F103R\Release\core.a(usb_core.c.o)
                0x08007138                In0_Process
 .text.NOP_Process
                0x08007194        0x2 C:\Users\Administrator\AppData\Local\Temp\VMBuilds\Temperature_control_box\Arduino_STM32-master_genericSTM32F103R\Release\core.a(usb_core.c.o)
                0x08007194                NOP_Process
 .text.UserToPMABufferCopy
                0x08007196       0x1e C:\Users\Administrator\AppData\Local\Temp\VMBuilds\Temperature_control_box\Arduino_STM32-master_genericSTM32F103R\Release\core.a(usb_mem.c.o)
                0x08007196                UserToPMABufferCopy
 .text.PMAToUserBufferCopy
                0x080071b4       0x24 C:\Users\Administrator\AppData\Local\Temp\VMBuilds\Temperature_control_box\Arduino_STM32-master_genericSTM32F103R\Release\core.a(usb_mem.c.o)
                0x080071b4                PMAToUserBufferCopy
 .text.SetEPTxStatus
                0x080071d8       0x2a C:\Users\Administrator\AppData\Local\Temp\VMBuilds\Temperature_control_box\Arduino_STM32-master_genericSTM32F103R\Release\core.a(usb_regs.c.o)
                0x080071d8                SetEPTxStatus
 .text.ClearDTOG_RX
                0x08007202       0x26 C:\Users\Administrator\AppData\Local\Temp\VMBuilds\Temperature_control_box\Arduino_STM32-master_genericSTM32F103R\Release\core.a(usb_regs.c.o)
                0x08007202                ClearDTOG_RX
 .text.ClearDTOG_TX
                0x08007228       0x26 C:\Users\Administrator\AppData\Local\Temp\VMBuilds\Temperature_control_box\Arduino_STM32-master_genericSTM32F103R\Release\core.a(usb_regs.c.o)
                0x08007228                ClearDTOG_TX
 *fill*         0x0800724e        0x2 
 .text.GetEPTxAddr
                0x08007250       0x1c C:\Users\Administrator\AppData\Local\Temp\VMBuilds\Temperature_control_box\Arduino_STM32-master_genericSTM32F103R\Release\core.a(usb_regs.c.o)
                0x08007250                GetEPTxAddr
 .text.GetEPRxAddr
                0x0800726c       0x1c C:\Users\Administrator\AppData\Local\Temp\VMBuilds\Temperature_control_box\Arduino_STM32-master_genericSTM32F103R\Release\core.a(usb_regs.c.o)
                0x0800726c                GetEPRxAddr
 .text.SetEPTxCount
                0x08007288       0x1c C:\Users\Administrator\AppData\Local\Temp\VMBuilds\Temperature_control_box\Arduino_STM32-master_genericSTM32F103R\Release\core.a(usb_regs.c.o)
                0x08007288                SetEPTxCount
 .text.SetEPRxCount
                0x080072a4       0x40 C:\Users\Administrator\AppData\Local\Temp\VMBuilds\Temperature_control_box\Arduino_STM32-master_genericSTM32F103R\Release\core.a(usb_regs.c.o)
                0x080072a4                SetEPRxCount
 .text.rb_full_count
                0x080072e4       0x18 C:\Users\Administrator\AppData\Local\Temp\VMBuilds\Temperature_control_box\Arduino_STM32-master_genericSTM32F103R\Release\core.a(HardwareSerial.cpp.o)
 .text._ZN14HardwareSerial4readEv
                0x080072fc       0x38 C:\Users\Administrator\AppData\Local\Temp\VMBuilds\Temperature_control_box\Arduino_STM32-master_genericSTM32F103R\Release\core.a(HardwareSerial.cpp.o)
                0x080072fc                HardwareSerial::read()
 .text._ZN14HardwareSerial9availableEv
                0x08007334        0xc C:\Users\Administrator\AppData\Local\Temp\VMBuilds\Temperature_control_box\Arduino_STM32-master_genericSTM32F103R\Release\core.a(HardwareSerial.cpp.o)
                0x08007334                HardwareSerial::available()
 .text._ZN14HardwareSerial4peekEv
                0x08007340       0x20 C:\Users\Administrator\AppData\Local\Temp\VMBuilds\Temperature_control_box\Arduino_STM32-master_genericSTM32F103R\Release\core.a(HardwareSerial.cpp.o)
                0x08007340                HardwareSerial::peek()
 .text._ZN14HardwareSerial5flushEv
                0x08007360       0x18 C:\Users\Administrator\AppData\Local\Temp\VMBuilds\Temperature_control_box\Arduino_STM32-master_genericSTM32F103R\Release\core.a(HardwareSerial.cpp.o)
                0x08007360                HardwareSerial::flush()
 .text._ZN14HardwareSerial5writeEh
                0x08007378       0x1e C:\Users\Administrator\AppData\Local\Temp\VMBuilds\Temperature_control_box\Arduino_STM32-master_genericSTM32F103R\Release\core.a(HardwareSerial.cpp.o)
                0x08007378                HardwareSerial::write(unsigned char)
 *fill*         0x08007396        0x2 
 .text._ZN14HardwareSerialC2EP9usart_devhh
                0x08007398       0x20 C:\Users\Administrator\AppData\Local\Temp\VMBuilds\Temperature_control_box\Arduino_STM32-master_genericSTM32F103R\Release\core.a(HardwareSerial.cpp.o)
                0x08007398                HardwareSerial::HardwareSerial(usart_dev*, unsigned char, unsigned char)
                0x08007398                HardwareSerial::HardwareSerial(usart_dev*, unsigned char, unsigned char)
 .text._ZN14HardwareSerial5beginEmh
                0x080073b8       0x68 C:\Users\Administrator\AppData\Local\Temp\VMBuilds\Temperature_control_box\Arduino_STM32-master_genericSTM32F103R\Release\core.a(HardwareSerial.cpp.o)
                0x080073b8                HardwareSerial::begin(unsigned long, unsigned char)
 .text._ZN14HardwareSerial5beginEm
                0x08007420        0x6 C:\Users\Administrator\AppData\Local\Temp\VMBuilds\Temperature_control_box\Arduino_STM32-master_genericSTM32F103R\Release\core.a(HardwareSerial.cpp.o)
                0x08007420                HardwareSerial::begin(unsigned long)
 .text.startup._Z7premainv
                0x08007426        0x4 C:\Users\Administrator\AppData\Local\Temp\VMBuilds\Temperature_control_box\Arduino_STM32-master_genericSTM32F103R\Release\core.a(main.cpp.o)
                0x08007426                premain()
 .text.startup.main
                0x0800742a        0xc C:\Users\Administrator\AppData\Local\Temp\VMBuilds\Temperature_control_box\Arduino_STM32-master_genericSTM32F103R\Release\core.a(main.cpp.o)
                0x0800742a                main
 .text._ZN5Print5writeEPKvm
                0x08007436       0x20 C:\Users\Administrator\AppData\Local\Temp\VMBuilds\Temperature_control_box\Arduino_STM32-master_genericSTM32F103R\Release\core.a(Print.cpp.o)
                0x08007436                Print::write(void const*, unsigned long)
 .text._ZN5Print5writeEPKc
                0x08007456       0x20 C:\Users\Administrator\AppData\Local\Temp\VMBuilds\Temperature_control_box\Arduino_STM32-master_genericSTM32F103R\Release\core.a(Print.cpp.o)
                0x08007456                Print::write(char const*)
 .text._ZN5Print5printERK6String
                0x08007476        0xa C:\Users\Administrator\AppData\Local\Temp\VMBuilds\Temperature_control_box\Arduino_STM32-master_genericSTM32F103R\Release\core.a(Print.cpp.o)
                0x08007476                Print::print(String const&)
 .text._ZN5Print5printEc
                0x08007480        0x6 C:\Users\Administrator\AppData\Local\Temp\VMBuilds\Temperature_control_box\Arduino_STM32-master_genericSTM32F103R\Release\core.a(Print.cpp.o)
                0x08007480                Print::print(char)
 .text._ZN5Print5printEPKc
                0x08007486        0x6 C:\Users\Administrator\AppData\Local\Temp\VMBuilds\Temperature_control_box\Arduino_STM32-master_genericSTM32F103R\Release\core.a(Print.cpp.o)
                0x08007486                Print::print(char const*)
 .text._ZN5Print7printlnEv
                0x0800748c       0x18 C:\Users\Administrator\AppData\Local\Temp\VMBuilds\Temperature_control_box\Arduino_STM32-master_genericSTM32F103R\Release\core.a(Print.cpp.o)
                0x0800748c                Print::println()
 .text._ZN5Print7printlnERK6String
                0x080074a4       0x14 C:\Users\Administrator\AppData\Local\Temp\VMBuilds\Temperature_control_box\Arduino_STM32-master_genericSTM32F103R\Release\core.a(Print.cpp.o)
                0x080074a4                Print::println(String const&)
 .text._ZN5Print7printlnEPKc
                0x080074b8       0x14 C:\Users\Administrator\AppData\Local\Temp\VMBuilds\Temperature_control_box\Arduino_STM32-master_genericSTM32F103R\Release\core.a(Print.cpp.o)
                0x080074b8                Print::println(char const*)
 .text._ZN5Print11printNumberEyh
                0x080074cc       0x6c C:\Users\Administrator\AppData\Local\Temp\VMBuilds\Temperature_control_box\Arduino_STM32-master_genericSTM32F103R\Release\core.a(Print.cpp.o)
                0x080074cc                Print::printNumber(unsigned long long, unsigned char)
 .text._ZN5Print5printExi
                0x08007538       0x32 C:\Users\Administrator\AppData\Local\Temp\VMBuilds\Temperature_control_box\Arduino_STM32-master_genericSTM32F103R\Release\core.a(Print.cpp.o)
                0x08007538                Print::print(long long, int)
 .text._ZN5Print5printEii
                0x0800756a       0x12 C:\Users\Administrator\AppData\Local\Temp\VMBuilds\Temperature_control_box\Arduino_STM32-master_genericSTM32F103R\Release\core.a(Print.cpp.o)
                0x0800756a                Print::print(int, int)
 .text._ZN5Print7printlnEii
                0x0800757c       0x14 C:\Users\Administrator\AppData\Local\Temp\VMBuilds\Temperature_control_box\Arduino_STM32-master_genericSTM32F103R\Release\core.a(Print.cpp.o)
                0x0800757c                Print::println(int, int)
 .text._ZN9USBSerial9availableEv
                0x08007590        0x4 C:\Users\Administrator\AppData\Local\Temp\VMBuilds\Temperature_control_box\Arduino_STM32-master_genericSTM32F103R\Release\core.a(usb_serial.cpp.o)
                0x08007590                USBSerial::available()
 .text._ZN9USBSerial4peekEv
                0x08007594       0x1e C:\Users\Administrator\AppData\Local\Temp\VMBuilds\Temperature_control_box\Arduino_STM32-master_genericSTM32F103R\Release\core.a(usb_serial.cpp.o)
                0x08007594                USBSerial::peek()
 .text._ZN9USBSerial4readEv
                0x080075b2       0x1e C:\Users\Administrator\AppData\Local\Temp\VMBuilds\Temperature_control_box\Arduino_STM32-master_genericSTM32F103R\Release\core.a(usb_serial.cpp.o)
                0x080075b2                USBSerial::read()
 .text._ZL14ifaceSetupHookjPv
                0x080075d0       0x38 C:\Users\Administrator\AppData\Local\Temp\VMBuilds\Temperature_control_box\Arduino_STM32-master_genericSTM32F103R\Release\core.a(usb_serial.cpp.o)
 .text._ZL6rxHookjPv
                0x08007608       0xa0 C:\Users\Administrator\AppData\Local\Temp\VMBuilds\Temperature_control_box\Arduino_STM32-master_genericSTM32F103R\Release\core.a(usb_serial.cpp.o)
 .text._ZL10wait_resetv
                0x080076a8       0x10 C:\Users\Administrator\AppData\Local\Temp\VMBuilds\Temperature_control_box\Arduino_STM32-master_genericSTM32F103R\Release\core.a(usb_serial.cpp.o)
 .text._ZN9USBSerial5beginEv
                0x080076b8       0x3c C:\Users\Administrator\AppData\Local\Temp\VMBuilds\Temperature_control_box\Arduino_STM32-master_genericSTM32F103R\Release\core.a(usb_serial.cpp.o)
                0x080076b8                USBSerial::begin()
 .text._ZN9USBSerial5beginEm
                0x080076f4        0xc C:\Users\Administrator\AppData\Local\Temp\VMBuilds\Temperature_control_box\Arduino_STM32-master_genericSTM32F103R\Release\core.a(usb_serial.cpp.o)
                0x080076f4                USBSerial::begin(unsigned long)
 .text._ZN9USBSerial5writeEPKhm
                0x08007700       0x44 C:\Users\Administrator\AppData\Local\Temp\VMBuilds\Temperature_control_box\Arduino_STM32-master_genericSTM32F103R\Release\core.a(usb_serial.cpp.o)
                0x08007700                USBSerial::write(unsigned char const*, unsigned long)
 .text._ZN9USBSerial5writeEh
                0x08007744       0x16 C:\Users\Administrator\AppData\Local\Temp\VMBuilds\Temperature_control_box\Arduino_STM32-master_genericSTM32F103R\Release\core.a(usb_serial.cpp.o)
                0x08007744                USBSerial::write(unsigned char)
 .text._ZN9USBSerial5writeEPKc
                0x0800775a       0x1a C:\Users\Administrator\AppData\Local\Temp\VMBuilds\Temperature_control_box\Arduino_STM32-master_genericSTM32F103R\Release\core.a(usb_serial.cpp.o)
                0x0800775a                USBSerial::write(char const*)
 .text._ZN9USBSerial4readEPhm
                0x08007774       0x1c C:\Users\Administrator\AppData\Local\Temp\VMBuilds\Temperature_control_box\Arduino_STM32-master_genericSTM32F103R\Release\core.a(usb_serial.cpp.o)
                0x08007774                USBSerial::read(unsigned char*, unsigned long)
 .text._ZN9USBSerial5flushEv
                0x08007790       0x1c C:\Users\Administrator\AppData\Local\Temp\VMBuilds\Temperature_control_box\Arduino_STM32-master_genericSTM32F103R\Release\core.a(usb_serial.cpp.o)
                0x08007790                USBSerial::flush()
 .text.startup._GLOBAL__sub_I__ZN9USBSerial9_hasBegunE
                0x080077ac       0x1c C:\Users\Administrator\AppData\Local\Temp\VMBuilds\Temperature_control_box\Arduino_STM32-master_genericSTM32F103R\Release\core.a(usb_serial.cpp.o)
 .text._Z10analogReadh
                0x080077c8       0x18 C:\Users\Administrator\AppData\Local\Temp\VMBuilds\Temperature_control_box\Arduino_STM32-master_genericSTM32F103R\Release\core.a(wirish_analog.cpp.o)
                0x080077c8                analogRead(unsigned char)
 .text._Z11digitalReadh
                0x080077e0       0x28 C:\Users\Administrator\AppData\Local\Temp\VMBuilds\Temperature_control_box\Arduino_STM32-master_genericSTM32F103R\Release\core.a(wirish_digital.cpp.o)
                0x080077e0                digitalRead(unsigned char)
 .text._Z12digitalWritehh
                0x08007808       0x2c C:\Users\Administrator\AppData\Local\Temp\VMBuilds\Temperature_control_box\Arduino_STM32-master_genericSTM32F103R\Release\core.a(wirish_digital.cpp.o)
                0x08007808                digitalWrite(unsigned char, unsigned char)
 .text._ZL6microsv
                0x08007834       0x34 C:\Users\Administrator\AppData\Local\Temp\VMBuilds\Temperature_control_box\Arduino_STM32-master_genericSTM32F103R\Release\core.a(wirish_time.cpp.o)
 .text._Z5delaym
                0x08007868       0x26 C:\Users\Administrator\AppData\Local\Temp\VMBuilds\Temperature_control_box\Arduino_STM32-master_genericSTM32F103R\Release\core.a(wirish_time.cpp.o)
                0x08007868                delay(unsigned long)
 .text._ZN6StringD2Ev
                0x0800788e        0xe C:\Users\Administrator\AppData\Local\Temp\VMBuilds\Temperature_control_box\Arduino_STM32-master_genericSTM32F103R\Release\core.a(WString.cpp.o)
                0x0800788e                String::~String()
                0x0800788e                String::~String()
 .text._ZN6String10invalidateEv
                0x0800789c       0x16 C:\Users\Administrator\AppData\Local\Temp\VMBuilds\Temperature_control_box\Arduino_STM32-master_genericSTM32F103R\Release\core.a(WString.cpp.o)
                0x0800789c                String::invalidate()
 .text._ZN6String12changeBufferEj
                0x080078b2       0x18 C:\Users\Administrator\AppData\Local\Temp\VMBuilds\Temperature_control_box\Arduino_STM32-master_genericSTM32F103R\Release\core.a(WString.cpp.o)
                0x080078b2                String::changeBuffer(unsigned int)
 .text._ZN6String7reserveEj
                0x080078ca       0x28 C:\Users\Administrator\AppData\Local\Temp\VMBuilds\Temperature_control_box\Arduino_STM32-master_genericSTM32F103R\Release\core.a(WString.cpp.o)
                0x080078ca                String::reserve(unsigned int)
 .text._ZN6String4copyEPKcj
                0x080078f2       0x26 C:\Users\Administrator\AppData\Local\Temp\VMBuilds\Temperature_control_box\Arduino_STM32-master_genericSTM32F103R\Release\core.a(WString.cpp.o)
                0x080078f2                String::copy(char const*, unsigned int)
 .text._ZN6StringC2EPKc
                0x08007918       0x24 C:\Users\Administrator\AppData\Local\Temp\VMBuilds\Temperature_control_box\Arduino_STM32-master_genericSTM32F103R\Release\core.a(WString.cpp.o)
                0x08007918                String::String(char const*)
                0x08007918                String::String(char const*)
 .text._ZN6StringaSEPKc.part.3
                0x0800793c       0x1a C:\Users\Administrator\AppData\Local\Temp\VMBuilds\Temperature_control_box\Arduino_STM32-master_genericSTM32F103R\Release\core.a(WString.cpp.o)
 .text._ZN6StringC2Ehh
                0x08007956       0x22 C:\Users\Administrator\AppData\Local\Temp\VMBuilds\Temperature_control_box\Arduino_STM32-master_genericSTM32F103R\Release\core.a(WString.cpp.o)
                0x08007956                String::String(unsigned char, unsigned char)
                0x08007956                String::String(unsigned char, unsigned char)
 .text._ZN6StringC2Eih
                0x08007978       0x24 C:\Users\Administrator\AppData\Local\Temp\VMBuilds\Temperature_control_box\Arduino_STM32-master_genericSTM32F103R\Release\core.a(WString.cpp.o)
                0x08007978                String::String(int, unsigned char)
                0x08007978                String::String(int, unsigned char)
 .text._ZN6StringC2Elh
                0x0800799c       0x24 C:\Users\Administrator\AppData\Local\Temp\VMBuilds\Temperature_control_box\Arduino_STM32-master_genericSTM32F103R\Release\core.a(WString.cpp.o)
                0x0800799c                String::String(long, unsigned char)
                0x0800799c                String::String(long, unsigned char)
 .text._ZN6String4moveERS_
                0x080079c0       0x3c C:\Users\Administrator\AppData\Local\Temp\VMBuilds\Temperature_control_box\Arduino_STM32-master_genericSTM32F103R\Release\core.a(WString.cpp.o)
                0x080079c0                String::move(String&)
 .text._ZN6StringaSERKS_
                0x080079fc       0x1e C:\Users\Administrator\AppData\Local\Temp\VMBuilds\Temperature_control_box\Arduino_STM32-master_genericSTM32F103R\Release\core.a(WString.cpp.o)
                0x080079fc                String::operator=(String const&)
 .text._ZN6StringC2ERKS_
                0x08007a1a       0x14 C:\Users\Administrator\AppData\Local\Temp\VMBuilds\Temperature_control_box\Arduino_STM32-master_genericSTM32F103R\Release\core.a(WString.cpp.o)
                0x08007a1a                String::String(String const&)
                0x08007a1a                String::String(String const&)
 .text._ZN6StringaSEOS_
                0x08007a2e       0x10 C:\Users\Administrator\AppData\Local\Temp\VMBuilds\Temperature_control_box\Arduino_STM32-master_genericSTM32F103R\Release\core.a(WString.cpp.o)
                0x08007a2e                String::operator=(String&&)
 .text._ZN6StringaSEPKc
                0x08007a3e       0x14 C:\Users\Administrator\AppData\Local\Temp\VMBuilds\Temperature_control_box\Arduino_STM32-master_genericSTM32F103R\Release\core.a(WString.cpp.o)
                0x08007a3e                String::operator=(char const*)
 .text._ZN6StringC2Efh
                0x08007a52       0x34 C:\Users\Administrator\AppData\Local\Temp\VMBuilds\Temperature_control_box\Arduino_STM32-master_genericSTM32F103R\Release\core.a(WString.cpp.o)
                0x08007a52                String::String(float, unsigned char)
                0x08007a52                String::String(float, unsigned char)
 .text._ZN6String6concatEPKcj
                0x08007a86       0x2e C:\Users\Administrator\AppData\Local\Temp\VMBuilds\Temperature_control_box\Arduino_STM32-master_genericSTM32F103R\Release\core.a(WString.cpp.o)
                0x08007a86                String::concat(char const*, unsigned int)
 .text._ZN6String6concatEf
                0x08007ab4       0x2c C:\Users\Administrator\AppData\Local\Temp\VMBuilds\Temperature_control_box\Arduino_STM32-master_genericSTM32F103R\Release\core.a(WString.cpp.o)
                0x08007ab4                String::concat(float)
 .text._ZplRK15StringSumHelperRK6String
                0x08007ae0       0x18 C:\Users\Administrator\AppData\Local\Temp\VMBuilds\Temperature_control_box\Arduino_STM32-master_genericSTM32F103R\Release\core.a(WString.cpp.o)
                0x08007ae0                operator+(StringSumHelper const&, String const&)
 .text._ZplRK15StringSumHelperf
                0x08007af8       0x14 C:\Users\Administrator\AppData\Local\Temp\VMBuilds\Temperature_control_box\Arduino_STM32-master_genericSTM32F103R\Release\core.a(WString.cpp.o)
                0x08007af8                operator+(StringSumHelper const&, float)
 .text._ZNK6String9compareToERKS_
                0x08007b0c       0x2a C:\Users\Administrator\AppData\Local\Temp\VMBuilds\Temperature_control_box\Arduino_STM32-master_genericSTM32F103R\Release\core.a(WString.cpp.o)
                0x08007b0c                String::compareTo(String const&) const
 .text._ZNK6String6equalsERKS_
                0x08007b36       0x1a C:\Users\Administrator\AppData\Local\Temp\VMBuilds\Temperature_control_box\Arduino_STM32-master_genericSTM32F103R\Release\core.a(WString.cpp.o)
                0x08007b36                String::equals(String const&) const
 .text._ZNK6String10startsWithERKS_j
                0x08007b50       0x2c C:\Users\Administrator\AppData\Local\Temp\VMBuilds\Temperature_control_box\Arduino_STM32-master_genericSTM32F103R\Release\core.a(WString.cpp.o)
                0x08007b50                String::startsWith(String const&, unsigned int) const
 .text._ZNK6String10startsWithERKS_
                0x08007b7c       0x12 C:\Users\Administrator\AppData\Local\Temp\VMBuilds\Temperature_control_box\Arduino_STM32-master_genericSTM32F103R\Release\core.a(WString.cpp.o)
                0x08007b7c                String::startsWith(String const&) const
 .text._ZNK6String8getBytesEPhjj
                0x08007b8e       0x30 C:\Users\Administrator\AppData\Local\Temp\VMBuilds\Temperature_control_box\Arduino_STM32-master_genericSTM32F103R\Release\core.a(WString.cpp.o)
                0x08007b8e                String::getBytes(unsigned char*, unsigned int, unsigned int) const
 *fill*         0x08007bbe        0x2 
 .text._ZNK6String9substringEjj
                0x08007bc0       0x4c C:\Users\Administrator\AppData\Local\Temp\VMBuilds\Temperature_control_box\Arduino_STM32-master_genericSTM32F103R\Release\core.a(WString.cpp.o)
                0x08007bc0                String::substring(unsigned int, unsigned int) const
 .text._ZN6String6removeEjj
                0x08007c0c       0x32 C:\Users\Administrator\AppData\Local\Temp\VMBuilds\Temperature_control_box\Arduino_STM32-master_genericSTM32F103R\Release\core.a(WString.cpp.o)
                0x08007c0c                String::remove(unsigned int, unsigned int)
 .text._ZNK6String5toIntEv
                0x08007c3e        0xa C:\Users\Administrator\AppData\Local\Temp\VMBuilds\Temperature_control_box\Arduino_STM32-master_genericSTM32F103R\Release\core.a(WString.cpp.o)
                0x08007c3e                String::toInt() const
 .text._Z7pinModeh13WiringPinMode
                0x08007c48       0x84 C:\Users\Administrator\AppData\Local\Temp\VMBuilds\Temperature_control_box\Arduino_STM32-master_genericSTM32F103R\Release\core.a(wirish_digital_f1.cpp.o)
                0x08007c48                pinMode(unsigned char, WiringPinMode)
 .text.__empty  0x08007ccc        0x2 C:\Users\Administrator\AppData\Local\Temp\VMBuilds\Temperature_control_box\Arduino_STM32-master_genericSTM32F103R\Release\core.a(hooks.c.o)
                0x08007ccc                yield
 *fill*         0x08007cce        0x2 
 .text.dtostrf  0x08007cd0       0x28 C:\Users\Administrator\AppData\Local\Temp\VMBuilds\Temperature_control_box\Arduino_STM32-master_genericSTM32F103R\Release\core.a(dtostrf.c.o)
                0x08007cd0                dtostrf
 .text.data_register
                0x08007cf8       0x28 C:\Users\Administrator\AppData\Local\Temp\VMBuilds\Temperature_control_box\Arduino_STM32-master_genericSTM32F103R\Release\core.a(bkp_f1.c.o)
 .text.bkp_init
                0x08007d20       0x18 C:\Users\Administrator\AppData\Local\Temp\VMBuilds\Temperature_control_box\Arduino_STM32-master_genericSTM32F103R\Release\core.a(bkp_f1.c.o)
                0x08007d20                bkp_init
 .text.bkp_enable_writes
                0x08007d38        0xc C:\Users\Administrator\AppData\Local\Temp\VMBuilds\Temperature_control_box\Arduino_STM32-master_genericSTM32F103R\Release\core.a(bkp_f1.c.o)
                0x08007d38                bkp_enable_writes
 .text.bkp_disable_writes
                0x08007d44        0xc C:\Users\Administrator\AppData\Local\Temp\VMBuilds\Temperature_control_box\Arduino_STM32-master_genericSTM32F103R\Release\core.a(bkp_f1.c.o)
                0x08007d44                bkp_disable_writes
 .text.bkp_write
                0x08007d50        0xc C:\Users\Administrator\AppData\Local\Temp\VMBuilds\Temperature_control_box\Arduino_STM32-master_genericSTM32F103R\Release\core.a(bkp_f1.c.o)
                0x08007d50                bkp_write
 .text.gpio_init
                0x08007d5c       0x14 C:\Users\Administrator\AppData\Local\Temp\VMBuilds\Temperature_control_box\Arduino_STM32-master_genericSTM32F103R\Release\core.a(gpio.c.o)
                0x08007d5c                gpio_init
 .text.i2c_start_condition
                0x08007d70       0x14 C:\Users\Administrator\AppData\Local\Temp\VMBuilds\Temperature_control_box\Arduino_STM32-master_genericSTM32F103R\Release\core.a(i2c.c.o)
 .text.i2c_stop_condition
                0x08007d84       0x1c C:\Users\Administrator\AppData\Local\Temp\VMBuilds\Temperature_control_box\Arduino_STM32-master_genericSTM32F103R\Release\core.a(i2c.c.o)
 .text._i2c_irq_handler
                0x08007da0      0x170 C:\Users\Administrator\AppData\Local\Temp\VMBuilds\Temperature_control_box\Arduino_STM32-master_genericSTM32F103R\Release\core.a(i2c.c.o)
                0x08007da0                _i2c_irq_handler
 .text._i2c_irq_error_handler
                0x08007f10       0x28 C:\Users\Administrator\AppData\Local\Temp\VMBuilds\Temperature_control_box\Arduino_STM32-master_genericSTM32F103R\Release\core.a(i2c.c.o)
                0x08007f10                _i2c_irq_error_handler
 .text.usart_init
                0x08007f38       0x4c C:\Users\Administrator\AppData\Local\Temp\VMBuilds\Temperature_control_box\Arduino_STM32-master_genericSTM32F103R\Release\core.a(usart.c.o)
                0x08007f38                usart_init
 .text.usart_enable
                0x08007f84       0x14 C:\Users\Administrator\AppData\Local\Temp\VMBuilds\Temperature_control_box\Arduino_STM32-master_genericSTM32F103R\Release\core.a(usart.c.o)
                0x08007f84                usart_enable
 .text.usart_tx
                0x08007f98       0x8e C:\Users\Administrator\AppData\Local\Temp\VMBuilds\Temperature_control_box\Arduino_STM32-master_genericSTM32F103R\Release\core.a(usart.c.o)
                0x08007f98                usart_tx
 *fill*         0x08008026        0x2 
 .text.__aeabi_atexit
                0x08008028        0xc c:/users/administrator/appdata/local/arduino15/packages/arduino/tools/arm-none-eabi-gcc/7-2017q4/bin/../lib/gcc/arm-none-eabi/7.2.1/../../../../arm-none-eabi/lib/thumb/v7-m\libstdc++.a(atexit_arm.o)
                0x08008028                __aeabi_atexit
 .text          0x08008034      0x378 c:/users/administrator/appdata/local/arduino15/packages/arduino/tools/arm-none-eabi-gcc/7-2017q4/bin/../lib/gcc/arm-none-eabi/7.2.1/thumb/v7-m\libgcc.a(_arm_addsubdf3.o)
                0x08008034                __aeabi_drsub
                0x0800803c                __aeabi_dsub
                0x0800803c                __subdf3
                0x08008040                __aeabi_dadd
                0x08008040                __adddf3
                0x080082b8                __floatunsidf
                0x080082b8                __aeabi_ui2d
                0x080082d8                __floatsidf
                0x080082d8                __aeabi_i2d
                0x080082fc                __aeabi_f2d
                0x080082fc                __extendsfdf2
                0x08008340                __floatundidf
                0x08008340                __aeabi_ul2d
                0x08008350                __floatdidf
                0x08008350                __aeabi_l2d
 .text          0x080083ac      0x424 c:/users/administrator/appdata/local/arduino15/packages/arduino/tools/arm-none-eabi-gcc/7-2017q4/bin/../lib/gcc/arm-none-eabi/7.2.1/thumb/v7-m\libgcc.a(_arm_muldivdf3.o)
                0x080083ac                __aeabi_dmul
                0x080083ac                __muldf3
                0x08008600                __divdf3
                0x08008600                __aeabi_ddiv
 .text          0x080087d0      0x110 c:/users/administrator/appdata/local/arduino15/packages/arduino/tools/arm-none-eabi-gcc/7-2017q4/bin/../lib/gcc/arm-none-eabi/7.2.1/thumb/v7-m\libgcc.a(_arm_cmpdf2.o)
                0x080087d0                __gtdf2
                0x080087d0                __gedf2
                0x080087d8                __ltdf2
                0x080087d8                __ledf2
                0x080087e0                __nedf2
                0x080087e0                __eqdf2
                0x080087e0                __cmpdf2
                0x0800885c                __aeabi_cdrcmple
                0x0800886c                __aeabi_cdcmpeq
                0x0800886c                __aeabi_cdcmple
                0x0800887c                __aeabi_dcmpeq
                0x08008890                __aeabi_dcmplt
                0x080088a4                __aeabi_dcmple
                0x080088b8                __aeabi_dcmpge
                0x080088cc                __aeabi_dcmpgt
 .text          0x080088e0       0x50 c:/users/administrator/appdata/local/arduino15/packages/arduino/tools/arm-none-eabi-gcc/7-2017q4/bin/../lib/gcc/arm-none-eabi/7.2.1/thumb/v7-m\libgcc.a(_arm_fixdfsi.o)
                0x080088e0                __aeabi_d2iz
                0x080088e0                __fixdfsi
 .text          0x08008930       0xa0 c:/users/administrator/appdata/local/arduino15/packages/arduino/tools/arm-none-eabi-gcc/7-2017q4/bin/../lib/gcc/arm-none-eabi/7.2.1/thumb/v7-m\libgcc.a(_arm_truncdfsf2.o)
                0x08008930                __truncdfsf2
                0x08008930                __aeabi_d2f
 .text          0x080089d0      0x21c c:/users/administrator/appdata/local/arduino15/packages/arduino/tools/arm-none-eabi-gcc/7-2017q4/bin/../lib/gcc/arm-none-eabi/7.2.1/thumb/v7-m\libgcc.a(_arm_addsubsf3.o)
                0x080089d0                __aeabi_frsub
                0x080089d8                __subsf3
                0x080089d8                __aeabi_fsub
                0x080089dc                __aeabi_fadd
                0x080089dc                __addsf3
                0x08008b3c                __aeabi_ui2f
                0x08008b3c                __floatunsisf
                0x08008b44                __aeabi_i2f
                0x08008b44                __floatsisf
                0x08008b60                __aeabi_ul2f
                0x08008b60                __floatundisf
                0x08008b70                __aeabi_l2f
                0x08008b70                __floatdisf
 .text          0x08008bec      0x2a0 c:/users/administrator/appdata/local/arduino15/packages/arduino/tools/arm-none-eabi-gcc/7-2017q4/bin/../lib/gcc/arm-none-eabi/7.2.1/thumb/v7-m\libgcc.a(_arm_muldivsf3.o)
                0x08008bec                __mulsf3
                0x08008bec                __aeabi_fmul
                0x08008d54                __aeabi_fdiv
                0x08008d54                __divsf3
 .text          0x08008e8c       0xec c:/users/administrator/appdata/local/arduino15/packages/arduino/tools/arm-none-eabi-gcc/7-2017q4/bin/../lib/gcc/arm-none-eabi/7.2.1/thumb/v7-m\libgcc.a(_arm_cmpsf2.o)
                0x08008e8c                __gesf2
                0x08008e8c                __gtsf2
                0x08008e94                __lesf2
                0x08008e94                __ltsf2
                0x08008e9c                __nesf2
                0x08008e9c                __eqsf2
                0x08008e9c                __cmpsf2
                0x08008efc                __aeabi_cfrcmple
                0x08008f04                __aeabi_cfcmpeq
                0x08008f04                __aeabi_cfcmple
                0x08008f14                __aeabi_fcmpeq
                0x08008f28                __aeabi_fcmplt
                0x08008f3c                __aeabi_fcmple
                0x08008f50                __aeabi_fcmpge
                0x08008f64                __aeabi_fcmpgt
 .text          0x08008f78       0x4c c:/users/administrator/appdata/local/arduino15/packages/arduino/tools/arm-none-eabi-gcc/7-2017q4/bin/../lib/gcc/arm-none-eabi/7.2.1/thumb/v7-m\libgcc.a(_arm_fixsfsi.o)
                0x08008f78                __aeabi_f2iz
                0x08008f78                __fixsfsi
 .text          0x08008fc4       0x30 c:/users/administrator/appdata/local/arduino15/packages/arduino/tools/arm-none-eabi-gcc/7-2017q4/bin/../lib/gcc/arm-none-eabi/7.2.1/thumb/v7-m\libgcc.a(_aeabi_uldivmod.o)
                0x08008fc4                __aeabi_uldivmod
 .text          0x08008ff4      0x2d0 c:/users/administrator/appdata/local/arduino15/packages/arduino/tools/arm-none-eabi-gcc/7-2017q4/bin/../lib/gcc/arm-none-eabi/7.2.1/thumb/v7-m\libgcc.a(_udivmoddi4.o)
                0x08008ff4                __udivmoddi4
 .text          0x080092c4        0x4 c:/users/administrator/appdata/local/arduino15/packages/arduino/tools/arm-none-eabi-gcc/7-2017q4/bin/../lib/gcc/arm-none-eabi/7.2.1/thumb/v7-m\libgcc.a(_dvmd_tls.o)
                0x080092c4                __aeabi_idiv0
                0x080092c4                __aeabi_ldiv0
 .text.atol     0x080092c8        0x8 c:/users/administrator/appdata/local/arduino15/packages/arduino/tools/arm-none-eabi-gcc/7-2017q4/bin/../lib/gcc/arm-none-eabi/7.2.1/../../../../arm-none-eabi/lib/thumb/v7-m\libc.a(lib_a-atol.o)
                0x080092c8                atol
 .text.__cxa_atexit
                0x080092d0        0xc c:/users/administrator/appdata/local/arduino15/packages/arduino/tools/arm-none-eabi-gcc/7-2017q4/bin/../lib/gcc/arm-none-eabi/7.2.1/../../../../arm-none-eabi/lib/thumb/v7-m\libc.a(lib_a-cxa_atexit.o)
                0x080092d0                __cxa_atexit
 .text.__errno  0x080092dc        0xc c:/users/administrator/appdata/local/arduino15/packages/arduino/tools/arm-none-eabi-gcc/7-2017q4/bin/../lib/gcc/arm-none-eabi/7.2.1/../../../../arm-none-eabi/lib/thumb/v7-m\libc.a(lib_a-errno.o)
                0x080092dc                __errno
 .text.exit     0x080092e8       0x20 c:/users/administrator/appdata/local/arduino15/packages/arduino/tools/arm-none-eabi-gcc/7-2017q4/bin/../lib/gcc/arm-none-eabi/7.2.1/../../../../arm-none-eabi/lib/thumb/v7-m\libc.a(lib_a-exit.o)
                0x080092e8                exit
 .text.__libc_init_array
                0x08009308       0x48 c:/users/administrator/appdata/local/arduino15/packages/arduino/tools/arm-none-eabi-gcc/7-2017q4/bin/../lib/gcc/arm-none-eabi/7.2.1/../../../../arm-none-eabi/lib/thumb/v7-m\libc.a(lib_a-init.o)
                0x08009308                __libc_init_array
 .text.__locale_ctype_ptr_l
                0x08009350        0x8 c:/users/administrator/appdata/local/arduino15/packages/arduino/tools/arm-none-eabi-gcc/7-2017q4/bin/../lib/gcc/arm-none-eabi/7.2.1/../../../../arm-none-eabi/lib/thumb/v7-m\libc.a(lib_a-locale.o)
                0x08009350                __locale_ctype_ptr_l
 .text.malloc   0x08009358       0x10 c:/users/administrator/appdata/local/arduino15/packages/arduino/tools/arm-none-eabi-gcc/7-2017q4/bin/../lib/gcc/arm-none-eabi/7.2.1/../../../../arm-none-eabi/lib/thumb/v7-m\libc.a(lib_a-malloc.o)
                0x08009358                malloc
 .text.free     0x08009368       0x10 c:/users/administrator/appdata/local/arduino15/packages/arduino/tools/arm-none-eabi-gcc/7-2017q4/bin/../lib/gcc/arm-none-eabi/7.2.1/../../../../arm-none-eabi/lib/thumb/v7-m\libc.a(lib_a-malloc.o)
                0x08009368                free
 .text._malloc_r
                0x08009378      0x524 c:/users/administrator/appdata/local/arduino15/packages/arduino/tools/arm-none-eabi-gcc/7-2017q4/bin/../lib/gcc/arm-none-eabi/7.2.1/../../../../arm-none-eabi/lib/thumb/v7-m\libc.a(lib_a-mallocr.o)
                0x08009378                _malloc_r
 .text.__ascii_mbtowc
                0x0800989c       0x2c c:/users/administrator/appdata/local/arduino15/packages/arduino/tools/arm-none-eabi-gcc/7-2017q4/bin/../lib/gcc/arm-none-eabi/7.2.1/../../../../arm-none-eabi/lib/thumb/v7-m\libc.a(lib_a-mbtowc_r.o)
                0x0800989c                __ascii_mbtowc
 .text          0x080098c8       0xec c:/users/administrator/appdata/local/arduino15/packages/arduino/tools/arm-none-eabi-gcc/7-2017q4/bin/../lib/gcc/arm-none-eabi/7.2.1/../../../../arm-none-eabi/lib/thumb/v7-m\libc.a(lib_a-memcpy.o)
                0x080098c8                memcpy
 .text.memmove  0x080099b4       0xc4 c:/users/administrator/appdata/local/arduino15/packages/arduino/tools/arm-none-eabi-gcc/7-2017q4/bin/../lib/gcc/arm-none-eabi/7.2.1/../../../../arm-none-eabi/lib/thumb/v7-m\libc.a(lib_a-memmove.o)
                0x080099b4                memmove
 .text.memset   0x08009a78       0x94 c:/users/administrator/appdata/local/arduino15/packages/arduino/tools/arm-none-eabi-gcc/7-2017q4/bin/../lib/gcc/arm-none-eabi/7.2.1/../../../../arm-none-eabi/lib/thumb/v7-m\libc.a(lib_a-memset.o)
                0x08009a78                memset
 .text.__malloc_lock
                0x08009b0c        0xc c:/users/administrator/appdata/local/arduino15/packages/arduino/tools/arm-none-eabi-gcc/7-2017q4/bin/../lib/gcc/arm-none-eabi/7.2.1/../../../../arm-none-eabi/lib/thumb/v7-m\libc.a(lib_a-mlock.o)
                0x08009b0c                __malloc_lock
 .text.__malloc_unlock
                0x08009b18        0xc c:/users/administrator/appdata/local/arduino15/packages/arduino/tools/arm-none-eabi-gcc/7-2017q4/bin/../lib/gcc/arm-none-eabi/7.2.1/../../../../arm-none-eabi/lib/thumb/v7-m\libc.a(lib_a-mlock.o)
                0x08009b18                __malloc_unlock
 .text.realloc  0x08009b24       0x10 c:/users/administrator/appdata/local/arduino15/packages/arduino/tools/arm-none-eabi-gcc/7-2017q4/bin/../lib/gcc/arm-none-eabi/7.2.1/../../../../arm-none-eabi/lib/thumb/v7-m\libc.a(lib_a-realloc.o)
                0x08009b24                realloc
 .text._realloc_r
                0x08009b34      0x374 c:/users/administrator/appdata/local/arduino15/packages/arduino/tools/arm-none-eabi-gcc/7-2017q4/bin/../lib/gcc/arm-none-eabi/7.2.1/../../../../arm-none-eabi/lib/thumb/v7-m\libc.a(lib_a-reallocr.o)
                0x08009b34                _realloc_r
 .text._sbrk_r  0x08009ea8       0x24 c:/users/administrator/appdata/local/arduino15/packages/arduino/tools/arm-none-eabi-gcc/7-2017q4/bin/../lib/gcc/arm-none-eabi/7.2.1/../../../../arm-none-eabi/lib/thumb/v7-m\libc.a(lib_a-sbrkr.o)
                0x08009ea8                _sbrk_r
 .text.sprintf  0x08009ecc       0x44 c:/users/administrator/appdata/local/arduino15/packages/arduino/tools/arm-none-eabi-gcc/7-2017q4/bin/../lib/gcc/arm-none-eabi/7.2.1/../../../../arm-none-eabi/lib/thumb/v7-m\libc.a(lib_a-sprintf.o)
                0x08009ecc                sprintf
 .text          0x08009f10      0x1bc c:/users/administrator/appdata/local/arduino15/packages/arduino/tools/arm-none-eabi-gcc/7-2017q4/bin/../lib/gcc/arm-none-eabi/7.2.1/../../../../arm-none-eabi/lib/thumb/v7-m\libc.a(lib_a-strcmp.o)
                0x08009f10                strcmp
 .text.strcpy   0x0800a0cc       0xbc c:/users/administrator/appdata/local/arduino15/packages/arduino/tools/arm-none-eabi-gcc/7-2017q4/bin/../lib/gcc/arm-none-eabi/7.2.1/../../../../arm-none-eabi/lib/thumb/v7-m\libc.a(lib_a-strcpy.o)
                0x0800a0cc                strcpy
 .text.strlen   0x0800a188       0x5c c:/users/administrator/appdata/local/arduino15/packages/arduino/tools/arm-none-eabi-gcc/7-2017q4/bin/../lib/gcc/arm-none-eabi/7.2.1/../../../../arm-none-eabi/lib/thumb/v7-m\libc.a(lib_a-strlen-stub.o)
                0x0800a188                strlen
 .text.strncmp  0x0800a1e4       0x94 c:/users/administrator/appdata/local/arduino15/packages/arduino/tools/arm-none-eabi-gcc/7-2017q4/bin/../lib/gcc/arm-none-eabi/7.2.1/../../../../arm-none-eabi/lib/thumb/v7-m\libc.a(lib_a-strncmp.o)
                0x0800a1e4                strncmp
 .text.strncpy  0x0800a278       0x64 c:/users/administrator/appdata/local/arduino15/packages/arduino/tools/arm-none-eabi-gcc/7-2017q4/bin/../lib/gcc/arm-none-eabi/7.2.1/../../../../arm-none-eabi/lib/thumb/v7-m\libc.a(lib_a-strncpy.o)
                0x0800a278                strncpy
 .text._strtol_l.isra.0
                0x0800a2dc      0x124 c:/users/administrator/appdata/local/arduino15/packages/arduino/tools/arm-none-eabi-gcc/7-2017q4/bin/../lib/gcc/arm-none-eabi/7.2.1/../../../../arm-none-eabi/lib/thumb/v7-m\libc.a(lib_a-strtol.o)
 .text.strtol   0x0800a400       0x2c c:/users/administrator/appdata/local/arduino15/packages/arduino/tools/arm-none-eabi-gcc/7-2017q4/bin/../lib/gcc/arm-none-eabi/7.2.1/../../../../arm-none-eabi/lib/thumb/v7-m\libc.a(lib_a-strtol.o)
                0x0800a400                strtol
 .text._svfprintf_r
                0x0800a42c     0x14ec c:/users/administrator/appdata/local/arduino15/packages/arduino/tools/arm-none-eabi-gcc/7-2017q4/bin/../lib/gcc/arm-none-eabi/7.2.1/../../../../arm-none-eabi/lib/thumb/v7-m\libc.a(lib_a-svfprintf.o)
                0x0800a42c                _svfprintf_r
 .text.__ascii_wctomb
                0x0800b918       0x18 c:/users/administrator/appdata/local/arduino15/packages/arduino/tools/arm-none-eabi-gcc/7-2017q4/bin/../lib/gcc/arm-none-eabi/7.2.1/../../../../arm-none-eabi/lib/thumb/v7-m\libc.a(lib_a-wctomb_r.o)
                0x0800b918                __ascii_wctomb
 .text.__register_exitproc
                0x0800b930       0xc0 c:/users/administrator/appdata/local/arduino15/packages/arduino/tools/arm-none-eabi-gcc/7-2017q4/bin/../lib/gcc/arm-none-eabi/7.2.1/../../../../arm-none-eabi/lib/thumb/v7-m\libc.a(lib_a-__atexit.o)
                0x0800b930                __register_exitproc
 .text.startup.register_fini
                0x0800b9f0       0x14 c:/users/administrator/appdata/local/arduino15/packages/arduino/tools/arm-none-eabi-gcc/7-2017q4/bin/../lib/gcc/arm-none-eabi/7.2.1/../../../../arm-none-eabi/lib/thumb/v7-m\libc.a(lib_a-__call_atexit.o)
 .text.__call_exitprocs
                0x0800ba04       0xe8 c:/users/administrator/appdata/local/arduino15/packages/arduino/tools/arm-none-eabi-gcc/7-2017q4/bin/../lib/gcc/arm-none-eabi/7.2.1/../../../../arm-none-eabi/lib/thumb/v7-m\libc.a(lib_a-__call_atexit.o)
                0x0800ba04                __call_exitprocs
 .text.atexit   0x0800baec        0xc c:/users/administrator/appdata/local/arduino15/packages/arduino/tools/arm-none-eabi-gcc/7-2017q4/bin/../lib/gcc/arm-none-eabi/7.2.1/../../../../arm-none-eabi/lib/thumb/v7-m\libc.a(lib_a-atexit.o)
                0x0800baec                atexit
 .text.quorem   0x0800baf8      0x124 c:/users/administrator/appdata/local/arduino15/packages/arduino/tools/arm-none-eabi-gcc/7-2017q4/bin/../lib/gcc/arm-none-eabi/7.2.1/../../../../arm-none-eabi/lib/thumb/v7-m\libc.a(lib_a-dtoa.o)
 *fill*         0x0800bc1c        0x4 
 .text._dtoa_r  0x0800bc20      0xe30 c:/users/administrator/appdata/local/arduino15/packages/arduino/tools/arm-none-eabi-gcc/7-2017q4/bin/../lib/gcc/arm-none-eabi/7.2.1/../../../../arm-none-eabi/lib/thumb/v7-m\libc.a(lib_a-dtoa.o)
                0x0800bc20                _dtoa_r
 .text.__libc_fini_array
                0x0800ca50       0x34 c:/users/administrator/appdata/local/arduino15/packages/arduino/tools/arm-none-eabi-gcc/7-2017q4/bin/../lib/gcc/arm-none-eabi/7.2.1/../../../../arm-none-eabi/lib/thumb/v7-m\libc.a(lib_a-fini.o)
                0x0800ca50                __libc_fini_array
 .text._malloc_trim_r
                0x0800ca84       0xa0 c:/users/administrator/appdata/local/arduino15/packages/arduino/tools/arm-none-eabi-gcc/7-2017q4/bin/../lib/gcc/arm-none-eabi/7.2.1/../../../../arm-none-eabi/lib/thumb/v7-m\libc.a(lib_a-freer.o)
                0x0800ca84                _malloc_trim_r
 .text._free_r  0x0800cb24      0x1e8 c:/users/administrator/appdata/local/arduino15/packages/arduino/tools/arm-none-eabi-gcc/7-2017q4/bin/../lib/gcc/arm-none-eabi/7.2.1/../../../../arm-none-eabi/lib/thumb/v7-m\libc.a(lib_a-freer.o)
                0x0800cb24                _free_r
 .text._localeconv_r
                0x0800cd0c       0x1c c:/users/administrator/appdata/local/arduino15/packages/arduino/tools/arm-none-eabi-gcc/7-2017q4/bin/../lib/gcc/arm-none-eabi/7.2.1/../../../../arm-none-eabi/lib/thumb/v7-m\libc.a(lib_a-localeconv.o)
                0x0800cd0c                _localeconv_r
 .text.__retarget_lock_acquire_recursive
                0x0800cd28        0x4 c:/users/administrator/appdata/local/arduino15/packages/arduino/tools/arm-none-eabi-gcc/7-2017q4/bin/../lib/gcc/arm-none-eabi/7.2.1/../../../../arm-none-eabi/lib/thumb/v7-m\libc.a(lib_a-lock.o)
                0x0800cd28                __retarget_lock_acquire_recursive
 .text.__retarget_lock_release_recursive
                0x0800cd2c        0x4 c:/users/administrator/appdata/local/arduino15/packages/arduino/tools/arm-none-eabi-gcc/7-2017q4/bin/../lib/gcc/arm-none-eabi/7.2.1/../../../../arm-none-eabi/lib/thumb/v7-m\libc.a(lib_a-lock.o)
                0x0800cd2c                __retarget_lock_release_recursive
 .text.memchr   0x0800cd30       0x8c c:/users/administrator/appdata/local/arduino15/packages/arduino/tools/arm-none-eabi-gcc/7-2017q4/bin/../lib/gcc/arm-none-eabi/7.2.1/../../../../arm-none-eabi/lib/thumb/v7-m\libc.a(lib_a-memchr-stub.o)
                0x0800cd30                memchr
 .text._Balloc  0x0800cdbc       0x4c c:/users/administrator/appdata/local/arduino15/packages/arduino/tools/arm-none-eabi-gcc/7-2017q4/bin/../lib/gcc/arm-none-eabi/7.2.1/../../../../arm-none-eabi/lib/thumb/v7-m\libc.a(lib_a-mprec.o)
                0x0800cdbc                _Balloc
 .text._Bfree   0x0800ce08       0x14 c:/users/administrator/appdata/local/arduino15/packages/arduino/tools/arm-none-eabi-gcc/7-2017q4/bin/../lib/gcc/arm-none-eabi/7.2.1/../../../../arm-none-eabi/lib/thumb/v7-m\libc.a(lib_a-mprec.o)
                0x0800ce08                _Bfree
 .text.__multadd
                0x0800ce1c       0x84 c:/users/administrator/appdata/local/arduino15/packages/arduino/tools/arm-none-eabi-gcc/7-2017q4/bin/../lib/gcc/arm-none-eabi/7.2.1/../../../../arm-none-eabi/lib/thumb/v7-m\libc.a(lib_a-mprec.o)
                0x0800ce1c                __multadd
 .text.__hi0bits
                0x0800cea0       0x40 c:/users/administrator/appdata/local/arduino15/packages/arduino/tools/arm-none-eabi-gcc/7-2017q4/bin/../lib/gcc/arm-none-eabi/7.2.1/../../../../arm-none-eabi/lib/thumb/v7-m\libc.a(lib_a-mprec.o)
                0x0800cea0                __hi0bits
 .text.__lo0bits
                0x0800cee0       0x60 c:/users/administrator/appdata/local/arduino15/packages/arduino/tools/arm-none-eabi-gcc/7-2017q4/bin/../lib/gcc/arm-none-eabi/7.2.1/../../../../arm-none-eabi/lib/thumb/v7-m\libc.a(lib_a-mprec.o)
                0x0800cee0                __lo0bits
 .text.__i2b    0x0800cf40       0x14 c:/users/administrator/appdata/local/arduino15/packages/arduino/tools/arm-none-eabi-gcc/7-2017q4/bin/../lib/gcc/arm-none-eabi/7.2.1/../../../../arm-none-eabi/lib/thumb/v7-m\libc.a(lib_a-mprec.o)
                0x0800cf40                __i2b
 .text.__multiply
                0x0800cf54      0x14c c:/users/administrator/appdata/local/arduino15/packages/arduino/tools/arm-none-eabi-gcc/7-2017q4/bin/../lib/gcc/arm-none-eabi/7.2.1/../../../../arm-none-eabi/lib/thumb/v7-m\libc.a(lib_a-mprec.o)
                0x0800cf54                __multiply
 .text.__pow5mult
                0x0800d0a0       0xa0 c:/users/administrator/appdata/local/arduino15/packages/arduino/tools/arm-none-eabi-gcc/7-2017q4/bin/../lib/gcc/arm-none-eabi/7.2.1/../../../../arm-none-eabi/lib/thumb/v7-m\libc.a(lib_a-mprec.o)
                0x0800d0a0                __pow5mult
 .text.__lshift