Archive member included to satisfy reference by file (symbol)

C:\Users\Administrator\AppData\Local\Temp\VMBuilds\Temperature_control_box\Arduino_STM32-master_genericSTM32F103R\Release\core.a(exc.S.o)
                              (__exc_nmi)
C:\Users\Administrator\AppData\Local\Temp\VMBuilds\Temperature_control_box\Arduino_STM32-master_genericSTM32F103R\Release\core.a(isrs.S.o)
                              (__stm32reservedexception7)
C:\Users\Administrator\AppData\Local\Temp\VMBuilds\Temperature_control_box\Arduino_STM32-master_genericSTM32F103R\Release\core.a(vector_table.S.o)
                              (__stm32_vector_table)
C:\Users\Administrator\AppData\Local\Temp\VMBuilds\Temperature_control_box\Arduino_STM32-master_genericSTM32F103R\Release\core.a(adc.c.o)
                              C:\Users\Administrator\AppData\Local\Temp\VMBCore\arduino16x\26f9647b75fb80b091c2c1c5a86ae632\variant\boards.cpp.o (adc_set_sample_rate)
C:\Users\Administrator\AppData\Local\Temp\VMBuilds\Temperature_control_box\Arduino_STM32-master_genericSTM32F103R\Release\core.a(adc_f1.c.o)
                              C:\Users\Administrator\AppData\Local\Temp\VMBuilds\Temperature_control_box\Arduino_STM32-master_genericSTM32F103R\Release\core.a(vector_table.S.o) (__irq_adc)
C:\Users\Administrator\AppData\Local\Temp\VMBuilds\Temperature_control_box\Arduino_STM32-master_genericSTM32F103R\Release\core.a(dma_f1.c.o)
                              C:\Users\Administrator\AppData\Local\Temp\VMBuilds\Temperature_control_box\Arduino_STM32-master_genericSTM32F103R\Release\core.a(vector_table.S.o) (__irq_dma1_channel1)
C:\Users\Administrator\AppData\Local\Temp\VMBuilds\Temperature_control_box\Arduino_STM32-master_genericSTM32F103R\Release\core.a(exti.c.o)
                              C:\Users\Administrator\AppData\Local\Temp\VMBuilds\Temperature_control_box\Arduino_STM32-master_genericSTM32F103R\Release\core.a(vector_table.S.o) (__irq_exti0)
C:\Users\Administrator\AppData\Local\Temp\VMBuilds\Temperature_control_box\Arduino_STM32-master_genericSTM32F103R\Release\core.a(exti_f1.c.o)
                              C:\Users\Administrator\AppData\Local\Temp\VMBuilds\Temperature_control_box\Arduino_STM32-master_genericSTM32F103R\Release\core.a(exti.c.o) (exti_select)
C:\Users\Administrator\AppData\Local\Temp\VMBuilds\Temperature_control_box\Arduino_STM32-master_genericSTM32F103R\Release\core.a(flash.c.o)
                              C:\Users\Administrator\AppData\Local\Temp\VMBCore\arduino16x\26f9647b75fb80b091c2c1c5a86ae632\variant\boards.cpp.o (flash_set_latency)
C:\Users\Administrator\AppData\Local\Temp\VMBuilds\Temperature_control_box\Arduino_STM32-master_genericSTM32F103R\Release\core.a(gpio_f1.c.o)
                              C:\Users\Administrator\AppData\Local\Temp\VMBCore\arduino16x\26f9647b75fb80b091c2c1c5a86ae632\variant\boards_setup.cpp.o (gpio_init_all)
C:\Users\Administrator\AppData\Local\Temp\VMBuilds\Temperature_control_box\Arduino_STM32-master_genericSTM32F103R\Release\core.a(i2c_f1.c.o)
                              C:\Users\Administrator\AppData\Local\Temp\VMBuilds\Temperature_control_box\Arduino_STM32-master_genericSTM32F103R\Release\core.a(vector_table.S.o) (__irq_i2c1_ev)
C:\Users\Administrator\AppData\Local\Temp\VMBuilds\Temperature_control_box\Arduino_STM32-master_genericSTM32F103R\Release\core.a(nvic.c.o)
                              C:\Users\Administrator\AppData\Local\Temp\VMBuilds\Temperature_control_box\Arduino_STM32-master_genericSTM32F103R\Release\core.a(i2c_f1.c.o) (nvic_irq_set_priority)
C:\Users\Administrator\AppData\Local\Temp\VMBuilds\Temperature_control_box\Arduino_STM32-master_genericSTM32F103R\Release\core.a(rcc.c.o)
                              C:\Users\Administrator\AppData\Local\Temp\VMBCore\arduino16x\26f9647b75fb80b091c2c1c5a86ae632\variant\boards.cpp.o (rcc_switch_sysclk)
C:\Users\Administrator\AppData\Local\Temp\VMBuilds\Temperature_control_box\Arduino_STM32-master_genericSTM32F103R\Release\core.a(rcc_f1.c.o)
                              C:\Users\Administrator\AppData\Local\Temp\VMBCore\arduino16x\26f9647b75fb80b091c2c1c5a86ae632\variant\boards.cpp.o (rcc_configure_pll)
C:\Users\Administrator\AppData\Local\Temp\VMBuilds\Temperature_control_box\Arduino_STM32-master_genericSTM32F103R\Release\core.a(systick.c.o)
                              C:\Users\Administrator\AppData\Local\Temp\VMBCore\arduino16x\26f9647b75fb80b091c2c1c5a86ae632\variant\boards.cpp.o (systick_init)
C:\Users\Administrator\AppData\Local\Temp\VMBuilds\Temperature_control_box\Arduino_STM32-master_genericSTM32F103R\Release\core.a(timer.c.o)
                              C:\Users\Administrator\AppData\Local\Temp\VMBCore\arduino16x\26f9647b75fb80b091c2c1c5a86ae632\variant\boards.cpp.o (timer_foreach)
C:\Users\Administrator\AppData\Local\Temp\VMBuilds\Temperature_control_box\Arduino_STM32-master_genericSTM32F103R\Release\core.a(usart_f1.c.o)
[...]
Memory Configuration

Name             Origin             Length             Attributes
ram              0x20000000         0x0000c000         xrw
rom              0x08000000         0x00040000         xr
*default*        0x00000000         0xffffffff

Linker script and memory map

LOAD c:/users/administrator/appdata/local/arduino15/packages/arduino/tools/arm-none-eabi-gcc/7-2017q4/bin/../lib/gcc/arm-none-eabi/7.2.1/thumb/v7-m/crti.o
LOAD c:/users/administrator/appdata/local/arduino15/packages/arduino/tools/arm-none-eabi-gcc/7-2017q4/bin/../lib/gcc/arm-none-eabi/7.2.1/thumb/v7-m/crtbegin.o
LOAD c:/users/administrator/appdata/local/arduino15/packages/arduino/tools/arm-none-eabi-gcc/7-2017q4/bin/../lib/gcc/arm-none-eabi/7.2.1/../../../../arm-none-eabi/lib/thumb/v7-m/crt0.o
LOAD c:/users/administrator/appdata/local/arduino15/packages/arduino/tools/arm-none-eabi-gcc/7-2017q4/bin/../lib/gcc/arm-none-eabi/7.2.1/thumb/v7-m\libgcc.a
START GROUP
LOAD Temperature_control_box.cpp.o
LOAD MODBUS_RTU_CRC16.cpp.o
LOAD user_crc8.cpp.o
LOAD user_initialization.cpp.o
LOAD EEPROM\flash_stm32.c.o
LOAD EEPROM\EEPROM.cpp.o
LOAD C:\Users\Administrator\AppData\Local\Temp\VMBCore\arduino16x\26f9647b75fb80b091c2c1c5a86ae632\variant\board.cpp.o
LOAD C:\Users\Administrator\AppData\Local\Temp\VMBCore\arduino16x\26f9647b75fb80b091c2c1c5a86ae632\variant\boards.cpp.o
LOAD C:\Users\Administrator\AppData\Local\Temp\VMBCore\arduino16x\26f9647b75fb80b091c2c1c5a86ae632\variant\boards_setup.cpp.o
LOAD C:\Users\Administrator\AppData\Local\Temp\VMBCore\arduino16x\26f9647b75fb80b091c2c1c5a86ae632\variant\start.S.o
LOAD C:\Users\Administrator\AppData\Local\Temp\VMBCore\arduino16x\26f9647b75fb80b091c2c1c5a86ae632\variant\start_c.c.o
LOAD C:\Users\Administrator\AppData\Local\Temp\VMBCore\arduino16x\26f9647b75fb80b091c2c1c5a86ae632\variant\syscalls.c.o
LOAD C:\Users\Administrator\AppData\Local\Temp\VMBuilds\Temperature_control_box\Arduino_STM32-master_genericSTM32F103R\Release\core.a
END GROUP
LOAD c:/users/administrator/appdata/local/arduino15/packages/arduino/tools/arm-none-eabi-gcc/7-2017q4/bin/../lib/gcc/arm-none-eabi/7.2.1/../../../../arm-none-eabi/lib/thumb/v7-m\libstdc++.a
LOAD c:/users/administrator/appdata/local/arduino15/packages/arduino/tools/arm-none-eabi-gcc/7-2017q4/bin/../lib/gcc/arm-none-eabi/7.2.1/../../../../arm-none-eabi/lib/thumb/v7-m\libm.a
START GROUP
LOAD c:/users/administrator/appdata/local/arduino15/packages/arduino/tools/arm-none-eabi-gcc/7-2017q4/bin/../lib/gcc/arm-none-eabi/7.2.1/thumb/v7-m\libgcc.a
LOAD c:/users/administrator/appdata/local/arduino15/packages/arduino/tools/arm-none-eabi-gcc/7-2017q4/bin/../lib/gcc/arm-none-eabi/7.2.1/../../../../arm-none-eabi/lib/thumb/v7-m\libc.a
END GROUP
LOAD c:/users/administrator/appdata/local/arduino15/packages/arduino/tools/arm-none-eabi-gcc/7-2017q4/bin/../lib/gcc/arm-none-eabi/7.2.1/thumb/v7-m/crtend.o
LOAD c:/users/administrator/appdata/local/arduino15/packages/arduino/tools/arm-none-eabi-gcc/7-2017q4/bin/../lib/gcc/arm-none-eabi/7.2.1/thumb/v7-m/crtn.o
START GROUP
LOAD c:/users/administrator/appdata/local/arduino15/packages/arduino/tools/arm-none-eabi-gcc/7-2017q4/bin/../lib/gcc/arm-none-eabi/7.2.1/thumb/v7-m\libgcc.a
LOAD c:/users/administrator/appdata/local/arduino15/packages/arduino/tools/arm-none-eabi-gcc/7-2017q4/bin/../lib/gcc/arm-none-eabi/7.2.1/../../../../arm-none-eabi/lib/thumb/v7-m\libc.a
LOAD c:/users/administrator/appdata/local/arduino15/packages/arduino/tools/arm-none-eabi-gcc/7-2017q4/bin/../lib/gcc/arm-none-eabi/7.2.1/../../../../arm-none-eabi/lib/thumb/v7-m\libm.a
END GROUP
START GROUP
LOAD c:/users/administrator/appdata/local/arduino15/packages/arduino/tools/arm-none-eabi-gcc/7-2017q4/bin/../lib/gcc/arm-none-eabi/7.2.1/../../../../arm-none-eabi/lib/thumb/v7-m\libnosys.a
END GROUP
                0x2000c000                PROVIDE (__msp_init, (ORIGIN (ram) + LENGTH (ram)))
                0x08001698                PROVIDE (__exc_reset, __start__)

.text           0x08000000     0x56e8
                0x08000000                __text_start__ = .
 *(.stm32.interrupt_vector)
 .stm32.interrupt_vector
                0x08000000      0x130 C:\Users\Administrator\AppData\Local\Temp\VMBuilds\Temperature_control_box\Arduino_STM32-master_genericSTM32F103R\Release\core.a(vector_table.S.o)
                0x08000000                __stm32_vector_table
 *(.text .text.* .gnu.linkonce.t.*)
 .text          0x08000130       0x40 c:/users/administrator/appdata/local/arduino15/packages/arduino/tools/arm-none-eabi-gcc/7-2017q4/bin/../lib/gcc/arm-none-eabi/7.2.1/thumb/v7-m/crtbegin.o
 .text._Z5setupv
                0x08000170        0x4 Temperature_control_box.cpp.o
                0x08000170                setup()
 .text.startup._GLOBAL__sub_I_str_usb
                0x08000174       0x2c Temperature_control_box.cpp.o
 .text._Z24RS485Receive_informationv
                0x080001a0      0x11c Temperature_control_box.cpp.o
                0x080001a0                RS485Receive_information()
 .text._Z9USB_JudgePh
                0x080002bc      0xf88 Temperature_control_box.cpp.o
                0x080002bc                USB_Judge(unsigned char*)
 .text._Z20USB_Serial_receptionv
                0x08001244       0xac Temperature_control_box.cpp.o
                0x08001244                USB_Serial_reception()
 .text._Z4loopv
                0x080012f0        0xe Temperature_control_box.cpp.o
                0x080012f0                loop()
 *fill*         0x080012fe        0x2 
 .text._Z7N_CRC16Phj
                0x08001300       0x2c MODBUS_RTU_CRC16.cpp.o
                0x08001300                N_CRC16(unsigned char*, unsigned int)
 .text._Z14Initializationv
                0x0800132c       0xcc user_initialization.cpp.o
                0x0800132c                Initialization()
 .text.startup._GLOBAL__sub_I__ZN11EEPROMClass12EE_CheckPageEmt
                0x080013f8       0x20 EEPROM\EEPROM.cpp.o
 .text.startup._GLOBAL__sub_I_PIN_MAP
                0x08001418       0x74 C:\Users\Administrator\AppData\Local\Temp\VMBCore\arduino16x\26f9647b75fb80b091c2c1c5a86ae632\variant\board.cpp.o
 .text._ZL18adc_default_configP7adc_dev
                0x0800148c       0x1c C:\Users\Administrator\AppData\Local\Temp\VMBCore\arduino16x\26f9647b75fb80b091c2c1c5a86ae632\variant\boards.cpp.o
 .text._ZL20timer_default_configP9timer_dev
                0x080014a8       0xa8 C:\Users\Administrator\AppData\Local\Temp\VMBCore\arduino16x\26f9647b75fb80b091c2c1c5a86ae632\variant\boards.cpp.o
 .text._Z9boardInitv
                0x08001550        0x2 C:\Users\Administrator\AppData\Local\Temp\VMBCore\arduino16x\26f9647b75fb80b091c2c1c5a86ae632\variant\boards.cpp.o
                0x08001550                boardInit()
 *fill*         0x08001552        0x2 
 .text._Z4initv
                0x08001554       0xbc C:\Users\Administrator\AppData\Local\Temp\VMBCore\arduino16x\26f9647b75fb80b091c2c1c5a86ae632\variant\boards.cpp.o
                0x08001554                init()
 .text._ZN6wirish4priv15board_reset_pllEv
                0x08001610        0x2 C:\Users\Administrator\AppData\Local\Temp\VMBCore\arduino16x\26f9647b75fb80b091c2c1c5a86ae632\variant\boards_setup.cpp.o
                0x08001610                wirish::priv::board_reset_pll()
 .text._ZN6wirish4priv28board_setup_clock_prescalersEv
                0x08001612       0x2e C:\Users\Administrator\AppData\Local\Temp\VMBCore\arduino16x\26f9647b75fb80b091c2c1c5a86ae632\variant\boards_setup.cpp.o
                0x08001612                wirish::priv::board_setup_clock_prescalers()
 .text._ZN6wirish4priv16board_setup_gpioEv
                0x08001640        0x4 C:\Users\Administrator\AppData\Local\Temp\VMBCore\arduino16x\26f9647b75fb80b091c2c1c5a86ae632\variant\boards_setup.cpp.o
                0x08001640                wirish::priv::board_setup_gpio()
 .text._ZN6wirish4priv15board_setup_usbEv
                0x08001644       0x50 C:\Users\Administrator\AppData\Local\Temp\VMBCore\arduino16x\26f9647b75fb80b091c2c1c5a86ae632\variant\boards_setup.cpp.o
                0x08001644                wirish::priv::board_setup_usb()
 .text._ZN6wirish4priv11series_initEv
                0x08001694        0x4 C:\Users\Administrator\AppData\Local\Temp\VMBCore\arduino16x\26f9647b75fb80b091c2c1c5a86ae632\variant\boards_setup.cpp.o
                0x08001694                wirish::priv::series_init()
 .text          0x08001698       0x10 C:\Users\Administrator\AppData\Local\Temp\VMBCore\arduino16x\26f9647b75fb80b091c2c1c5a86ae632\variant\start.S.o
                0x08001698                __start__
 .text.start_c  0x080016a8       0x60 C:\Users\Administrator\AppData\Local\Temp\VMBCore\arduino16x\26f9647b75fb80b091c2c1c5a86ae632\variant\start_c.c.o
                0x080016a8                start_c
 .text._sbrk    0x08001708       0x44 C:\Users\Administrator\AppData\Local\Temp\VMBCore\arduino16x\26f9647b75fb80b091c2c1c5a86ae632\variant\syscalls.c.o
                0x08001708                _sbrk
 .text._exit    0x0800174c        0x2 C:\Users\Administrator\AppData\Local\Temp\VMBCore\arduino16x\26f9647b75fb80b091c2c1c5a86ae632\variant\syscalls.c.o
                0x0800174c                _exit
 *fill*         0x0800174e        0x2 
 .text          0x08001750       0x54 C:\Users\Administrator\AppData\Local\Temp\VMBuilds\Temperature_control_box\Arduino_STM32-master_genericSTM32F103R\Release\core.a(exc.S.o)
                0x08001750                __exc_nmi
                0x08001754                __exc_hardfault
                0x08001758                __exc_memmanage
                0x0800175c                __exc_busfault
                0x08001760                __exc_usagefault
 .text          0x080017a4        0x2 C:\Users\Administrator\AppData\Local\Temp\VMBuilds\Temperature_control_box\Arduino_STM32-master_genericSTM32F103R\Release\core.a(isrs.S.o)
                0x080017a4                __stm32reservedexception9
                0x080017a4                __irq_sdio
                0x080017a4                __irq_fsmc
                0x080017a4                __exc_debug_monitor
                0x080017a4                __exc_svc
                0x080017a4                __irq_can_rx1
                0x080017a4                __irq_spi2
                0x080017a4                __irq_can_sce
                0x080017a4                __irq_pvd
                0x080017a4                __irq_tamper
                0x080017a4                __default_handler
                0x080017a4                __irq_wwdg
                0x080017a4                __stm32reservedexception10
                0x080017a4                __irq_flash
                0x080017a4                __stm32reservedexception13
                0x080017a4                __irq_rtc
                0x080017a4                __irq_spi1
                0x080017a4                __stm32reservedexception7
                0x080017a4                __irq_usb_hp_can_tx
                0x080017a4                __irq_rtcalarm
                0x080017a4                __irq_spi3
                0x080017a4                __stm32reservedexception8
                0x080017a4                __exc_pendsv
                0x080017a4                __irq_usbwakeup
                0x080017a4                __irq_rcc
 .text.adc_init
                0x080017a6       0x14 C:\Users\Administrator\AppData\Local\Temp\VMBuilds\Temperature_control_box\Arduino_STM32-master_genericSTM32F103R\Release\core.a(adc.c.o)
                0x080017a6                adc_init
 .text.adc_set_extsel
                0x080017ba       0x12 C:\Users\Administrator\AppData\Local\Temp\VMBuilds\Temperature_control_box\Arduino_STM32-master_genericSTM32F103R\Release\core.a(adc.c.o)
                0x080017ba                adc_set_extsel
 .text.adc_set_sample_rate
                0x080017cc       0x2a C:\Users\Administrator\AppData\Local\Temp\VMBuilds\Temperature_control_box\Arduino_STM32-master_genericSTM32F103R\Release\core.a(adc.c.o)
                0x080017cc                adc_set_sample_rate
 *fill*         0x080017f6        0x2 
 .text.__irq_adc
                0x080017f8       0x54 C:\Users\Administrator\AppData\Local\Temp\VMBuilds\Temperature_control_box\Arduino_STM32-master_genericSTM32F103R\Release\core.a(adc_f1.c.o)
                0x080017f8                __irq_adc
 .text.__irq_adc3
                0x0800184c       0x54 C:\Users\Administrator\AppData\Local\Temp\VMBuilds\Temperature_control_box\Arduino_STM32-master_genericSTM32F103R\Release\core.a(adc_f1.c.o)
                0x0800184c                __irq_adc3
 .text.adc_calibrate
                0x080018a0       0x24 C:\Users\Administrator\AppData\Local\Temp\VMBuilds\Temperature_control_box\Arduino_STM32-master_genericSTM32F103R\Release\core.a(adc_f1.c.o)
                0x080018a0                adc_calibrate
 .text.adc_set_prescaler
                0x080018c4        0x8 C:\Users\Administrator\AppData\Local\Temp\VMBuilds\Temperature_control_box\Arduino_STM32-master_genericSTM32F103R\Release\core.a(adc_f1.c.o)
                0x080018c4                adc_set_prescaler
 .text.adc_foreach
                0x080018cc       0x28 C:\Users\Administrator\AppData\Local\Temp\VMBuilds\Temperature_control_box\Arduino_STM32-master_genericSTM32F103R\Release\core.a(adc_f1.c.o)
                0x080018cc                adc_foreach
 .text.adc_enable_single_swstart
                0x080018f4       0x36 C:\Users\Administrator\AppData\Local\Temp\VMBuilds\Temperature_control_box\Arduino_STM32-master_genericSTM32F103R\Release\core.a(adc_f1.c.o)
                0x080018f4                adc_enable_single_swstart
 *fill*         0x0800192a        0x2 
 .text.__irq_dma1_channel1
                0x0800192c       0x18 C:\Users\Administrator\AppData\Local\Temp\VMBuilds\Temperature_control_box\Arduino_STM32-master_genericSTM32F103R\Release\core.a(dma_f1.c.o)
                0x0800192c                __irq_dma1_channel1
 .text.__irq_dma1_channel2
                0x08001944       0x18 C:\Users\Administrator\AppData\Local\Temp\VMBuilds\Temperature_control_box\Arduino_STM32-master_genericSTM32F103R\Release\core.a(dma_f1.c.o)
                0x08001944                __irq_dma1_channel2
 .text.__irq_dma1_channel3
                0x0800195c       0x1c C:\Users\Administrator\AppData\Local\Temp\VMBuilds\Temperature_control_box\Arduino_STM32-master_genericSTM32F103R\Release\core.a(dma_f1.c.o)
                0x0800195c                __irq_dma1_channel3
 .text.__irq_dma1_channel4
                0x08001978       0x1c C:\Users\Administrator\AppData\Local\Temp\VMBuilds\Temperature_control_box\Arduino_STM32-master_genericSTM32F103R\Release\core.a(dma_f1.c.o)
                0x08001978                __irq_dma1_channel4
 .text.__irq_dma1_channel5
                0x08001994       0x1c C:\Users\Administrator\AppData\Local\Temp\VMBuilds\Temperature_control_box\Arduino_STM32-master_genericSTM32F103R\Release\core.a(dma_f1.c.o)
                0x08001994                __irq_dma1_channel5
 .text.__irq_dma1_channel6
                0x080019b0       0x1c C:\Users\Administrator\AppData\Local\Temp\VMBuilds\Temperature_control_box\Arduino_STM32-master_genericSTM32F103R\Release\core.a(dma_f1.c.o)
                0x080019b0                __irq_dma1_channel6
 .text.__irq_dma1_channel7
                0x080019cc       0x1c C:\Users\Administrator\AppData\Local\Temp\VMBuilds\Temperature_control_box\Arduino_STM32-master_genericSTM32F103R\Release\core.a(dma_f1.c.o)
                0x080019cc                __irq_dma1_channel7
 .text.__irq_dma2_channel1
                0x080019e8       0x18 C:\Users\Administrator\AppData\Local\Temp\VMBuilds\Temperature_control_box\Arduino_STM32-master_genericSTM32F103R\Release\core.a(dma_f1.c.o)
                0x080019e8                __irq_dma2_channel1
 .text.__irq_dma2_channel2
                0x08001a00       0x18 C:\Users\Administrator\AppData\Local\Temp\VMBuilds\Temperature_control_box\Arduino_STM32-master_genericSTM32F103R\Release\core.a(dma_f1.c.o)
                0x08001a00                __irq_dma2_channel2
 .text.__irq_dma2_channel3
                0x08001a18       0x1c C:\Users\Administrator\AppData\Local\Temp\VMBuilds\Temperature_control_box\Arduino_STM32-master_genericSTM32F103R\Release\core.a(dma_f1.c.o)
                0x08001a18                __irq_dma2_channel3
 .text.__irq_dma2_channel4_5
                0x08001a34       0x4c C:\Users\Administrator\AppData\Local\Temp\VMBuilds\Temperature_control_box\Arduino_STM32-master_genericSTM32F103R\Release\core.a(dma_f1.c.o)
                0x08001a34                __irq_dma2_channel4_5
 .text.__irq_exti0
                0x08001a80       0x20 C:\Users\Administrator\AppData\Local\Temp\VMBuilds\Temperature_control_box\Arduino_STM32-master_genericSTM32F103R\Release\core.a(exti.c.o)
                0x08001a80                __irq_exti0
 .text.__irq_exti1
                0x08001aa0       0x20 C:\Users\Administrator\AppData\Local\Temp\VMBuilds\Temperature_control_box\Arduino_STM32-master_genericSTM32F103R\Release\core.a(exti.c.o)
                0x08001aa0                __irq_exti1
 .text.__irq_exti2
                0x08001ac0       0x20 C:\Users\Administrator\AppData\Local\Temp\VMBuilds\Temperature_control_box\Arduino_STM32-master_genericSTM32F103R\Release\core.a(exti.c.o)
                0x08001ac0                __irq_exti2
 .text.__irq_exti3
                0x08001ae0       0x20 C:\Users\Administrator\AppData\Local\Temp\VMBuilds\Temperature_control_box\Arduino_STM32-master_genericSTM32F103R\Release\core.a(exti.c.o)
                0x08001ae0                __irq_exti3
 .text.__irq_exti4
                0x08001b00       0x20 C:\Users\Administrator\AppData\Local\Temp\VMBuilds\Temperature_control_box\Arduino_STM32-master_genericSTM32F103R\Release\core.a(exti.c.o)
                0x08001b00                __irq_exti4
 .text.__irq_exti9_5
                0x08001b20       0x48 C:\Users\Administrator\AppData\Local\Temp\VMBuilds\Temperature_control_box\Arduino_STM32-master_genericSTM32F103R\Release\core.a(exti.c.o)
                0x08001b20                __irq_exti9_5
 .text.__irq_exti15_10
                0x08001b68       0x48 C:\Users\Administrator\AppData\Local\Temp\VMBuilds\Temperature_control_box\Arduino_STM32-master_genericSTM32F103R\Release\core.a(exti.c.o)
                0x08001b68                __irq_exti15_10
 .text.flash_set_latency
                0x08001bb0       0x14 C:\Users\Administrator\AppData\Local\Temp\VMBuilds\Temperature_control_box\Arduino_STM32-master_genericSTM32F103R\Release\core.a(flash.c.o)
                0x08001bb0                flash_set_latency
 .text.gpio_init_all
                0x08001bc4       0x30 C:\Users\Administrator\AppData\Local\Temp\VMBuilds\Temperature_control_box\Arduino_STM32-master_genericSTM32F103R\Release\core.a(gpio_f1.c.o)
                0x08001bc4                gpio_init_all
 .text.gpio_set_mode
                0x08001bf4       0x4e C:\Users\Administrator\AppData\Local\Temp\VMBuilds\Temperature_control_box\Arduino_STM32-master_genericSTM32F103R\Release\core.a(gpio_f1.c.o)
                0x08001bf4                gpio_set_mode
 .text.afio_init
                0x08001c42       0x12 C:\Users\Administrator\AppData\Local\Temp\VMBuilds\Temperature_control_box\Arduino_STM32-master_genericSTM32F103R\Release\core.a(gpio_f1.c.o)
                0x08001c42                afio_init
 .text.__irq_i2c1_ev
                0x08001c54        0xc C:\Users\Administrator\AppData\Local\Temp\VMBuilds\Temperature_control_box\Arduino_STM32-master_genericSTM32F103R\Release\core.a(i2c_f1.c.o)
                0x08001c54                __irq_i2c1_ev
 .text.__irq_i2c2_ev
                0x08001c60        0xc C:\Users\Administrator\AppData\Local\Temp\VMBuilds\Temperature_control_box\Arduino_STM32-master_genericSTM32F103R\Release\core.a(i2c_f1.c.o)
                0x08001c60                __irq_i2c2_ev
 .text.__irq_i2c1_er
                0x08001c6c        0xc C:\Users\Administrator\AppData\Local\Temp\VMBuilds\Temperature_control_box\Arduino_STM32-master_genericSTM32F103R\Release\core.a(i2c_f1.c.o)
                0x08001c6c                __irq_i2c1_er
 .text.__irq_i2c2_er
                0x08001c78        0xc C:\Users\Administrator\AppData\Local\Temp\VMBuilds\Temperature_control_box\Arduino_STM32-master_genericSTM32F103R\Release\core.a(i2c_f1.c.o)
                0x08001c78                __irq_i2c2_er
 .text._i2c_irq_priority_fixup
                0x08001c84       0x1c C:\Users\Administrator\AppData\Local\Temp\VMBuilds\Temperature_control_box\Arduino_STM32-master_genericSTM32F103R\Release\core.a(i2c_f1.c.o)
                0x08001c84                _i2c_irq_priority_fixup
 .text.nvic_irq_set_priority
                0x08001ca0       0x28 C:\Users\Administrator\AppData\Local\Temp\VMBuilds\Temperature_control_box\Arduino_STM32-master_genericSTM32F103R\Release\core.a(nvic.c.o)
                0x08001ca0                nvic_irq_set_priority
 .text.nvic_init
                0x08001cc8       0x2c C:\Users\Administrator\AppData\Local\Temp\VMBuilds\Temperature_control_box\Arduino_STM32-master_genericSTM32F103R\Release\core.a(nvic.c.o)
                0x08001cc8                nvic_init
 .text.nvic_sys_reset
                0x08001cf4       0x1c C:\Users\Administrator\AppData\Local\Temp\VMBuilds\Temperature_control_box\Arduino_STM32-master_genericSTM32F103R\Release\core.a(nvic.c.o)
                0x08001cf4                nvic_sys_reset
 .text.rcc_dev_clk
                0x08001d10        0xc C:\Users\Administrator\AppData\Local\Temp\VMBuilds\Temperature_control_box\Arduino_STM32-master_genericSTM32F103R\Release\core.a(rcc.c.o)
                0x08001d10                rcc_dev_clk
 .text.rcc_switch_sysclk
                0x08001d1c       0x20 C:\Users\Administrator\AppData\Local\Temp\VMBuilds\Temperature_control_box\Arduino_STM32-master_genericSTM32F103R\Release\core.a(rcc.c.o)
                0x08001d1c                rcc_switch_sysclk
 .text.rcc_turn_on_clk
                0x08001d3c       0x18 C:\Users\Administrator\AppData\Local\Temp\VMBuilds\Temperature_control_box\Arduino_STM32-master_genericSTM32F103R\Release\core.a(rcc.c.o)
                0x08001d3c                rcc_turn_on_clk
 .text.rcc_turn_off_clk
                0x08001d54       0x1c C:\Users\Administrator\AppData\Local\Temp\VMBuilds\Temperature_control_box\Arduino_STM32-master_genericSTM32F103R\Release\core.a(rcc.c.o)
                0x08001d54                rcc_turn_off_clk
 .text.rcc_is_clk_ready
                0x08001d70       0x18 C:\Users\Administrator\AppData\Local\Temp\VMBuilds\Temperature_control_box\Arduino_STM32-master_genericSTM32F103R\Release\core.a(rcc.c.o)
                0x08001d70                rcc_is_clk_ready
 .text.rcc_configure_pll
                0x08001d88       0x1c C:\Users\Administrator\AppData\Local\Temp\VMBuilds\Temperature_control_box\Arduino_STM32-master_genericSTM32F103R\Release\core.a(rcc_f1.c.o)
                0x08001d88                rcc_configure_pll
 .text.rcc_clk_enable
                0x08001da4       0x30 C:\Users\Administrator\AppData\Local\Temp\VMBuilds\Temperature_control_box\Arduino_STM32-master_genericSTM32F103R\Release\core.a(rcc_f1.c.o)
                0x08001da4                rcc_clk_enable
 .text.rcc_reset_dev
                0x08001dd4       0x34 C:\Users\Administrator\AppData\Local\Temp\VMBuilds\Temperature_control_box\Arduino_STM32-master_genericSTM32F103R\Release\core.a(rcc_f1.c.o)
                0x08001dd4                rcc_reset_dev
 .text.rcc_set_prescaler
                0x08001e08       0x20 C:\Users\Administrator\AppData\Local\Temp\VMBuilds\Temperature_control_box\Arduino_STM32-master_genericSTM32F103R\Release\core.a(rcc_f1.c.o)
                0x08001e08                rcc_set_prescaler
 .text.rcc_clk_disable
                0x08001e28       0x30 C:\Users\Administrator\AppData\Local\Temp\VMBuilds\Temperature_control_box\Arduino_STM32-master_genericSTM32F103R\Release\core.a(rcc_f1.c.o)
                0x08001e28                rcc_clk_disable
 .text.systick_init
                0x08001e58       0x10 C:\Users\Administrator\AppData\Local\Temp\VMBuilds\Temperature_control_box\Arduino_STM32-master_genericSTM32F103R\Release\core.a(systick.c.o)
                0x08001e58                systick_init
 .text.__exc_systick
                0x08001e68       0x1c C:\Users\Administrator\AppData\Local\Temp\VMBuilds\Temperature_control_box\Arduino_STM32-master_genericSTM32F103R\Release\core.a(systick.c.o)
                0x08001e68                __exc_systick
 .text.timer_oc_set_mode
                0x08001e84       0x32 C:\Users\Administrator\AppData\Local\Temp\VMBuilds\Temperature_control_box\Arduino_STM32-master_genericSTM32F103R\Release\core.a(timer.c.o)
 .text.timer_cc_enable
                0x08001eb6       0x1c C:\Users\Administrator\AppData\Local\Temp\VMBuilds\Temperature_control_box\Arduino_STM32-master_genericSTM32F103R\Release\core.a(timer.c.o)
 *fill*         0x08001ed2        0x2 
 .text.timer_foreach
                0x08001ed4       0x4c C:\Users\Administrator\AppData\Local\Temp\VMBuilds\Temperature_control_box\Arduino_STM32-master_genericSTM32F103R\Release\core.a(timer.c.o)
                0x08001ed4                timer_foreach
 .text.timer_init
                0x08001f20       0x14 C:\Users\Administrator\AppData\Local\Temp\VMBuilds\Temperature_control_box\Arduino_STM32-master_genericSTM32F103R\Release\core.a(timer.c.o)
                0x08001f20                timer_init
 .text.timer_has_cc_channel
                0x08001f34       0x30 C:\Users\Administrator\AppData\Local\Temp\VMBuilds\Temperature_control_box\Arduino_STM32-master_genericSTM32F103R\Release\core.a(timer.c.o)
                0x08001f34                timer_has_cc_channel
 .text.timer_detach_interrupt
                0x08001f64       0x1e C:\Users\Administrator\AppData\Local\Temp\VMBuilds\Temperature_control_box\Arduino_STM32-master_genericSTM32F103R\Release\core.a(timer.c.o)
                0x08001f64                timer_detach_interrupt
 .text.input_capture_mode
                0x08001f82       0x1a C:\Users\Administrator\AppData\Local\Temp\VMBuilds\Temperature_control_box\Arduino_STM32-master_genericSTM32F103R\Release\core.a(timer.c.o)
                0x08001f82                input_capture_mode
 .text.timer_set_mode
                0x08001f9c       0x8e C:\Users\Administrator\AppData\Local\Temp\VMBuilds\Temperature_control_box\Arduino_STM32-master_genericSTM32F103R\Release\core.a(timer.c.o)
                0x08001f9c                timer_set_mode
 *fill*         0x0800202a        0x2 
 .text.__irq_tim1_brk
                0x0800202c       0x24 C:\Users\Administrator\AppData\Local\Temp\VMBuilds\Temperature_control_box\Arduino_STM32-master_genericSTM32F103R\Release\core.a(timer.c.o)
                0x0800202c                __irq_tim1_brk
 .text.__irq_tim1_up
                0x08002050       0x24 C:\Users\Administrator\AppData\Local\Temp\VMBuilds\Temperature_control_box\Arduino_STM32-master_genericSTM32F103R\Release\core.a(timer.c.o)
                0x08002050                __irq_tim1_up
 .text.__irq_tim1_trg_com
                0x08002074       0x38 C:\Users\Administrator\AppData\Local\Temp\VMBuilds\Temperature_control_box\Arduino_STM32-master_genericSTM32F103R\Release\core.a(timer.c.o)
                0x08002074                __irq_tim1_trg_com
 .text.__irq_tim1_cc
                0x080020ac       0x54 C:\Users\Administrator\AppData\Local\Temp\VMBuilds\Temperature_control_box\Arduino_STM32-master_genericSTM32F103R\Release\core.a(timer.c.o)
                0x080020ac                __irq_tim1_cc
 .text.__irq_tim2
                0x08002100       0x70 C:\Users\Administrator\AppData\Local\Temp\VMBuilds\Temperature_control_box\Arduino_STM32-master_genericSTM32F103R\Release\core.a(timer.c.o)
                0x08002100                __irq_tim2
 .text.__irq_tim3
                0x08002170       0x70 C:\Users\Administrator\AppData\Local\Temp\VMBuilds\Temperature_control_box\Arduino_STM32-master_genericSTM32F103R\Release\core.a(timer.c.o)
                0x08002170                __irq_tim3
 .text.__irq_tim4
                0x080021e0       0x70 C:\Users\Administrator\AppData\Local\Temp\VMBuilds\Temperature_control_box\Arduino_STM32-master_genericSTM32F103R\Release\core.a(timer.c.o)
                0x080021e0                __irq_tim4
 .text.__irq_tim5
                0x08002250       0x70 C:\Users\Administrator\AppData\Local\Temp\VMBuilds\Temperature_control_box\Arduino_STM32-master_genericSTM32F103R\Release\core.a(timer.c.o)
                0x08002250                __irq_tim5
 .text.__irq_tim6
                0x080022c0       0x24 C:\Users\Administrator\AppData\Local\Temp\VMBuilds\Temperature_control_box\Arduino_STM32-master_genericSTM32F103R\Release\core.a(timer.c.o)
                0x080022c0                __irq_tim6
 .text.__irq_tim7
                0x080022e4       0x24 C:\Users\Administrator\AppData\Local\Temp\VMBuilds\Temperature_control_box\Arduino_STM32-master_genericSTM32F103R\Release\core.a(timer.c.o)
                0x080022e4                __irq_tim7
 .text.__irq_tim8_brk
                0x08002308       0x24 C:\Users\Administrator\AppData\Local\Temp\VMBuilds\Temperature_control_box\Arduino_STM32-master_genericSTM32F103R\Release\core.a(timer.c.o)
                0x08002308                __irq_tim8_brk
 .text.__irq_tim8_up
                0x0800232c       0x24 C:\Users\Administrator\AppData\Local\Temp\VMBuilds\Temperature_control_box\Arduino_STM32-master_genericSTM32F103R\Release\core.a(timer.c.o)
                0x0800232c                __irq_tim8_up
 .text.__irq_tim8_trg_com
                0x08002350       0x38 C:\Users\Administrator\AppData\Local\Temp\VMBuilds\Temperature_control_box\Arduino_STM32-master_genericSTM32F103R\Release\core.a(timer.c.o)
                0x08002350                __irq_tim8_trg_com
 .text.__irq_tim8_cc
                0x08002388       0x54 C:\Users\Administrator\AppData\Local\Temp\VMBuilds\Temperature_control_box\Arduino_STM32-master_genericSTM32F103R\Release\core.a(timer.c.o)
                0x08002388                __irq_tim8_cc
 .text.rb_remove
                0x080023dc       0x22 C:\Users\Administrator\AppData\Local\Temp\VMBuilds\Temperature_control_box\Arduino_STM32-master_genericSTM32F103R\Release\core.a(usart_f1.c.o)
 .text.rb_push_insert
                0x080023fe       0x4a C:\Users\Administrator\AppData\Local\Temp\VMBuilds\Temperature_control_box\Arduino_STM32-master_genericSTM32F103R\Release\core.a(usart_f1.c.o)
 .text.usart_config_gpios_async
                0x08002448       0x4a C:\Users\Administrator\AppData\Local\Temp\VMBuilds\Temperature_control_box\Arduino_STM32-master_genericSTM32F103R\Release\core.a(usart_f1.c.o)
                0x08002448                usart_config_gpios_async
 .text.usart_set_baud_rate
                0x08002492       0x3a C:\Users\Administrator\AppData\Local\Temp\VMBuilds\Temperature_control_box\Arduino_STM32-master_genericSTM32F103R\Release\core.a(usart_f1.c.o)
                0x08002492                usart_set_baud_rate
 .text.__irq_usart1
                0x080024cc       0x50 C:\Users\Administrator\AppData\Local\Temp\VMBuilds\Temperature_control_box\Arduino_STM32-master_genericSTM32F103R\Release\core.a(usart_f1.c.o)
                0x080024cc                __irq_usart1
 .text.__irq_usart2
                0x0800251c       0x50 C:\Users\Administrator\AppData\Local\Temp\VMBuilds\Temperature_control_box\Arduino_STM32-master_genericSTM32F103R\Release\core.a(usart_f1.c.o)
                0x0800251c                __irq_usart2
 .text.__irq_usart3
                0x0800256c       0x50 C:\Users\Administrator\AppData\Local\Temp\VMBuilds\Temperature_control_box\Arduino_STM32-master_genericSTM32F103R\Release\core.a(usart_f1.c.o)
                0x0800256c                __irq_usart3
 .text.__irq_uart4
                0x080025bc       0x50 C:\Users\Administrator\AppData\Local\Temp\VMBuilds\Temperature_control_box\Arduino_STM32-master_genericSTM32F103R\Release\core.a(usart_f1.c.o)
                0x080025bc                __irq_uart4
 .text.__irq_uart5
                0x0800260c       0x50 C:\Users\Administrator\AppData\Local\Temp\VMBuilds\Temperature_control_box\Arduino_STM32-master_genericSTM32F103R\Release\core.a(usart_f1.c.o)
                0x0800260c                __irq_uart5
 .text._usart_clock_freq
                0x0800265c       0x24 C:\Users\Administrator\AppData\Local\Temp\VMBuilds\Temperature_control_box\Arduino_STM32-master_genericSTM32F103R\Release\core.a(usart_private.c.o)
                0x0800265c                _usart_clock_freq
 .text.throb    0x08002680       0x54 C:\Users\Administrator\AppData\Local\Temp\VMBuilds\Temperature_control_box\Arduino_STM32-master_genericSTM32F103R\Release\core.a(util.c.o)
                0x08002680                throb
 .text.__error  0x080026d4       0x14 C:\Users\Administrator\AppData\Local\Temp\VMBuilds\Temperature_control_box\Arduino_STM32-master_genericSTM32F103R\Release\core.a(util.c.o)
                0x080026d4                __error
 .text.set_rx_tx_status0
                0x080026e8       0x30 C:\Users\Administrator\AppData\Local\Temp\VMBuilds\Temperature_control_box\Arduino_STM32-master_genericSTM32F103R\Release\core.a(usb.c.o)
 .text.usb_resume
                0x08002718       0xb0 C:\Users\Administrator\AppData\Local\Temp\VMBuilds\Temperature_control_box\Arduino_STM32-master_genericSTM32F103R\Release\core.a(usb.c.o)
 .text.usb_init_usblib
                0x080027c8       0x48 C:\Users\Administrator\AppData\Local\Temp\VMBuilds\Temperature_control_box\Arduino_STM32-master_genericSTM32F103R\Release\core.a(usb.c.o)
                0x080027c8                usb_init_usblib
 .text.__irq_usb_lp_can_rx0
                0x08002810      0x18c C:\Users\Administrator\AppData\Local\Temp\VMBuilds\Temperature_control_box\Arduino_STM32-master_genericSTM32F103R\Release\core.a(usb.c.o)
                0x08002810                __irq_usb_lp_can_rx0
 .text.usb_set_ep_rx_stat
                0x0800299c       0x22 C:\Users\Administrator\AppData\Local\Temp\VMBuilds\Temperature_control_box\Arduino_STM32-master_genericSTM32F103R\Release\core.a(usb_cdcacm.c.o)
 *fill*         0x080029be        0x2 
 .text.vcomGetSetLineCoding
                0x080029c0       0x18 C:\Users\Administrator\AppData\Local\Temp\VMBuilds\Temperature_control_box\Arduino_STM32-master_genericSTM32F103R\Release\core.a(usb_cdcacm.c.o)
 .text.usbInit  0x080029d8       0x44 C:\Users\Administrator\AppData\Local\Temp\VMBuilds\Temperature_control_box\Arduino_STM32-master_genericSTM32F103R\Release\core.a(usb_cdcacm.c.o)
 .text.usbNoDataSetup
                0x08002a1c       0x50 C:\Users\Administrator\AppData\Local\Temp\VMBuilds\Temperature_control_box\Arduino_STM32-master_genericSTM32F103R\Release\core.a(usb_cdcacm.c.o)
 .text.usbGetInterfaceSetting
                0x08002a6c       0x10 C:\Users\Administrator\AppData\Local\Temp\VMBuilds\Temperature_control_box\Arduino_STM32-master_genericSTM32F103R\Release\core.a(usb_cdcacm.c.o)
 .text.usbSetConfiguration
                0x08002a7c       0x1c C:\Users\Administrator\AppData\Local\Temp\VMBuilds\Temperature_control_box\Arduino_STM32-master_genericSTM32F103R\Release\core.a(usb_cdcacm.c.o)
 .text.usbSetDeviceAddress
                0x08002a98       0x10 C:\Users\Administrator\AppData\Local\Temp\VMBuilds\Temperature_control_box\Arduino_STM32-master_genericSTM32F103R\Release\core.a(usb_cdcacm.c.o)
 .text.usbGetStringDescriptor
                0x08002aa8       0x20 C:\Users\Administrator\AppData\Local\Temp\VMBuilds\Temperature_control_box\Arduino_STM32-master_genericSTM32F103R\Release\core.a(usb_cdcacm.c.o)
 .text.usbGetConfigDescriptor
                0x08002ac8        0xc C:\Users\Administrator\AppData\Local\Temp\VMBuilds\Temperature_control_box\Arduino_STM32-master_genericSTM32F103R\Release\core.a(usb_cdcacm.c.o)
 .text.usbGetDeviceDescriptor
                0x08002ad4        0xc C:\Users\Administrator\AppData\Local\Temp\VMBuilds\Temperature_control_box\Arduino_STM32-master_genericSTM32F103R\Release\core.a(usb_cdcacm.c.o)
 .text.usbDataSetup
                0x08002ae0       0x54 C:\Users\Administrator\AppData\Local\Temp\VMBuilds\Temperature_control_box\Arduino_STM32-master_genericSTM32F103R\Release\core.a(usb_cdcacm.c.o)
 .text.vcomDataRxCb
                0x08002b34       0x8c C:\Users\Administrator\AppData\Local\Temp\VMBuilds\Temperature_control_box\Arduino_STM32-master_genericSTM32F103R\Release\core.a(usb_cdcacm.c.o)
 .text.vcomDataTxCb
                0x08002bc0       0xa0 C:\Users\Administrator\AppData\Local\Temp\VMBuilds\Temperature_control_box\Arduino_STM32-master_genericSTM32F103R\Release\core.a(usb_cdcacm.c.o)
 .text.usb_cdcacm_tx.part.2
                0x08002c60       0x54 C:\Users\Administrator\AppData\Local\Temp\VMBuilds\Temperature_control_box\Arduino_STM32-master_genericSTM32F103R\Release\core.a(usb_cdcacm.c.o)
 .text.usbReset
                0x08002cb4      0x15c C:\Users\Administrator\AppData\Local\Temp\VMBuilds\Temperature_control_box\Arduino_STM32-master_genericSTM32F103R\Release\core.a(usb_cdcacm.c.o)
 .text.usb_cdcacm_set_hooks
                0x08002e10       0x1c C:\Users\Administrator\AppData\Local\Temp\VMBuilds\Temperature_control_box\Arduino_STM32-master_genericSTM32F103R\Release\core.a(usb_cdcacm.c.o)
                0x08002e10                usb_cdcacm_set_hooks
 .text.usb_cdcacm_enable
                0x08002e2c       0x34 C:\Users\Administrator\AppData\Local\Temp\VMBuilds\Temperature_control_box\Arduino_STM32-master_genericSTM32F103R\Release\core.a(usb_cdcacm.c.o)
                0x08002e2c                usb_cdcacm_enable
 .text.usb_cdcacm_tx
                0x08002e60        0xa C:\Users\Administrator\AppData\Local\Temp\VMBuilds\Temperature_control_box\Arduino_STM32-master_genericSTM32F103R\Release\core.a(usb_cdcacm.c.o)
                0x08002e60                usb_cdcacm_tx
 *fill*         0x08002e6a        0x2 
 .text.usb_cdcacm_data_available
                0x08002e6c       0x18 C:\Users\Administrator\AppData\Local\Temp\VMBuilds\Temperature_control_box\Arduino_STM32-master_genericSTM32F103R\Release\core.a(usb_cdcacm.c.o)
                0x08002e6c                usb_cdcacm_data_available
 .text.usb_cdcacm_peek
                0x08002e84       0x38 C:\Users\Administrator\AppData\Local\Temp\VMBuilds\Temperature_control_box\Arduino_STM32-master_genericSTM32F103R\Release\core.a(usb_cdcacm.c.o)
                0x08002e84                usb_cdcacm_peek
 .text.usb_cdcacm_rx
                0x08002ebc       0x34 C:\Users\Administrator\AppData\Local\Temp\VMBuilds\Temperature_control_box\Arduino_STM32-master_genericSTM32F103R\Release\core.a(usb_cdcacm.c.o)
                0x08002ebc                usb_cdcacm_rx
 .text.usb_cdcacm_peek_ex
                0x08002ef0       0x40 C:\Users\Administrator\AppData\Local\Temp\VMBuilds\Temperature_control_box\Arduino_STM32-master_genericSTM32F103R\Release\core.a(usb_cdcacm.c.o)
                0x08002ef0                usb_cdcacm_peek_ex
 .text.usb_cdcacm_get_dtr
                0x08002f30       0x10 C:\Users\Administrator\AppData\Local\Temp\VMBuilds\Temperature_control_box\Arduino_STM32-master_genericSTM32F103R\Release\core.a(usb_cdcacm.c.o)
                0x08002f30                usb_cdcacm_get_dtr
 .text.usb_set_ep_rx_count
                0x08002f40       0x40 C:\Users\Administrator\AppData\Local\Temp\VMBuilds\Temperature_control_box\Arduino_STM32-master_genericSTM32F103R\Release\core.a(usb_reg_map.c.o)
                0x08002f40                usb_set_ep_rx_count
 .text.Standard_GetConfiguration
                0x08002f80       0x24 C:\Users\Administrator\AppData\Local\Temp\VMBuilds\Temperature_control_box\Arduino_STM32-master_genericSTM32F103R\Release\core.a(usb_core.c.o)
                0x08002f80                Standard_GetConfiguration
 .text.Standard_GetInterface
                0x08002fa4       0x24 C:\Users\Administrator\AppData\Local\Temp\VMBuilds\Temperature_control_box\Arduino_STM32-master_genericSTM32F103R\Release\core.a(usb_core.c.o)
                0x08002fa4                Standard_GetInterface
 .text.Standard_GetStatus
                0x08002fc8       0x88 C:\Users\Administrator\AppData\Local\Temp\VMBuilds\Temperature_control_box\Arduino_STM32-master_genericSTM32F103R\Release\core.a(usb_core.c.o)
                0x08002fc8                Standard_GetStatus
 .text.DataStageIn
                0x08003050       0xac C:\Users\Administrator\AppData\Local\Temp\VMBuilds\Temperature_control_box\Arduino_STM32-master_genericSTM32F103R\Release\core.a(usb_core.c.o)
 .text.Standard_SetConfiguration
                0x080030fc       0x38 C:\Users\Administrator\AppData\Local\Temp\VMBuilds\Temperature_control_box\Arduino_STM32-master_genericSTM32F103R\Release\core.a(usb_core.c.o)
                0x080030fc                Standard_SetConfiguration
 .text.Standard_SetInterface
                0x08003134       0x4c C:\Users\Administrator\AppData\Local\Temp\VMBuilds\Temperature_control_box\Arduino_STM32-master_genericSTM32F103R\Release\core.a(usb_core.c.o)
                0x08003134                Standard_SetInterface
 .text.Standard_ClearFeature
                0x08003180       0xc4 C:\Users\Administrator\AppData\Local\Temp\VMBuilds\Temperature_control_box\Arduino_STM32-master_genericSTM32F103R\Release\core.a(usb_core.c.o)
                0x08003180                Standard_ClearFeature
 .text.Standard_SetEndPointFeature
                0x08003244       0x7c C:\Users\Administrator\AppData\Local\Temp\VMBuilds\Temperature_control_box\Arduino_STM32-master_genericSTM32F103R\Release\core.a(usb_core.c.o)
                0x08003244                Standard_SetEndPointFeature
 .text.Standard_SetDeviceFeature
                0x080032c0       0x24 C:\Users\Administrator\AppData\Local\Temp\VMBuilds\Temperature_control_box\Arduino_STM32-master_genericSTM32F103R\Release\core.a(usb_core.c.o)
                0x080032c0                Standard_SetDeviceFeature
 .text.Standard_GetDescriptorData
                0x080032e4       0x1c C:\Users\Administrator\AppData\Local\Temp\VMBuilds\Temperature_control_box\Arduino_STM32-master_genericSTM32F103R\Release\core.a(usb_core.c.o)
                0x080032e4                Standard_GetDescriptorData
 .text.Post0_Process
                0x08003300       0x40 C:\Users\Administrator\AppData\Local\Temp\VMBuilds\Temperature_control_box\Arduino_STM32-master_genericSTM32F103R\Release\core.a(usb_core.c.o)
                0x08003300                Post0_Process
 .text.Setup0_Process
                0x08003340      0x2b8 C:\Users\Administrator\AppData\Local\Temp\VMBuilds\Temperature_control_box\Arduino_STM32-master_genericSTM32F103R\Release\core.a(usb_core.c.o)
                0x08003340                Setup0_Process
 .text.Out0_Process
                0x080035f8       0xc0 C:\Users\Administrator\AppData\Local\Temp\VMBuilds\Temperature_control_box\Arduino_STM32-master_genericSTM32F103R\Release\core.a(usb_core.c.o)
                0x080035f8                Out0_Process
 .text.SetDeviceAddress
                0x080036b8       0x38 C:\Users\Administrator\AppData\Local\Temp\VMBuilds\Temperature_control_box\Arduino_STM32-master_genericSTM32F103R\Release\core.a(usb_core.c.o)
                0x080036b8                SetDeviceAddress
 .text.In0_Process
                0x080036f0       0x5c C:\Users\Administrator\AppData\Local\Temp\VMBuilds\Temperature_control_box\Arduino_STM32-master_genericSTM32F103R\Release\core.a(usb_core.c.o)
                0x080036f0                In0_Process
 .text.NOP_Process
                0x0800374c        0x2 C:\Users\Administrator\AppData\Local\Temp\VMBuilds\Temperature_control_box\Arduino_STM32-master_genericSTM32F103R\Release\core.a(usb_core.c.o)
                0x0800374c                NOP_Process
 .text.UserToPMABufferCopy
                0x0800374e       0x1e C:\Users\Administrator\AppData\Local\Temp\VMBuilds\Temperature_control_box\Arduino_STM32-master_genericSTM32F103R\Release\core.a(usb_mem.c.o)
                0x0800374e                UserToPMABufferCopy
 .text.PMAToUserBufferCopy
                0x0800376c       0x24 C:\Users\Administrator\AppData\Local\Temp\VMBuilds\Temperature_control_box\Arduino_STM32-master_genericSTM32F103R\Release\core.a(usb_mem.c.o)
                0x0800376c                PMAToUserBufferCopy
 .text.SetEPTxStatus
                0x08003790       0x2a C:\Users\Administrator\AppData\Local\Temp\VMBuilds\Temperature_control_box\Arduino_STM32-master_genericSTM32F103R\Release\core.a(usb_regs.c.o)
                0x08003790                SetEPTxStatus
 .text.ClearDTOG_RX
                0x080037ba       0x26 C:\Users\Administrator\AppData\Local\Temp\VMBuilds\Temperature_control_box\Arduino_STM32-master_genericSTM32F103R\Release\core.a(usb_regs.c.o)
                0x080037ba                ClearDTOG_RX
 .text.ClearDTOG_TX
                0x080037e0       0x26 C:\Users\Administrator\AppData\Local\Temp\VMBuilds\Temperature_control_box\Arduino_STM32-master_genericSTM32F103R\Release\core.a(usb_regs.c.o)
                0x080037e0                ClearDTOG_TX
 *fill*         0x08003806        0x2 
 .text.GetEPTxAddr
                0x08003808       0x1c C:\Users\Administrator\AppData\Local\Temp\VMBuilds\Temperature_control_box\Arduino_STM32-master_genericSTM32F103R\Release\core.a(usb_regs.c.o)
                0x08003808                GetEPTxAddr
 .text.GetEPRxAddr
                0x08003824       0x1c C:\Users\Administrator\AppData\Local\Temp\VMBuilds\Temperature_control_box\Arduino_STM32-master_genericSTM32F103R\Release\core.a(usb_regs.c.o)
                0x08003824                GetEPRxAddr
 .text.SetEPTxCount
                0x08003840       0x1c C:\Users\Administrator\AppData\Local\Temp\VMBuilds\Temperature_control_box\Arduino_STM32-master_genericSTM32F103R\Release\core.a(usb_regs.c.o)
                0x08003840                SetEPTxCount
 .text.SetEPRxCount
                0x0800385c       0x40 C:\Users\Administrator\AppData\Local\Temp\VMBuilds\Temperature_control_box\Arduino_STM32-master_genericSTM32F103R\Release\core.a(usb_regs.c.o)
                0x0800385c                SetEPRxCount
 .text.rb_full_count
                0x0800389c       0x18 C:\Users\Administrator\AppData\Local\Temp\VMBuilds\Temperature_control_box\Arduino_STM32-master_genericSTM32F103R\Release\core.a(HardwareSerial.cpp.o)
 .text._ZN14HardwareSerial4readEv
                0x080038b4       0x38 C:\Users\Administrator\AppData\Local\Temp\VMBuilds\Temperature_control_box\Arduino_STM32-master_genericSTM32F103R\Release\core.a(HardwareSerial.cpp.o)
                0x080038b4                HardwareSerial::read()
 .text._ZN14HardwareSerial9availableEv
                0x080038ec        0xc C:\Users\Administrator\AppData\Local\Temp\VMBuilds\Temperature_control_box\Arduino_STM32-master_genericSTM32F103R\Release\core.a(HardwareSerial.cpp.o)
                0x080038ec                HardwareSerial::available()
 .text._ZN14HardwareSerial4peekEv
                0x080038f8       0x20 C:\Users\Administrator\AppData\Local\Temp\VMBuilds\Temperature_control_box\Arduino_STM32-master_genericSTM32F103R\Release\core.a(HardwareSerial.cpp.o)
                0x080038f8                HardwareSerial::peek()
 .text._ZN14HardwareSerial5flushEv
                0x08003918       0x18 C:\Users\Administrator\AppData\Local\Temp\VMBuilds\Temperature_control_box\Arduino_STM32-master_genericSTM32F103R\Release\core.a(HardwareSerial.cpp.o)
                0x08003918                HardwareSerial::flush()
 .text._ZN14HardwareSerial5writeEh
                0x08003930       0x1e C:\Users\Administrator\AppData\Local\Temp\VMBuilds\Temperature_control_box\Arduino_STM32-master_genericSTM32F103R\Release\core.a(HardwareSerial.cpp.o)
                0x08003930                HardwareSerial::write(unsigned char)
 *fill*         0x0800394e        0x2 
 .text._ZN14HardwareSerialC2EP9usart_devhh
                0x08003950       0x20 C:\Users\Administrator\AppData\Local\Temp\VMBuilds\Temperature_control_box\Arduino_STM32-master_genericSTM32F103R\Release\core.a(HardwareSerial.cpp.o)
                0x08003950                HardwareSerial::HardwareSerial(usart_dev*, unsigned char, unsigned char)
                0x08003950                HardwareSerial::HardwareSerial(usart_dev*, unsigned char, unsigned char)
 .text._ZN14HardwareSerial5beginEmh
                0x08003970       0x68 C:\Users\Administrator\AppData\Local\Temp\VMBuilds\Temperature_control_box\Arduino_STM32-master_genericSTM32F103R\Release\core.a(HardwareSerial.cpp.o)
                0x08003970                HardwareSerial::begin(unsigned long, unsigned char)
 .text._ZN14HardwareSerial5beginEm
                0x080039d8        0x6 C:\Users\Administrator\AppData\Local\Temp\VMBuilds\Temperature_control_box\Arduino_STM32-master_genericSTM32F103R\Release\core.a(HardwareSerial.cpp.o)
                0x080039d8                HardwareSerial::begin(unsigned long)
 .text.startup._Z7premainv
                0x080039de        0x4 C:\Users\Administrator\AppData\Local\Temp\VMBuilds\Temperature_control_box\Arduino_STM32-master_genericSTM32F103R\Release\core.a(main.cpp.o)
                0x080039de                premain()
 .text.startup.main
                0x080039e2        0xc C:\Users\Administrator\AppData\Local\Temp\VMBuilds\Temperature_control_box\Arduino_STM32-master_genericSTM32F103R\Release\core.a(main.cpp.o)
                0x080039e2                main
 .text._ZN5Print5writeEPKvm
                0x080039ee       0x20 C:\Users\Administrator\AppData\Local\Temp\VMBuilds\Temperature_control_box\Arduino_STM32-master_genericSTM32F103R\Release\core.a(Print.cpp.o)
                0x080039ee                Print::write(void const*, unsigned long)
 .text._ZN5Print5writeEPKc
                0x08003a0e       0x20 C:\Users\Administrator\AppData\Local\Temp\VMBuilds\Temperature_control_box\Arduino_STM32-master_genericSTM32F103R\Release\core.a(Print.cpp.o)
                0x08003a0e                Print::write(char const*)
 .text._ZN5Print5printERK6String
                0x08003a2e        0xa C:\Users\Administrator\AppData\Local\Temp\VMBuilds\Temperature_control_box\Arduino_STM32-master_genericSTM32F103R\Release\core.a(Print.cpp.o)
                0x08003a2e                Print::print(String const&)
 .text._ZN5Print5printEc
                0x08003a38        0x6 C:\Users\Administrator\AppData\Local\Temp\VMBuilds\Temperature_control_box\Arduino_STM32-master_genericSTM32F103R\Release\core.a(Print.cpp.o)
                0x08003a38                Print::print(char)
 .text._ZN5Print5printEPKc
                0x08003a3e        0x6 C:\Users\Administrator\AppData\Local\Temp\VMBuilds\Temperature_control_box\Arduino_STM32-master_genericSTM32F103R\Release\core.a(Print.cpp.o)
                0x08003a3e                Print::print(char const*)
 .text._ZN5Print7printlnEv
                0x08003a44       0x18 C:\Users\Administrator\AppData\Local\Temp\VMBuilds\Temperature_control_box\Arduino_STM32-master_genericSTM32F103R\Release\core.a(Print.cpp.o)
                0x08003a44                Print::println()
 .text._ZN5Print7printlnEPKc
                0x08003a5c       0x14 C:\Users\Administrator\AppData\Local\Temp\VMBuilds\Temperature_control_box\Arduino_STM32-master_genericSTM32F103R\Release\core.a(Print.cpp.o)
                0x08003a5c                Print::println(char const*)
 .text._ZN5Print11printNumberEyh
                0x08003a70       0x6c C:\Users\Administrator\AppData\Local\Temp\VMBuilds\Temperature_control_box\Arduino_STM32-master_genericSTM32F103R\Release\core.a(Print.cpp.o)
                0x08003a70                Print::printNumber(unsigned long long, unsigned char)
 .text._ZN5Print5printExi
                0x08003adc       0x32 C:\Users\Administrator\AppData\Local\Temp\VMBuilds\Temperature_control_box\Arduino_STM32-master_genericSTM32F103R\Release\core.a(Print.cpp.o)
                0x08003adc                Print::print(long long, int)
 .text._ZN5Print5printEii
                0x08003b0e       0x12 C:\Users\Administrator\AppData\Local\Temp\VMBuilds\Temperature_control_box\Arduino_STM32-master_genericSTM32F103R\Release\core.a(Print.cpp.o)
                0x08003b0e                Print::print(int, int)
 .text._ZN5Print7printlnEii
                0x08003b20       0x14 C:\Users\Administrator\AppData\Local\Temp\VMBuilds\Temperature_control_box\Arduino_STM32-master_genericSTM32F103R\Release\core.a(Print.cpp.o)
                0x08003b20                Print::println(int, int)
 .text._ZN5Print5printEhi
                0x08003b34       0x14 C:\Users\Administrator\AppData\Local\Temp\VMBuilds\Temperature_control_box\Arduino_STM32-master_genericSTM32F103R\Release\core.a(Print.cpp.o)
                0x08003b34                Print::print(unsigned char, int)
 .text._ZN5Print7printlnEhi
                0x08003b48       0x14 C:\Users\Administrator\AppData\Local\Temp\VMBuilds\Temperature_control_box\Arduino_STM32-master_genericSTM32F103R\Release\core.a(Print.cpp.o)
                0x08003b48                Print::println(unsigned char, int)
 .text._ZN9USBSerial9availableEv
                0x08003b5c        0x4 C:\Users\Administrator\AppData\Local\Temp\VMBuilds\Temperature_control_box\Arduino_STM32-master_genericSTM32F103R\Release\core.a(usb_serial.cpp.o)
                0x08003b5c                USBSerial::available()
 .text._ZN9USBSerial4peekEv
                0x08003b60       0x1e C:\Users\Administrator\AppData\Local\Temp\VMBuilds\Temperature_control_box\Arduino_STM32-master_genericSTM32F103R\Release\core.a(usb_serial.cpp.o)
                0x08003b60                USBSerial::peek()
 .text._ZN9USBSerial4readEv
                0x08003b7e       0x1e C:\Users\Administrator\AppData\Local\Temp\VMBuilds\Temperature_control_box\Arduino_STM32-master_genericSTM32F103R\Release\core.a(usb_serial.cpp.o)
                0x08003b7e                USBSerial::read()
 .text._ZL14ifaceSetupHookjPv
                0x08003b9c       0x38 C:\Users\Administrator\AppData\Local\Temp\VMBuilds\Temperature_control_box\Arduino_STM32-master_genericSTM32F103R\Release\core.a(usb_serial.cpp.o)
 .text._ZL6rxHookjPv
                0x08003bd4       0xa0 C:\Users\Administrator\AppData\Local\Temp\VMBuilds\Temperature_control_box\Arduino_STM32-master_genericSTM32F103R\Release\core.a(usb_serial.cpp.o)
 .text._ZL10wait_resetv
                0x08003c74       0x10 C:\Users\Administrator\AppData\Local\Temp\VMBuilds\Temperature_control_box\Arduino_STM32-master_genericSTM32F103R\Release\core.a(usb_serial.cpp.o)
 .text._ZN9USBSerial5beginEv
                0x08003c84       0x3c C:\Users\Administrator\AppData\Local\Temp\VMBuilds\Temperature_control_box\Arduino_STM32-master_genericSTM32F103R\Release\core.a(usb_serial.cpp.o)
                0x08003c84                USBSerial::begin()
 .text._ZN9USBSerial5beginEm
                0x08003cc0        0xc C:\Users\Administrator\AppData\Local\Temp\VMBuilds\Temperature_control_box\Arduino_STM32-master_genericSTM32F103R\Release\core.a(usb_serial.cpp.o)
                0x08003cc0                USBSerial::begin(unsigned long)
 .text._ZN9USBSerial5writeEPKhm
                0x08003ccc       0x44 C:\Users\Administrator\AppData\Local\Temp\VMBuilds\Temperature_control_box\Arduino_STM32-master_genericSTM32F103R\Release\core.a(usb_serial.cpp.o)
                0x08003ccc                USBSerial::write(unsigned char const*, unsigned long)
 .text._ZN9USBSerial5writeEh
                0x08003d10       0x16 C:\Users\Administrator\AppData\Local\Temp\VMBuilds\Temperature_control_box\Arduino_STM32-master_genericSTM32F103R\Release\core.a(usb_serial.cpp.o)
                0x08003d10                USBSerial::write(unsigned char)
 .text._ZN9USBSerial5writeEPKc
                0x08003d26       0x1a C:\Users\Administrator\AppData\Local\Temp\VMBuilds\Temperature_control_box\Arduino_STM32-master_genericSTM32F103R\Release\core.a(usb_serial.cpp.o)
                0x08003d26                USBSerial::write(char const*)
 .text._ZN9USBSerial4readEPhm
                0x08003d40       0x1c C:\Users\Administrator\AppData\Local\Temp\VMBuilds\Temperature_control_box\Arduino_STM32-master_genericSTM32F103R\Release\core.a(usb_serial.cpp.o)
                0x08003d40                USBSerial::read(unsigned char*, unsigned long)
 .text._ZN9USBSerial5flushEv
                0x08003d5c       0x1c C:\Users\Administrator\AppData\Local\Temp\VMBuilds\Temperature_control_box\Arduino_STM32-master_genericSTM32F103R\Release\core.a(usb_serial.cpp.o)
                0x08003d5c                USBSerial::flush()
 .text.startup._GLOBAL__sub_I__ZN9USBSerial9_hasBegunE
                0x08003d78       0x1c C:\Users\Administrator\AppData\Local\Temp\VMBuilds\Temperature_control_box\Arduino_STM32-master_genericSTM32F103R\Release\core.a(usb_serial.cpp.o)
 .text._Z12digitalWritehh
                0x08003d94       0x2c C:\Users\Administrator\AppData\Local\Temp\VMBuilds\Temperature_control_box\Arduino_STM32-master_genericSTM32F103R\Release\core.a(wirish_digital.cpp.o)
                0x08003d94                digitalWrite(unsigned char, unsigned char)
 .text._ZL6microsv
                0x08003dc0       0x34 C:\Users\Administrator\AppData\Local\Temp\VMBuilds\Temperature_control_box\Arduino_STM32-master_genericSTM32F103R\Release\core.a(wirish_time.cpp.o)
 .text._Z5delaym
                0x08003df4       0x26 C:\Users\Administrator\AppData\Local\Temp\VMBuilds\Temperature_control_box\Arduino_STM32-master_genericSTM32F103R\Release\core.a(wirish_time.cpp.o)
                0x08003df4                delay(unsigned long)
 .text._ZN6StringD2Ev
                0x08003e1a        0xe C:\Users\Administrator\AppData\Local\Temp\VMBuilds\Temperature_control_box\Arduino_STM32-master_genericSTM32F103R\Release\core.a(WString.cpp.o)
                0x08003e1a                String::~String()
                0x08003e1a                String::~String()
 .text._ZN6String10invalidateEv
                0x08003e28       0x16 C:\Users\Administrator\AppData\Local\Temp\VMBuilds\Temperature_control_box\Arduino_STM32-master_genericSTM32F103R\Release\core.a(WString.cpp.o)
                0x08003e28                String::invalidate()
 .text._ZN6String12changeBufferEj
                0x08003e3e       0x18 C:\Users\Administrator\AppData\Local\Temp\VMBuilds\Temperature_control_box\Arduino_STM32-master_genericSTM32F103R\Release\core.a(WString.cpp.o)
                0x08003e3e                String::changeBuffer(unsigned int)
 .text._ZN6String7reserveEj
                0x08003e56       0x28 C:\Users\Administrator\AppData\Local\Temp\VMBuilds\Temperature_control_box\Arduino_STM32-master_genericSTM32F103R\Release\core.a(WString.cpp.o)
                0x08003e56                String::reserve(unsigned int)
 .text._ZN6String4copyEPKcj
                0x08003e7e       0x26 C:\Users\Administrator\AppData\Local\Temp\VMBuilds\Temperature_control_box\Arduino_STM32-master_genericSTM32F103R\Release\core.a(WString.cpp.o)
                0x08003e7e                String::copy(char const*, unsigned int)
 .text._ZN6StringC2EPKc
                0x08003ea4       0x24 C:\Users\Administrator\AppData\Local\Temp\VMBuilds\Temperature_control_box\Arduino_STM32-master_genericSTM32F103R\Release\core.a(WString.cpp.o)
                0x08003ea4                String::String(char const*)
                0x08003ea4                String::String(char const*)
 .text._ZN6StringaSERKS_
                0x08003ec8       0x1e C:\Users\Administrator\AppData\Local\Temp\VMBuilds\Temperature_control_box\Arduino_STM32-master_genericSTM32F103R\Release\core.a(WString.cpp.o)
                0x08003ec8                String::operator=(String const&)
 .text._ZN6StringC2ERKS_
                0x08003ee6       0x14 C:\Users\Administrator\AppData\Local\Temp\VMBuilds\Temperature_control_box\Arduino_STM32-master_genericSTM32F103R\Release\core.a(WString.cpp.o)
                0x08003ee6                String::String(String const&)
                0x08003ee6                String::String(String const&)
 .text._ZN6String6concatEPKcj
                0x08003efa       0x2e C:\Users\Administrator\AppData\Local\Temp\VMBuilds\Temperature_control_box\Arduino_STM32-master_genericSTM32F103R\Release\core.a(WString.cpp.o)
                0x08003efa                String::concat(char const*, unsigned int)
 .text._ZN6String6concatEi
                0x08003f28       0x22 C:\Users\Administrator\AppData\Local\Temp\VMBuilds\Temperature_control_box\Arduino_STM32-master_genericSTM32F103R\Release\core.a(WString.cpp.o)
                0x08003f28                String::concat(int)
 .text._ZplRK15StringSumHelperPKc
                0x08003f4a       0x28 C:\Users\Administrator\AppData\Local\Temp\VMBuilds\Temperature_control_box\Arduino_STM32-master_genericSTM32F103R\Release\core.a(WString.cpp.o)
                0x08003f4a                operator+(StringSumHelper const&, char const*)
 .text._ZplRK15StringSumHelperi
                0x08003f72       0x14 C:\Users\Administrator\AppData\Local\Temp\VMBuilds\Temperature_control_box\Arduino_STM32-master_genericSTM32F103R\Release\core.a(WString.cpp.o)
                0x08003f72                operator+(StringSumHelper const&, int)
 *fill*         0x08003f86        0x2 
 .text._Z7pinModeh13WiringPinMode
                0x08003f88       0x84 C:\Users\Administrator\AppData\Local\Temp\VMBuilds\Temperature_control_box\Arduino_STM32-master_genericSTM32F103R\Release\core.a(wirish_digital_f1.cpp.o)
                0x08003f88                pinMode(unsigned char, WiringPinMode)
 .text.__empty  0x0800400c        0x2 C:\Users\Administrator\AppData\Local\Temp\VMBuilds\Temperature_control_box\Arduino_STM32-master_genericSTM32F103R\Release\core.a(hooks.c.o)
                0x0800400c                yield
 .text.ltoa     0x0800400e       0x70 C:\Users\Administrator\AppData\Local\Temp\VMBuilds\Temperature_control_box\Arduino_STM32-master_genericSTM32F103R\Release\core.a(itoa.c.o)
                0x0800400e                ltoa
 .text.itoa     0x0800407e        0x4 C:\Users\Administrator\AppData\Local\Temp\VMBuilds\Temperature_control_box\Arduino_STM32-master_genericSTM32F103R\Release\core.a(itoa.c.o)
                0x0800407e                itoa
 *fill*         0x08004082        0x2 
 .text.data_register
                0x08004084       0x28 C:\Users\Administrator\AppData\Local\Temp\VMBuilds\Temperature_control_box\Arduino_STM32-master_genericSTM32F103R\Release\core.a(bkp_f1.c.o)
 .text.bkp_init
                0x080040ac       0x18 C:\Users\Administrator\AppData\Local\Temp\VMBuilds\Temperature_control_box\Arduino_STM32-master_genericSTM32F103R\Release\core.a(bkp_f1.c.o)
                0x080040ac                bkp_init
 .text.bkp_enable_writes
                0x080040c4        0xc C:\Users\Administrator\AppData\Local\Temp\VMBuilds\Temperature_control_box\Arduino_STM32-master_genericSTM32F103R\Release\core.a(bkp_f1.c.o)
                0x080040c4                bkp_enable_writes
 .text.bkp_disable_writes
                0x080040d0        0xc C:\Users\Administrator\AppData\Local\Temp\VMBuilds\Temperature_control_box\Arduino_STM32-master_genericSTM32F103R\Release\core.a(bkp_f1.c.o)
                0x080040d0                bkp_disable_writes
 .text.bkp_write
                0x080040dc        0xc C:\Users\Administrator\AppData\Local\Temp\VMBuilds\Temperature_control_box\Arduino_STM32-master_genericSTM32F103R\Release\core.a(bkp_f1.c.o)
                0x080040dc                bkp_write
 .text.gpio_init
                0x080040e8       0x14 C:\Users\Administrator\AppData\Local\Temp\VMBuilds\Temperature_control_box\Arduino_STM32-master_genericSTM32F103R\Release\core.a(gpio.c.o)
                0x080040e8                gpio_init
 .text.i2c_start_condition
                0x080040fc       0x14 C:\Users\Administrator\AppData\Local\Temp\VMBuilds\Temperature_control_box\Arduino_STM32-master_genericSTM32F103R\Release\core.a(i2c.c.o)
 .text.i2c_stop_condition
                0x08004110       0x1c C:\Users\Administrator\AppData\Local\Temp\VMBuilds\Temperature_control_box\Arduino_STM32-master_genericSTM32F103R\Release\core.a(i2c.c.o)
 .text._i2c_irq_handler
                0x0800412c      0x170 C:\Users\Administrator\AppData\Local\Temp\VMBuilds\Temperature_control_box\Arduino_STM32-master_genericSTM32F103R\Release\core.a(i2c.c.o)
                0x0800412c                _i2c_irq_handler
 .text._i2c_irq_error_handler
                0x0800429c       0x28 C:\Users\Administrator\AppData\Local\Temp\VMBuilds\Temperature_control_box\Arduino_STM32-master_genericSTM32F103R\Release\core.a(i2c.c.o)
                0x0800429c                _i2c_irq_error_handler
 .text.usart_init
                0x080042c4       0x4c C:\Users\Administrator\AppData\Local\Temp\VMBuilds\Temperature_control_box\Arduino_STM32-master_genericSTM32F103R\Release\core.a(usart.c.o)
                0x080042c4                usart_init
 .text.usart_enable
                0x08004310       0x14 C:\Users\Administrator\AppData\Local\Temp\VMBuilds\Temperature_control_box\Arduino_STM32-master_genericSTM32F103R\Release\core.a(usart.c.o)
                0x08004310                usart_enable
 .text.usart_tx
                0x08004324       0x8e C:\Users\Administrator\AppData\Local\Temp\VMBuilds\Temperature_control_box\Arduino_STM32-master_genericSTM32F103R\Release\core.a(usart.c.o)
                0x08004324                usart_tx
 *fill*         0x080043b2        0x2 
 .text.__aeabi_atexit
                0x080043b4        0xc c:/users/administrator/appdata/local/arduino15/packages/arduino/tools/arm-none-eabi-gcc/7-2017q4/bin/../lib/gcc/arm-none-eabi/7.2.1/../../../../arm-none-eabi/lib/thumb/v7-m\libstdc++.a(atexit_arm.o)
                0x080043b4                __aeabi_atexit
 .text          0x080043c0       0x30 c:/users/administrator/appdata/local/arduino15/packages/arduino/tools/arm-none-eabi-gcc/7-2017q4/bin/../lib/gcc/arm-none-eabi/7.2.1/thumb/v7-m\libgcc.a(_aeabi_uldivmod.o)
                0x080043c0                __aeabi_uldivmod
 .text          0x080043f0      0x2d0 c:/users/administrator/appdata/local/arduino15/packages/arduino/tools/arm-none-eabi-gcc/7-2017q4/bin/../lib/gcc/arm-none-eabi/7.2.1/thumb/v7-m\libgcc.a(_udivmoddi4.o)
                0x080043f0                __udivmoddi4
 .text          0x080046c0        0x4 c:/users/administrator/appdata/local/arduino15/packages/arduino/tools/arm-none-eabi-gcc/7-2017q4/bin/../lib/gcc/arm-none-eabi/7.2.1/thumb/v7-m\libgcc.a(_dvmd_tls.o)
                0x080046c0                __aeabi_idiv0
                0x080046c0                __aeabi_ldiv0
 .text.__cxa_atexit
                0x080046c4        0xc c:/users/administrator/appdata/local/arduino15/packages/arduino/tools/arm-none-eabi-gcc/7-2017q4/bin/../lib/gcc/arm-none-eabi/7.2.1/../../../../arm-none-eabi/lib/thumb/v7-m\libc.a(lib_a-cxa_atexit.o)
                0x080046c4                __cxa_atexit
 .text.__errno  0x080046d0        0xc c:/users/administrator/appdata/local/arduino15/packages/arduino/tools/arm-none-eabi-gcc/7-2017q4/bin/../lib/gcc/arm-none-eabi/7.2.1/../../../../arm-none-eabi/lib/thumb/v7-m\libc.a(lib_a-errno.o)
                0x080046d0                __errno
 .text.exit     0x080046dc       0x20 c:/users/administrator/appdata/local/arduino15/packages/arduino/tools/arm-none-eabi-gcc/7-2017q4/bin/../lib/gcc/arm-none-eabi/7.2.1/../../../../arm-none-eabi/lib/thumb/v7-m\libc.a(lib_a-exit.o)
                0x080046dc                exit
 .text.__libc_init_array
                0x080046fc       0x48 c:/users/administrator/appdata/local/arduino15/packages/arduino/tools/arm-none-eabi-gcc/7-2017q4/bin/../lib/gcc/arm-none-eabi/7.2.1/../../../../arm-none-eabi/lib/thumb/v7-m\libc.a(lib_a-init.o)
                0x080046fc                __libc_init_array
 .text.malloc   0x08004744       0x10 c:/users/administrator/appdata/local/arduino15/packages/arduino/tools/arm-none-eabi-gcc/7-2017q4/bin/../lib/gcc/arm-none-eabi/7.2.1/../../../../arm-none-eabi/lib/thumb/v7-m\libc.a(lib_a-malloc.o)
                0x08004744                malloc
 .text.free     0x08004754       0x10 c:/users/administrator/appdata/local/arduino15/packages/arduino/tools/arm-none-eabi-gcc/7-2017q4/bin/../lib/gcc/arm-none-eabi/7.2.1/../../../../arm-none-eabi/lib/thumb/v7-m\libc.a(lib_a-malloc.o)
                0x08004754                free
 .text._malloc_r
                0x08004764      0x524 c:/users/administrator/appdata/local/arduino15/packages/arduino/tools/arm-none-eabi-gcc/7-2017q4/bin/../lib/gcc/arm-none-eabi/7.2.1/../../../../arm-none-eabi/lib/thumb/v7-m\libc.a(lib_a-mallocr.o)
                0x08004764                _malloc_r
 .text.memmove  0x08004c88       0xc4 c:/users/administrator/appdata/local/arduino15/packages/arduino/tools/arm-none-eabi-gcc/7-2017q4/bin/../lib/gcc/arm-none-eabi/7.2.1/../../../../arm-none-eabi/lib/thumb/v7-m\libc.a(lib_a-memmove.o)
                0x08004c88                memmove
 .text.__malloc_lock
                0x08004d4c        0xc c:/users/administrator/appdata/local/arduino15/packages/arduino/tools/arm-none-eabi-gcc/7-2017q4/bin/../lib/gcc/arm-none-eabi/7.2.1/../../../../arm-none-eabi/lib/thumb/v7-m\libc.a(lib_a-mlock.o)
                0x08004d4c                __malloc_lock
 .text.__malloc_unlock
                0x08004d58        0xc c:/users/administrator/appdata/local/arduino15/packages/arduino/tools/arm-none-eabi-gcc/7-2017q4/bin/../lib/gcc/arm-none-eabi/7.2.1/../../../../arm-none-eabi/lib/thumb/v7-m\libc.a(lib_a-mlock.o)
                0x08004d58                __malloc_unlock
 .text.realloc  0x08004d64       0x10 c:/users/administrator/appdata/local/arduino15/packages/arduino/tools/arm-none-eabi-gcc/7-2017q4/bin/../lib/gcc/arm-none-eabi/7.2.1/../../../../arm-none-eabi/lib/thumb/v7-m\libc.a(lib_a-realloc.o)
                0x08004d64                realloc
 .text._realloc_r
                0x08004d74      0x374 c:/users/administrator/appdata/local/arduino15/packages/arduino/tools/arm-none-eabi-gcc/7-2017q4/bin/../lib/gcc/arm-none-eabi/7.2.1/../../../../arm-none-eabi/lib/thumb/v7-m\libc.a(lib_a-reallocr.o)
                0x08004d74                _realloc_r
 .text._sbrk_r  0x080050e8       0x24 c:/users/administrator/appdata/local/arduino15/packages/arduino/tools/arm-none-eabi-gcc/7-2017q4/bin/../lib/gcc/arm-none-eabi/7.2.1/../../../../arm-none-eabi/lib/thumb/v7-m\libc.a(lib_a-sbrkr.o)
                0x080050e8                _sbrk_r
 .text.strcpy   0x0800510c       0xbc c:/users/administrator/appdata/local/arduino15/packages/arduino/tools/arm-none-eabi-gcc/7-2017q4/bin/../lib/gcc/arm-none-eabi/7.2.1/../../../../arm-none-eabi/lib/thumb/v7-m\libc.a(lib_a-strcpy.o)
                0x0800510c                strcpy
 .text.strlen   0x080051c8       0x5c c:/users/administrator/appdata/local/arduino15/packages/arduino/tools/arm-none-eabi-gcc/7-2017q4/bin/../lib/gcc/arm-none-eabi/7.2.1/../../../../arm-none-eabi/lib/thumb/v7-m\libc.a(lib_a-strlen-stub.o)
                0x080051c8                strlen
 .text.__register_exitproc
                0x08005224       0xc0 c:/users/administrator/appdata/local/arduino15/packages/arduino/tools/arm-none-eabi-gcc/7-2017q4/bin/../lib/gcc/arm-none-eabi/7.2.1/../../../../arm-none-eabi/lib/thumb/v7-m\libc.a(lib_a-__atexit.o)
                0x08005224                __register_exitproc
 .text.startup.register_fini
                0x080052e4       0x14 c:/users/administrator/appdata/local/arduino15/packages/arduino/tools/arm-none-eabi-gcc/7-2017q4/bin/../lib/gcc/arm-none-eabi/7.2.1/../../../../arm-none-eabi/lib/thumb/v7-m\libc.a(lib_a-__call_atexit.o)
 .text.__call_exitprocs
                0x080052f8       0xe8 c:/users/administrator/appdata/local/arduino15/packages/arduino/tools/arm-none-eabi-gcc/7-2017q4/bin/../lib/gcc/arm-none-eabi/7.2.1/../../../../arm-none-eabi/lib/thumb/v7-m\libc.a(lib_a-__call_atexit.o)
                0x080052f8                __call_exitprocs
 .text.atexit   0x080053e0        0xc c:/users/administrator/appdata/local/arduino15/packages/arduino/tools/arm-none-eabi-gcc/7-2017q4/bin/../lib/gcc/arm-none-eabi/7.2.1/../../../../arm-none-eabi/lib/thumb/v7-m\libc.a(lib_a-atexit.o)
                0x080053e0                atexit
 .text.__libc_fini_array
                0x080053ec       0x34 c:/users/administrator/appdata/local/arduino15/packages/arduino/tools/arm-none-eabi-gcc/7-2017q4/bin/../lib/gcc/arm-none-eabi/7.2.1/../../../../arm-none-eabi/lib/thumb/v7-m\libc.a(lib_a-fini.o)
                0x080053ec                __libc_fini_array
 .text._malloc_trim_r
                0x08005420       0xa0 c:/users/administrator/appdata/local/arduino15/packages/arduino/tools/arm-none-eabi-gcc/7-2017q4/bin/../lib/gcc/arm-none-eabi/7.2.1/../../../../arm-none-eabi/lib/thumb/v7-m\libc.a(lib_a-freer.o)
                0x08005420                _malloc_trim_r
 .text._free_r  0x080054c0      0x1e8 c:/users/administrator/appdata/local/arduino15/packages/arduino/tools/arm-none-eabi-gcc/7-2017q4/bin/../lib/gcc/arm-none-eabi/7.2.1/../../../../arm-none-eabi/lib/thumb/v7-m\libc.a(lib_a-freer.o)
                0x080054c0                _free_r
 .text.__retarget_lock_acquire_recursive
                0x080056a8        0x4 c:/users/administrator/appdata/local/arduino15/packages/arduino/tools/arm-none-eabi-gcc/7-2017q4/bin/../lib/gcc/arm-none-eabi/7.2.1/../../../../arm-none-eabi/lib/thumb/v7-m\libc.a(lib_a-lock.o)
                0x080056a8                __retarget_lock_acquire_recursive
 .text.__retarget_lock_release_recursive
                0x080056ac        0x4 c:/users/administrator/appdata/local/arduino15/packages/arduino/tools/arm-none-eabi-gcc/7-2017q4/bin/../lib/gcc/arm-none-eabi/7.2.1/../../../../arm-none-eabi/lib/thumb/v7-m\libc.a(lib_a-lock.o)
                0x080056ac                __retarget_lock_release_recursive
 *(.plt)
 *(.gnu.warning)
 *(.glue_7t)
 .glue_7t       0x080056b0        0x0 linker stubs
 *(.glue_7)
 .glue_7        0x080056b0        0x0 linker stubs
 *(.vfp11_veneer)
 .vfp11_veneer  0x080056b0        0x0 linker stubs
 *(.ARM.extab* .gnu.linkonce.armextab.*)
 *(.gcc_except_table)
 *(.eh_frame_hdr)
 *(.eh_frame)
 .eh_frame      0x080056b0        0x0 c:/users/administrator/appdata/local/arduino15/packages/arduino/tools/arm-none-eabi-gcc/7-2017q4/bin/../lib/gcc/arm-none-eabi/7.2.1/thumb/v7-m/crtbegin.o
                0x080056b0                . = ALIGN (0x4)
 *(.init)
 .init          0x080056b0        0x4 c:/users/administrator/appdata/local/arduino15/packages/arduino/tools/arm-none-eabi-gcc/7-2017q4/bin/../lib/gcc/arm-none-eabi/7.2.1/thumb/v7-m/crti.o
                0x080056b0                _init
 .init          0x080056b4        0x8 c:/users/administrator/appdata/local/arduino15/packages/arduino/tools/arm-none-eabi-gcc/7-2017q4/bin/../lib/gcc/arm-none-eabi/7.2.1/thumb/v7-m/crtn.o
                0x080056bc                . = ALIGN (0x4)
                0x080056bc                __preinit_array_start = .
 *(.preinit_array)
                0x080056bc                __preinit_array_end = .
                0x080056bc                . = ALIGN (0x4)
                0x080056bc                __init_array_start = .
 *(SORT_BY_NAME(.init_array.*))
 .init_array.00000
                0x080056bc        0x4 c:/users/administrator/appdata/local/arduino15/packages/arduino/tools/arm-none-eabi-gcc/7-2017q4/bin/../lib/gcc/arm-none-eabi/7.2.1/../../../../arm-none-eabi/lib/thumb/v7-m\libc.a(lib_a-__call_atexit.o)
 .init_array.00101
                0x080056c0        0x4 C:\Users\Administrator\AppData\Local\Temp\VMBuilds\Temperature_control_box\Arduino_STM32-master_genericSTM32F103R\Release\core.a(main.cpp.o)
 *(.init_array)
 .init_array    0x080056c4        0x4 c:/users/administrator/appdata/local/arduino15/packages/arduino/tools/arm-none-eabi-gcc/7-2017q4/bin/../lib/gcc/arm-none-eabi/7.2.1/thumb/v7-m/crtbegin.o
 .init_array    0x080056c8        0x4 Temperature_control_box.cpp.o
 .init_array    0x080056cc        0x4 EEPROM\EEPROM.cpp.o
 .init_array    0x080056d0        0x4 C:\Users\Administrator\AppData\Local\Temp\VMBCore\arduino16x\26f9647b75fb80b091c2c1c5a86ae632\variant\board.cpp.o
 .init_array    0x080056d4        0x4 C:\Users\Administrator\AppData\Local\Temp\VMBuilds\Temperature_control_box\Arduino_STM32-master_genericSTM32F103R\Release\core.a(usb_serial.cpp.o)
                0x080056d8                __init_array_end = .
                0x080056d8                . = ALIGN (0x4)
 *crtbegin.o(.ctors)
 *(EXCLUDE_FILE(*crtend.o) .ctors)
 *(SORT_BY_NAME(.ctors.*))
 *crtend.o(.ctors)
                0x080056d8                . = ALIGN (0x4)
 *(.fini)
 .fini          0x080056d8        0x4 c:/users/administrator/appdata/local/arduino15/packages/arduino/tools/arm-none-eabi-gcc/7-2017q4/bin/../lib/gcc/arm-none-eabi/7.2.1/thumb/v7-m/crti.o
                0x080056d8                _fini
 .fini          0x080056dc        0x8 c:/users/administrator/appdata/local/arduino15/packages/arduino/tools/arm-none-eabi-gcc/7-2017q4/bin/../lib/gcc/arm-none-eabi/7.2.1/thumb/v7-m/crtn.o
                0x080056e4                . = ALIGN (0x4)
                0x080056e4                __fini_array_start = .
 *(.fini_array)
 .fini_array    0x080056e4        0x4 c:/users/administrator/appdata/local/arduino15/packages/arduino/tools/arm-none-eabi-gcc/7-2017q4/bin/../lib/gcc/arm-none-eabi/7.2.1/thumb/v7-m/crtbegin.o
 *(SORT_BY_NAME(.fini_array.*))
                0x080056e8                __fini_array_end = .
 *crtbegin.o(.dtors)
 *(EXCLUDE_FILE(*crtend.o) .dtors)
 *(SORT_BY_NAME(.dtors.*))
 *crtend.o(.dtors)

.v4_bx          0x080056e8        0x0
 .v4_bx         0x080056e8        0x0 linker stubs

.iplt           0x080056e8        0x0
 .iplt          0x080056e8        0x0 c:/users/administrator/appdata/local/arduino15/packages/arduino/tools/arm-none-eabi-gcc/7-2017q4/bin/../lib/gcc/arm-none-eabi/7.2.1/thumb/v7-m/crtbegin.o

.text.align     0x080056e8        0x0
                0x080056e8                . = ALIGN (0x8)
                0x080056e8                __text_end__ = .
                0x080056e8                __exidx_start = .

.ARM.exidx      0x080056e8        0x8
 *(.ARM.exidx* .gnu.linkonce.armexidx.*)
 .ARM.exidx     0x080056e8        0x8 C:\Users\Administrator\AppData\Local\Temp\VMBCore\arduino16x\26f9647b75fb80b091c2c1c5a86ae632\variant\start.S.o
 .ARM.exidx.text.__aeabi_atexit
                0x080056f0        0x0 c:/users/administrator/appdata/local/arduino15/packages/arduino/tools/arm-none-eabi-gcc/7-2017q4/bin/../lib/gcc/arm-none-eabi/7.2.1/../../../../arm-none-eabi/lib/thumb/v7-m\libstdc++.a(atexit_arm.o)
                                  0x8 (size before relaxing)
 .ARM.exidx     0x080056f0        0x0 c:/users/administrator/appdata/local/arduino15/packages/arduino/tools/arm-none-eabi-gcc/7-2017q4/bin/../lib/gcc/arm-none-eabi/7.2.1/thumb/v7-m\libgcc.a(_udivmoddi4.o)
                                  0x8 (size before relaxing)
                0x080056f0                __exidx_end = .

.data           0x20000000     0x11e8 load address 0x080056f0
                0x20000000                __data_start__ = .
                0x20000000        0x4 LONG 0x0
                0x20000008                . = ALIGN (0x8)
 *fill*         0x20000004        0x4 
 *(.got.plt)
 *(.got)
 *(.data .data.* .gnu.linkonce.d.*)
 .data          0x20000008        0x4 c:/users/administrator/appdata/local/arduino15/packages/arduino/tools/arm-none-eabi-gcc/7-2017q4/bin/../lib/gcc/arm-none-eabi/7.2.1/thumb/v7-m/crtbegin.o
                0x20000008                __dso_handle
 .data._ZL5Y0_ON
                0x2000000c        0x8 Temperature_control_box.cpp.o
 .data._ZL5Y1_ON
                0x20000014        0x8 Temperature_control_box.cpp.o
 .data._ZL5Y2_ON
                0x2000001c        0x8 Temperature_control_box.cpp.o
 .data._ZL5Y3_ON
                0x20000024        0x8 Temperature_control_box.cpp.o
 .data._ZL5Y4_ON
                0x2000002c        0x8 Temperature_control_box.cpp.o
 .data._ZL5Y5_ON
                0x20000034        0x8 Temperature_control_box.cpp.o
 .data._ZL5Y6_ON
                0x2000003c        0x8 Temperature_control_box.cpp.o
 .data._ZL5Y7_ON
                0x20000044        0x8 Temperature_control_box.cpp.o
 .data._ZL5Y8_ON
                0x2000004c        0x8 Temperature_control_box.cpp.o
 .data._ZL5Y9_ON
                0x20000054        0x8 Temperature_control_box.cpp.o
 .data._ZL6Y0_OFF
                0x2000005c        0x8 Temperature_control_box.cpp.o
 .data._ZL6Y10_ON
                0x20000064        0x8 Temperature_control_box.cpp.o
 .data._ZL6Y11_ON
                0x2000006c        0x8 Temperature_control_box.cpp.o
 .data._ZL6Y12_ON
                0x20000074        0x8 Temperature_control_box.cpp.o
 .data._ZL6Y13_ON
                0x2000007c        0x8 Temperature_control_box.cpp.o
 .data._ZL6Y14_ON
                0x20000084        0x8 Temperature_control_box.cpp.o
 .data._ZL6Y15_ON
                0x2000008c        0x8 Temperature_control_box.cpp.o
 .data._ZL6Y16_ON
                0x20000094        0x8 Temperature_control_box.cpp.o
 .data._ZL6Y17_ON
                0x2000009c        0x8 Temperature_control_box.cpp.o
 .data._ZL6Y18_ON
                0x200000a4        0x8 Temperature_control_box.cpp.o
 .data._ZL6Y19_ON
                0x200000ac        0x8 Temperature_control_box.cpp.o
 .data._ZL6Y1_OFF
                0x200000b4        0x8 Temperature_control_box.cpp.o
 .data._ZL6Y20_ON
                0x200000bc        0x8 Temperature_control_box.cpp.o
 .data._ZL6Y21_ON
                0x200000c4        0x8 Temperature_control_box.cpp.o
 .data._ZL6Y22_ON
                0x200000cc        0x8 Temperature_control_box.cpp.o
 .data._ZL6Y23_ON
                0x200000d4        0x8 Temperature_control_box.cpp.o
 .data._ZL6Y2_OFF
                0x200000dc        0x8 Temperature_control_box.cpp.o
 .data._ZL6Y3_OFF
                0x200000e4        0x8 Temperature_control_box.cpp.o
 .data._ZL6Y4_OFF
                0x200000ec        0x8 Temperature_control_box.cpp.o
 .data._ZL6Y5_OFF
                0x200000f4        0x8 Temperature_control_box.cpp.o
 .data._ZL6Y6_OFF
                0x200000fc        0x8 Temperature_control_box.cpp.o
 .data._ZL6Y7_OFF
                0x20000104        0x8 Temperature_control_box.cpp.o
 .data._ZL6Y8_OFF
                0x2000010c        0x8 Temperature_control_box.cpp.o
 .data._ZL6Y9_OFF
                0x20000114        0x8 Temperature_control_box.cpp.o
 .data._ZL7Y10_OFF
                0x2000011c        0x8 Temperature_control_box.cpp.o
 .data._ZL7Y11_OFF
                0x20000124        0x8 Temperature_control_box.cpp.o
 .data._ZL7Y12_OFF
                0x2000012c        0x8 Temperature_control_box.cpp.o
 .data._ZL7Y13_OFF
                0x20000134        0x8 Temperature_control_box.cpp.o
 .data._ZL7Y14_OFF
                0x2000013c        0x8 Temperature_control_box.cpp.o
 .data._ZL7Y15_OFF
                0x20000144        0x8 Temperature_control_box.cpp.o
 .data._ZL7Y16_OFF
                0x2000014c        0x8 Temperature_control_box.cpp.o
 .data._ZL7Y17_OFF
                0x20000154        0x8 Temperature_control_box.cpp.o
 .data._ZL7Y18_OFF
                0x2000015c        0x8 Temperature_control_box.cpp.o
 .data._ZL7Y19_OFF
                0x20000164        0x8 Temperature_control_box.cpp.o
 .data._ZL7Y20_OFF
                0x2000016c        0x8 Temperature_control_box.cpp.o
 .data._ZL7Y21_OFF
                0x20000174        0x8 Temperature_control_box.cpp.o
 .data._ZL7Y22_OFF
                0x2000017c        0x8 Temperature_control_box.cpp.o
 .data._ZL7Y23_OFF
                0x20000184        0x8 Temperature_control_box.cpp.o
 .data.auchCRCHi
                0x2000018c      0x100 MODBUS_RTU_CRC16.cpp.o
                0x2000018c                auchCRCHi
 .data.auchCRCLo
                0x2000028c      0x100 MODBUS_RTU_CRC16.cpp.o
                0x2000028c                auchCRCLo
 .data._ZN6wirish4priv15w_board_pll_cfgE
                0x2000038c        0x8 C:\Users\Administrator\AppData\Local\Temp\VMBCore\arduino16x\26f9647b75fb80b091c2c1c5a86ae632\variant\boards_setup.cpp.o
                0x2000038c                wirish::priv::w_board_pll_cfg
 .data._ZN6wirish4priv9w_adc_preE
                0x20000394        0x2 C:\Users\Administrator\AppData\Local\Temp\VMBCore\arduino16x\26f9647b75fb80b091c2c1c5a86ae632\variant\boards_setup.cpp.o
                0x20000394                wirish::priv::w_adc_pre
 .data._ZN6wirish4priv9w_adc_smpE
                0x20000396        0x1 C:\Users\Administrator\AppData\Local\Temp\VMBCore\arduino16x\26f9647b75fb80b091c2c1c5a86ae632\variant\boards_setup.cpp.o
                0x20000396                wirish::priv::w_adc_smp
 *fill*         0x20000397        0x1 
 .data._ZN6wirish4privL8pll_dataE
                0x20000398        0x4 C:\Users\Administrator\AppData\Local\Temp\VMBCore\arduino16x\26f9647b75fb80b091c2c1c5a86ae632\variant\boards_setup.cpp.o
 .data.ADC1     0x2000039c        0x4 C:\Users\Administrator\AppData\Local\Temp\VMBuilds\Temperature_control_box\Arduino_STM32-master_genericSTM32F103R\Release\core.a(adc_f1.c.o)
                0x2000039c                ADC1
 .data.ADC2     0x200003a0        0x4 C:\Users\Administrator\AppData\Local\Temp\VMBuilds\Temperature_control_box\Arduino_STM32-master_genericSTM32F103R\Release\core.a(adc_f1.c.o)
                0x200003a0                ADC2
 .data.ADC3     0x200003a4        0x4 C:\Users\Administrator\AppData\Local\Temp\VMBuilds\Temperature_control_box\Arduino_STM32-master_genericSTM32F103R\Release\core.a(adc_f1.c.o)
                0x200003a4                ADC3
 .data.adc1     0x200003a8       0x18 C:\Users\Administrator\AppData\Local\Temp\VMBuilds\Temperature_control_box\Arduino_STM32-master_genericSTM32F103R\Release\core.a(adc_f1.c.o)
                0x200003a8                adc1
 .data.adc2     0x200003c0        0x8 C:\Users\Administrator\AppData\Local\Temp\VMBuilds\Temperature_control_box\Arduino_STM32-master_genericSTM32F103R\Release\core.a(adc_f1.c.o)
                0x200003c0                adc2
 .data.adc3     0x200003c8       0x18 C:\Users\Administrator\AppData\Local\Temp\VMBuilds\Temperature_control_box\Arduino_STM32-master_genericSTM32F103R\Release\core.a(adc_f1.c.o)
                0x200003c8                adc3
 .data.DMA1     0x200003e0        0x4 C:\Users\Administrator\AppData\Local\Temp\VMBuilds\Temperature_control_box\Arduino_STM32-master_genericSTM32F103R\Release\core.a(dma_f1.c.o)
                0x200003e0                DMA1
 .data.DMA2     0x200003e4        0x4 C:\Users\Administrator\AppData\Local\Temp\VMBuilds\Temperature_control_box\Arduino_STM32-master_genericSTM32F103R\Release\core.a(dma_f1.c.o)
                0x200003e4                DMA2
 .data.dma1     0x200003e8       0x40 C:\Users\Administrator\AppData\Local\Temp\VMBuilds\Temperature_control_box\Arduino_STM32-master_genericSTM32F103R\Release\core.a(dma_f1.c.o)
 .data.dma2     0x20000428       0x30 C:\Users\Administrator\AppData\Local\Temp\VMBuilds\Temperature_control_box\Arduino_STM32-master_genericSTM32F103R\Release\core.a(dma_f1.c.o)
 .data.gpioa    0x20000458        0x8 C:\Users\Administrator\AppData\Local\Temp\VMBuilds\Temperature_control_box\Arduino_STM32-master_genericSTM32F103R\Release\core.a(gpio_f1.c.o)
                0x20000458                gpioa
 .data.gpiob    0x20000460        0x8 C:\Users\Administrator\AppData\Local\Temp\VMBuilds\Temperature_control_box\Arduino_STM32-master_genericSTM32F103R\Release\core.a(gpio_f1.c.o)
                0x20000460                gpiob
 .data.gpioc    0x20000468        0x8 C:\Users\Administrator\AppData\Local\Temp\VMBuilds\Temperature_control_box\Arduino_STM32-master_genericSTM32F103R\Release\core.a(gpio_f1.c.o)
                0x20000468                gpioc
 .data.gpiod    0x20000470        0x8 C:\Users\Administrator\AppData\Local\Temp\VMBuilds\Temperature_control_box\Arduino_STM32-master_genericSTM32F103R\Release\core.a(gpio_f1.c.o)
                0x20000470                gpiod
 .data.i2c1     0x20000478       0x24 C:\Users\Administrator\AppData\Local\Temp\VMBuilds\Temperature_control_box\Arduino_STM32-master_genericSTM32F103R\Release\core.a(i2c_f1.c.o)
 .data.i2c2     0x2000049c       0x24 C:\Users\Administrator\AppData\Local\Temp\VMBuilds\Temperature_control_box\Arduino_STM32-master_genericSTM32F103R\Release\core.a(i2c_f1.c.o)
 .data.enable_regs.4454
                0x200004c0        0xc C:\Users\Administrator\AppData\Local\Temp\VMBuilds\Temperature_control_box\Arduino_STM32-master_genericSTM32F103R\Release\core.a(rcc_f1.c.o)
 .data.enable_regs.4467
                0x200004cc        0xc C:\Users\Administrator\AppData\Local\Temp\VMBuilds\Temperature_control_box\Arduino_STM32-master_genericSTM32F103R\Release\core.a(rcc_f1.c.o)
 .data.reset_regs.4458
                0x200004d8        0x8 C:\Users\Administrator\AppData\Local\Temp\VMBuilds\Temperature_control_box\Arduino_STM32-master_genericSTM32F103R\Release\core.a(rcc_f1.c.o)
 .data.timer1   0x200004e0       0x28 C:\Users\Administrator\AppData\Local\Temp\VMBuilds\Temperature_control_box\Arduino_STM32-master_genericSTM32F103R\Release\core.a(timer.c.o)
                0x200004e0                timer1
 .data.timer2   0x20000508       0x24 C:\Users\Administrator\AppData\Local\Temp\VMBuilds\Temperature_control_box\Arduino_STM32-master_genericSTM32F103R\Release\core.a(timer.c.o)
                0x20000508                timer2
 .data.timer3   0x2000052c       0x24 C:\Users\Administrator\AppData\Local\Temp\VMBuilds\Temperature_control_box\Arduino_STM32-master_genericSTM32F103R\Release\core.a(timer.c.o)
                0x2000052c                timer3
 .data.timer4   0x20000550       0x24 C:\Users\Administrator\AppData\Local\Temp\VMBuilds\Temperature_control_box\Arduino_STM32-master_genericSTM32F103R\Release\core.a(timer.c.o)
                0x20000550                timer4
 .data.timer5   0x20000574       0x24 C:\Users\Administrator\AppData\Local\Temp\VMBuilds\Temperature_control_box\Arduino_STM32-master_genericSTM32F103R\Release\core.a(timer.c.o)
                0x20000574                timer5
 .data.timer6   0x20000598        0xc C:\Users\Administrator\AppData\Local\Temp\VMBuilds\Temperature_control_box\Arduino_STM32-master_genericSTM32F103R\Release\core.a(timer.c.o)
                0x20000598                timer6
 .data.timer7   0x200005a4        0xc C:\Users\Administrator\AppData\Local\Temp\VMBuilds\Temperature_control_box\Arduino_STM32-master_genericSTM32F103R\Release\core.a(timer.c.o)
                0x200005a4                timer7
 .data.timer8   0x200005b0       0x28 C:\Users\Administrator\AppData\Local\Temp\VMBuilds\Temperature_control_box\Arduino_STM32-master_genericSTM32F103R\Release\core.a(timer.c.o)
                0x200005b0                timer8
 .data.UART4    0x200005d8        0x4 C:\Users\Administrator\AppData\Local\Temp\VMBuilds\Temperature_control_box\Arduino_STM32-master_genericSTM32F103R\Release\core.a(usart_f1.c.o)
                0x200005d8                UART4
 .data.UART5    0x200005dc        0x4 C:\Users\Administrator\AppData\Local\Temp\VMBuilds\Temperature_control_box\Arduino_STM32-master_genericSTM32F103R\Release\core.a(usart_f1.c.o)
                0x200005dc                UART5
 .data.USART1   0x200005e0        0x4 C:\Users\Administrator\AppData\Local\Temp\VMBuilds\Temperature_control_box\Arduino_STM32-master_genericSTM32F103R\Release\core.a(usart_f1.c.o)
                0x200005e0                USART1
 .data.USART2   0x200005e4        0x4 C:\Users\Administrator\AppData\Local\Temp\VMBuilds\Temperature_control_box\Arduino_STM32-master_genericSTM32F103R\Release\core.a(usart_f1.c.o)
                0x200005e4                USART2
 .data.USART3   0x200005e8        0x4 C:\Users\Administrator\AppData\Local\Temp\VMBuilds\Temperature_control_box\Arduino_STM32-master_genericSTM32F103R\Release\core.a(usart_f1.c.o)
                0x200005e8                USART3
 .data.uart4    0x200005ec       0x94 C:\Users\Administrator\AppData\Local\Temp\VMBuilds\Temperature_control_box\Arduino_STM32-master_genericSTM32F103R\Release\core.a(usart_f1.c.o)
 .data.uart5    0x20000680       0x94 C:\Users\Administrator\AppData\Local\Temp\VMBuilds\Temperature_control_box\Arduino_STM32-master_genericSTM32F103R\Release\core.a(usart_f1.c.o)
 .data.usart1   0x20000714       0x94 C:\Users\Administrator\AppData\Local\Temp\VMBuilds\Temperature_control_box\Arduino_STM32-master_genericSTM32F103R\Release\core.a(usart_f1.c.o)
 .data.usart2   0x200007a8       0x94 C:\Users\Administrator\AppData\Local\Temp\VMBuilds\Temperature_control_box\Arduino_STM32-master_genericSTM32F103R\Release\core.a(usart_f1.c.o)
 .data.usart3   0x2000083c       0x94 C:\Users\Administrator\AppData\Local\Temp\VMBuilds\Temperature_control_box\Arduino_STM32-master_genericSTM32F103R\Release\core.a(usart_f1.c.o)
 .data.USBLIB   0x200008d0        0x4 C:\Users\Administrator\AppData\Local\Temp\VMBuilds\Temperature_control_box\Arduino_STM32-master_genericSTM32F103R\Release\core.a(usb.c.o)
                0x200008d0                USBLIB
 .data.usblib   0x200008d4       0x10 C:\Users\Administrator\AppData\Local\Temp\VMBuilds\Temperature_control_box\Arduino_STM32-master_genericSTM32F103R\Release\core.a(usb.c.o)
 .data.Config_Descriptor
                0x200008e4        0x8 C:\Users\Administrator\AppData\Local\Temp\VMBuilds\Temperature_control_box\Arduino_STM32-master_genericSTM32F103R\Release\core.a(usb_cdcacm.c.o)
 .data.Device_Descriptor
                0x200008ec        0x8 C:\Users\Administrator\AppData\Local\Temp\VMBuilds\Temperature_control_box\Arduino_STM32-master_genericSTM32F103R\Release\core.a(usb_cdcacm.c.o)
 .data.Device_Property
                0x200008f4       0x30 C:\Users\Administrator\AppData\Local\Temp\VMBuilds\Temperature_control_box\Arduino_STM32-master_genericSTM32F103R\Release\core.a(usb_cdcacm.c.o)
                0x200008f4                Device_Property
 .data.Device_Table
                0x20000924        0x2 C:\Users\Administrator\AppData\Local\Temp\VMBuilds\Temperature_control_box\Arduino_STM32-master_genericSTM32F103R\Release\core.a(usb_cdcacm.c.o)
                0x20000924                Device_Table
 *fill*         0x20000926        0x2 
 .data.String_Descriptor
                0x20000928       0x18 C:\Users\Administrator\AppData\Local\Temp\VMBuilds\Temperature_control_box\Arduino_STM32-master_genericSTM32F103R\Release\core.a(usb_cdcacm.c.o)
 .data.User_Standard_Requests
                0x20000940       0x24 C:\Users\Administrator\AppData\Local\Temp\VMBuilds\Temperature_control_box\Arduino_STM32-master_genericSTM32F103R\Release\core.a(usb_cdcacm.c.o)
                0x20000940                User_Standard_Requests
 .data.ep_int_in