Archive member included to satisfy reference by file (symbol)

C:\Users\Administrator\AppData\Local\Temp\VMBuilds\Temperature_control_box\Arduino_STM32-master_genericSTM32F103R\Release\core.a(exc.S.o)
                              (__exc_nmi)
C:\Users\Administrator\AppData\Local\Temp\VMBuilds\Temperature_control_box\Arduino_STM32-master_genericSTM32F103R\Release\core.a(isrs.S.o)
                              (__stm32reservedexception7)
C:\Users\Administrator\AppData\Local\Temp\VMBuilds\Temperature_control_box\Arduino_STM32-master_genericSTM32F103R\Release\core.a(vector_table.S.o)
                              (__stm32_vector_table)
C:\Users\Administrator\AppData\Local\Temp\VMBuilds\Temperature_control_box\Arduino_STM32-master_genericSTM32F103R\Release\core.a(itoa.c.o)
                              user_test.cpp.o (itoa)
C:\Users\Administrator\AppData\Local\Temp\VMBuilds\Temperature_control_box\Arduino_STM32-master_genericSTM32F103R\Release\core.a(adc.c.o)
                              C:\Users\Administrator\AppData\Local\Temp\VMBCore\arduino16x\26f9647b75fb80b091c2c1c5a86ae632\variant\boards.cpp.o (adc_set_sample_rate)
C:\Users\Administrator\AppData\Local\Temp\VMBuilds\Temperature_control_box\Arduino_STM32-master_genericSTM32F103R\Release\core.a(adc_f1.c.o)
                              C:\Users\Administrator\AppData\Local\Temp\VMBuilds\Temperature_control_box\Arduino_STM32-master_genericSTM32F103R\Release\core.a(vector_table.S.o) (__irq_adc)
C:\Users\Administrator\AppData\Local\Temp\VMBuilds\Temperature_control_box\Arduino_STM32-master_genericSTM32F103R\Release\core.a(dma_f1.c.o)
                              C:\Users\Administrator\AppData\Local\Temp\VMBuilds\Temperature_control_box\Arduino_STM32-master_genericSTM32F103R\Release\core.a(vector_table.S.o) (__irq_dma1_channel1)
C:\Users\Administrator\AppData\Local\Temp\VMBuilds\Temperature_control_box\Arduino_STM32-master_genericSTM32F103R\Release\core.a(exti.c.o)
                              C:\Users\Administrator\AppData\Local\Temp\VMBuilds\Temperature_control_box\Arduino_STM32-master_genericSTM32F103R\Release\core.a(vector_table.S.o) (__irq_exti0)
C:\Users\Administrator\AppData\Local\Temp\VMBuilds\Temperature_control_box\Arduino_STM32-master_genericSTM32F103R\Release\core.a(exti_f1.c.o)
                              C:\Users\Administrator\AppData\Local\Temp\VMBuilds\Temperature_control_box\Arduino_STM32-master_genericSTM32F103R\Release\core.a(exti.c.o) (exti_select)
C:\Users\Administrator\AppData\Local\Temp\VMBuilds\Temperature_control_box\Arduino_STM32-master_genericSTM32F103R\Release\core.a(flash.c.o)
                              C:\Users\Administrator\AppData\Local\Temp\VMBCore\arduino16x\26f9647b75fb80b091c2c1c5a86ae632\variant\boards.cpp.o (flash_set_latency)
C:\Users\Administrator\AppData\Local\Temp\VMBuilds\Temperature_control_box\Arduino_STM32-master_genericSTM32F103R\Release\core.a(gpio_f1.c.o)
                              C:\Users\Administrator\AppData\Local\Temp\VMBCore\arduino16x\26f9647b75fb80b091c2c1c5a86ae632\variant\boards_setup.cpp.o (gpio_init_all)
C:\Users\Administrator\AppData\Local\Temp\VMBuilds\Temperature_control_box\Arduino_STM32-master_genericSTM32F103R\Release\core.a(i2c_f1.c.o)
                              C:\Users\Administrator\AppData\Local\Temp\VMBuilds\Temperature_control_box\Arduino_STM32-master_genericSTM32F103R\Release\core.a(vector_table.S.o) (__irq_i2c1_ev)
C:\Users\Administrator\AppData\Local\Temp\VMBuilds\Temperature_control_box\Arduino_STM32-master_genericSTM32F103R\Release\core.a(nvic.c.o)
                              C:\Users\Administrator\AppData\Local\Temp\VMBuilds\Temperature_control_box\Arduino_STM32-master_genericSTM32F103R\Release\core.a(i2c_f1.c.o) (nvic_irq_set_priority)
C:\Users\Administrator\AppData\Local\Temp\VMBuilds\Temperature_control_box\Arduino_STM32-master_genericSTM32F103R\Release\core.a(rcc.c.o)
                              C:\Users\Administrator\AppData\Local\Temp\VMBCore\arduino16x\26f9647b75fb80b091c2c1c5a86ae632\variant\boards.cpp.o (rcc_switch_sysclk)
C:\Users\Administrator\AppData\Local\Temp\VMBuilds\Temperature_control_box\Arduino_STM32-master_genericSTM32F103R\Release\core.a(rcc_f1.c.o)
                              C:\Users\Administrator\AppData\Local\Temp\VMBCore\arduino16x\26f9647b75fb80b091c2c1c5a86ae632\variant\boards.cpp.o (rcc_configure_pll)
C:\Users\Administrator\AppData\Local\Temp\VMBuilds\Temperature_control_box\Arduino_STM32-master_genericSTM32F103R\Release\core.a(systick.c.o)
                              C:\Users\Administrator\AppData\Local\Temp\VMBCore\arduino16x\26f9647b75fb80b091c2c1c5a86ae632\variant\boards.cpp.o (systick_init)
C:\Users\Administrator\AppData\Local\Temp\VMBuilds\Temperature_control_box\Arduino_STM32-master_genericSTM32F103R\Release\core.a(timer.c.o)
                              C:\Users\Administrator\AppData\Local\Temp\VMBCore\arduino16x\26f9647b75fb80b091c2c1c5a86ae632\variant\boards.cpp.o (timer_foreach)
[...]
Memory Configuration

Name             Origin             Length             Attributes
ram              0x20000000         0x0000c000         xrw
rom              0x08000000         0x00040000         xr
*default*        0x00000000         0xffffffff

Linker script and memory map

LOAD c:/users/administrator/appdata/local/arduino15/packages/arduino/tools/arm-none-eabi-gcc/7-2017q4/bin/../lib/gcc/arm-none-eabi/7.2.1/thumb/v7-m/crti.o
LOAD c:/users/administrator/appdata/local/arduino15/packages/arduino/tools/arm-none-eabi-gcc/7-2017q4/bin/../lib/gcc/arm-none-eabi/7.2.1/thumb/v7-m/crtbegin.o
LOAD c:/users/administrator/appdata/local/arduino15/packages/arduino/tools/arm-none-eabi-gcc/7-2017q4/bin/../lib/gcc/arm-none-eabi/7.2.1/../../../../arm-none-eabi/lib/thumb/v7-m/crt0.o
LOAD c:/users/administrator/appdata/local/arduino15/packages/arduino/tools/arm-none-eabi-gcc/7-2017q4/bin/../lib/gcc/arm-none-eabi/7.2.1/thumb/v7-m\libgcc.a
START GROUP
LOAD Temperature_control_box.cpp.o
LOAD MODBUS_RTU_CRC16.cpp.o
LOAD user_crc8.cpp.o
LOAD user_DECtoHEX.cpp.o
LOAD user_HEXtoDEC.cpp.o
LOAD user_initialization.cpp.o
LOAD user_test.cpp.o
LOAD EEPROM\flash_stm32.c.o
LOAD EEPROM\EEPROM.cpp.o
LOAD C:\Users\Administrator\AppData\Local\Temp\VMBCore\arduino16x\26f9647b75fb80b091c2c1c5a86ae632\variant\board.cpp.o
LOAD C:\Users\Administrator\AppData\Local\Temp\VMBCore\arduino16x\26f9647b75fb80b091c2c1c5a86ae632\variant\boards.cpp.o
LOAD C:\Users\Administrator\AppData\Local\Temp\VMBCore\arduino16x\26f9647b75fb80b091c2c1c5a86ae632\variant\boards_setup.cpp.o
LOAD C:\Users\Administrator\AppData\Local\Temp\VMBCore\arduino16x\26f9647b75fb80b091c2c1c5a86ae632\variant\start.S.o
LOAD C:\Users\Administrator\AppData\Local\Temp\VMBCore\arduino16x\26f9647b75fb80b091c2c1c5a86ae632\variant\start_c.c.o
LOAD C:\Users\Administrator\AppData\Local\Temp\VMBCore\arduino16x\26f9647b75fb80b091c2c1c5a86ae632\variant\syscalls.c.o
LOAD C:\Users\Administrator\AppData\Local\Temp\VMBuilds\Temperature_control_box\Arduino_STM32-master_genericSTM32F103R\Release\core.a
END GROUP
LOAD c:/users/administrator/appdata/local/arduino15/packages/arduino/tools/arm-none-eabi-gcc/7-2017q4/bin/../lib/gcc/arm-none-eabi/7.2.1/../../../../arm-none-eabi/lib/thumb/v7-m\libstdc++.a
LOAD c:/users/administrator/appdata/local/arduino15/packages/arduino/tools/arm-none-eabi-gcc/7-2017q4/bin/../lib/gcc/arm-none-eabi/7.2.1/../../../../arm-none-eabi/lib/thumb/v7-m\libm.a
START GROUP
LOAD c:/users/administrator/appdata/local/arduino15/packages/arduino/tools/arm-none-eabi-gcc/7-2017q4/bin/../lib/gcc/arm-none-eabi/7.2.1/thumb/v7-m\libgcc.a
LOAD c:/users/administrator/appdata/local/arduino15/packages/arduino/tools/arm-none-eabi-gcc/7-2017q4/bin/../lib/gcc/arm-none-eabi/7.2.1/../../../../arm-none-eabi/lib/thumb/v7-m\libc.a
END GROUP
LOAD c:/users/administrator/appdata/local/arduino15/packages/arduino/tools/arm-none-eabi-gcc/7-2017q4/bin/../lib/gcc/arm-none-eabi/7.2.1/thumb/v7-m/crtend.o
LOAD c:/users/administrator/appdata/local/arduino15/packages/arduino/tools/arm-none-eabi-gcc/7-2017q4/bin/../lib/gcc/arm-none-eabi/7.2.1/thumb/v7-m/crtn.o
START GROUP
LOAD c:/users/administrator/appdata/local/arduino15/packages/arduino/tools/arm-none-eabi-gcc/7-2017q4/bin/../lib/gcc/arm-none-eabi/7.2.1/thumb/v7-m\libgcc.a
LOAD c:/users/administrator/appdata/local/arduino15/packages/arduino/tools/arm-none-eabi-gcc/7-2017q4/bin/../lib/gcc/arm-none-eabi/7.2.1/../../../../arm-none-eabi/lib/thumb/v7-m\libc.a
LOAD c:/users/administrator/appdata/local/arduino15/packages/arduino/tools/arm-none-eabi-gcc/7-2017q4/bin/../lib/gcc/arm-none-eabi/7.2.1/../../../../arm-none-eabi/lib/thumb/v7-m\libm.a
END GROUP
START GROUP
LOAD c:/users/administrator/appdata/local/arduino15/packages/arduino/tools/arm-none-eabi-gcc/7-2017q4/bin/../lib/gcc/arm-none-eabi/7.2.1/../../../../arm-none-eabi/lib/thumb/v7-m\libnosys.a
END GROUP
                0x2000c000                PROVIDE (__msp_init, (ORIGIN (ram) + LENGTH (ram)))
                0x080019b4                PROVIDE (__exc_reset, __start__)

.text           0x08000000     0x5a38
                0x08000000                __text_start__ = .
 *(.stm32.interrupt_vector)
 .stm32.interrupt_vector
                0x08000000      0x130 C:\Users\Administrator\AppData\Local\Temp\VMBuilds\Temperature_control_box\Arduino_STM32-master_genericSTM32F103R\Release\core.a(vector_table.S.o)
                0x08000000                __stm32_vector_table
 *(.text .text.* .gnu.linkonce.t.*)
 .text          0x08000130       0x40 c:/users/administrator/appdata/local/arduino15/packages/arduino/tools/arm-none-eabi-gcc/7-2017q4/bin/../lib/gcc/arm-none-eabi/7.2.1/thumb/v7-m/crtbegin.o
 .text._Z5setupv
                0x08000170        0x4 Temperature_control_box.cpp.o
                0x08000170                setup()
 .text.startup._GLOBAL__sub_I_str_usb
                0x08000174       0x2c Temperature_control_box.cpp.o
 .text._Z24RS485Receive_informationv
                0x080001a0      0x11c Temperature_control_box.cpp.o
                0x080001a0                RS485Receive_information()
 .text._Z9USB_JudgePh
                0x080002bc     0x1290 Temperature_control_box.cpp.o
                0x080002bc                USB_Judge(unsigned char*)
 .text._Z20USB_Serial_receptionv
                0x0800154c       0xac Temperature_control_box.cpp.o
                0x0800154c                USB_Serial_reception()
 .text._Z4loopv
                0x080015f8        0xe Temperature_control_box.cpp.o
                0x080015f8                loop()
 *fill*         0x08001606        0x2 
 .text._Z7N_CRC16Phj
                0x08001608       0x2c MODBUS_RTU_CRC16.cpp.o
                0x08001608                N_CRC16(unsigned char*, unsigned int)
 .text._Z14Initializationv
                0x08001634       0xcc user_initialization.cpp.o
                0x08001634                Initialization()
 .text._Z9inttohex2i
                0x08001700       0x14 user_test.cpp.o
                0x08001700                inttohex2(int)
 .text.startup._GLOBAL__sub_I__ZN11EEPROMClass12EE_CheckPageEmt
                0x08001714       0x20 EEPROM\EEPROM.cpp.o
 .text.startup._GLOBAL__sub_I_PIN_MAP
                0x08001734       0x74 C:\Users\Administrator\AppData\Local\Temp\VMBCore\arduino16x\26f9647b75fb80b091c2c1c5a86ae632\variant\board.cpp.o
 .text._ZL18adc_default_configP7adc_dev
                0x080017a8       0x1c C:\Users\Administrator\AppData\Local\Temp\VMBCore\arduino16x\26f9647b75fb80b091c2c1c5a86ae632\variant\boards.cpp.o
 .text._ZL20timer_default_configP9timer_dev
                0x080017c4       0xa8 C:\Users\Administrator\AppData\Local\Temp\VMBCore\arduino16x\26f9647b75fb80b091c2c1c5a86ae632\variant\boards.cpp.o
 .text._Z9boardInitv
                0x0800186c        0x2 C:\Users\Administrator\AppData\Local\Temp\VMBCore\arduino16x\26f9647b75fb80b091c2c1c5a86ae632\variant\boards.cpp.o
                0x0800186c                boardInit()
 *fill*         0x0800186e        0x2 
 .text._Z4initv
                0x08001870       0xbc C:\Users\Administrator\AppData\Local\Temp\VMBCore\arduino16x\26f9647b75fb80b091c2c1c5a86ae632\variant\boards.cpp.o
                0x08001870                init()
 .text._ZN6wirish4priv15board_reset_pllEv
                0x0800192c        0x2 C:\Users\Administrator\AppData\Local\Temp\VMBCore\arduino16x\26f9647b75fb80b091c2c1c5a86ae632\variant\boards_setup.cpp.o
                0x0800192c                wirish::priv::board_reset_pll()
 .text._ZN6wirish4priv28board_setup_clock_prescalersEv
                0x0800192e       0x2e C:\Users\Administrator\AppData\Local\Temp\VMBCore\arduino16x\26f9647b75fb80b091c2c1c5a86ae632\variant\boards_setup.cpp.o
                0x0800192e                wirish::priv::board_setup_clock_prescalers()
 .text._ZN6wirish4priv16board_setup_gpioEv
                0x0800195c        0x4 C:\Users\Administrator\AppData\Local\Temp\VMBCore\arduino16x\26f9647b75fb80b091c2c1c5a86ae632\variant\boards_setup.cpp.o
                0x0800195c                wirish::priv::board_setup_gpio()
 .text._ZN6wirish4priv15board_setup_usbEv
                0x08001960       0x50 C:\Users\Administrator\AppData\Local\Temp\VMBCore\arduino16x\26f9647b75fb80b091c2c1c5a86ae632\variant\boards_setup.cpp.o
                0x08001960                wirish::priv::board_setup_usb()
 .text._ZN6wirish4priv11series_initEv
                0x080019b0        0x4 C:\Users\Administrator\AppData\Local\Temp\VMBCore\arduino16x\26f9647b75fb80b091c2c1c5a86ae632\variant\boards_setup.cpp.o
                0x080019b0                wirish::priv::series_init()
 .text          0x080019b4       0x10 C:\Users\Administrator\AppData\Local\Temp\VMBCore\arduino16x\26f9647b75fb80b091c2c1c5a86ae632\variant\start.S.o
                0x080019b4                __start__
 .text.start_c  0x080019c4       0x60 C:\Users\Administrator\AppData\Local\Temp\VMBCore\arduino16x\26f9647b75fb80b091c2c1c5a86ae632\variant\start_c.c.o
                0x080019c4                start_c
 .text._sbrk    0x08001a24       0x44 C:\Users\Administrator\AppData\Local\Temp\VMBCore\arduino16x\26f9647b75fb80b091c2c1c5a86ae632\variant\syscalls.c.o
                0x08001a24                _sbrk
 .text._exit    0x08001a68        0x2 C:\Users\Administrator\AppData\Local\Temp\VMBCore\arduino16x\26f9647b75fb80b091c2c1c5a86ae632\variant\syscalls.c.o
                0x08001a68                _exit
 *fill*         0x08001a6a        0x6 
 .text          0x08001a70       0x54 C:\Users\Administrator\AppData\Local\Temp\VMBuilds\Temperature_control_box\Arduino_STM32-master_genericSTM32F103R\Release\core.a(exc.S.o)
                0x08001a70                __exc_nmi
                0x08001a74                __exc_hardfault
                0x08001a78                __exc_memmanage
                0x08001a7c                __exc_busfault
                0x08001a80                __exc_usagefault
 .text          0x08001ac4        0x2 C:\Users\Administrator\AppData\Local\Temp\VMBuilds\Temperature_control_box\Arduino_STM32-master_genericSTM32F103R\Release\core.a(isrs.S.o)
                0x08001ac4                __stm32reservedexception9
                0x08001ac4                __irq_sdio
                0x08001ac4                __irq_fsmc
                0x08001ac4                __exc_debug_monitor
                0x08001ac4                __exc_svc
                0x08001ac4                __irq_can_rx1
                0x08001ac4                __irq_spi2
                0x08001ac4                __irq_can_sce
                0x08001ac4                __irq_pvd
                0x08001ac4                __irq_tamper
                0x08001ac4                __default_handler
                0x08001ac4                __irq_wwdg
                0x08001ac4                __stm32reservedexception10
                0x08001ac4                __irq_flash
                0x08001ac4                __stm32reservedexception13
                0x08001ac4                __irq_rtc
                0x08001ac4                __irq_spi1
                0x08001ac4                __stm32reservedexception7
                0x08001ac4                __irq_usb_hp_can_tx
                0x08001ac4                __irq_rtcalarm
                0x08001ac4                __irq_spi3
                0x08001ac4                __stm32reservedexception8
                0x08001ac4                __exc_pendsv
                0x08001ac4                __irq_usbwakeup
                0x08001ac4                __irq_rcc
 .text.ltoa     0x08001ac6       0x70 C:\Users\Administrator\AppData\Local\Temp\VMBuilds\Temperature_control_box\Arduino_STM32-master_genericSTM32F103R\Release\core.a(itoa.c.o)
                0x08001ac6                ltoa
 .text.itoa     0x08001b36        0x4 C:\Users\Administrator\AppData\Local\Temp\VMBuilds\Temperature_control_box\Arduino_STM32-master_genericSTM32F103R\Release\core.a(itoa.c.o)
                0x08001b36                itoa
 .text.adc_init
                0x08001b3a       0x14 C:\Users\Administrator\AppData\Local\Temp\VMBuilds\Temperature_control_box\Arduino_STM32-master_genericSTM32F103R\Release\core.a(adc.c.o)
                0x08001b3a                adc_init
 .text.adc_set_extsel
                0x08001b4e       0x12 C:\Users\Administrator\AppData\Local\Temp\VMBuilds\Temperature_control_box\Arduino_STM32-master_genericSTM32F103R\Release\core.a(adc.c.o)
                0x08001b4e                adc_set_extsel
 .text.adc_set_sample_rate
                0x08001b60       0x2a C:\Users\Administrator\AppData\Local\Temp\VMBuilds\Temperature_control_box\Arduino_STM32-master_genericSTM32F103R\Release\core.a(adc.c.o)
                0x08001b60                adc_set_sample_rate
 *fill*         0x08001b8a        0x2 
 .text.__irq_adc
                0x08001b8c       0x54 C:\Users\Administrator\AppData\Local\Temp\VMBuilds\Temperature_control_box\Arduino_STM32-master_genericSTM32F103R\Release\core.a(adc_f1.c.o)
                0x08001b8c                __irq_adc
 .text.__irq_adc3
                0x08001be0       0x54 C:\Users\Administrator\AppData\Local\Temp\VMBuilds\Temperature_control_box\Arduino_STM32-master_genericSTM32F103R\Release\core.a(adc_f1.c.o)
                0x08001be0                __irq_adc3
 .text.adc_calibrate
                0x08001c34       0x24 C:\Users\Administrator\AppData\Local\Temp\VMBuilds\Temperature_control_box\Arduino_STM32-master_genericSTM32F103R\Release\core.a(adc_f1.c.o)
                0x08001c34                adc_calibrate
 .text.adc_set_prescaler
                0x08001c58        0x8 C:\Users\Administrator\AppData\Local\Temp\VMBuilds\Temperature_control_box\Arduino_STM32-master_genericSTM32F103R\Release\core.a(adc_f1.c.o)
                0x08001c58                adc_set_prescaler
 .text.adc_foreach
                0x08001c60       0x28 C:\Users\Administrator\AppData\Local\Temp\VMBuilds\Temperature_control_box\Arduino_STM32-master_genericSTM32F103R\Release\core.a(adc_f1.c.o)
                0x08001c60                adc_foreach
 .text.adc_enable_single_swstart
                0x08001c88       0x36 C:\Users\Administrator\AppData\Local\Temp\VMBuilds\Temperature_control_box\Arduino_STM32-master_genericSTM32F103R\Release\core.a(adc_f1.c.o)
                0x08001c88                adc_enable_single_swstart
 *fill*         0x08001cbe        0x2 
 .text.__irq_dma1_channel1
                0x08001cc0       0x18 C:\Users\Administrator\AppData\Local\Temp\VMBuilds\Temperature_control_box\Arduino_STM32-master_genericSTM32F103R\Release\core.a(dma_f1.c.o)
                0x08001cc0                __irq_dma1_channel1
 .text.__irq_dma1_channel2
                0x08001cd8       0x18 C:\Users\Administrator\AppData\Local\Temp\VMBuilds\Temperature_control_box\Arduino_STM32-master_genericSTM32F103R\Release\core.a(dma_f1.c.o)
                0x08001cd8                __irq_dma1_channel2
 .text.__irq_dma1_channel3
                0x08001cf0       0x1c C:\Users\Administrator\AppData\Local\Temp\VMBuilds\Temperature_control_box\Arduino_STM32-master_genericSTM32F103R\Release\core.a(dma_f1.c.o)
                0x08001cf0                __irq_dma1_channel3
 .text.__irq_dma1_channel4
                0x08001d0c       0x1c C:\Users\Administrator\AppData\Local\Temp\VMBuilds\Temperature_control_box\Arduino_STM32-master_genericSTM32F103R\Release\core.a(dma_f1.c.o)
                0x08001d0c                __irq_dma1_channel4
 .text.__irq_dma1_channel5
                0x08001d28       0x1c C:\Users\Administrator\AppData\Local\Temp\VMBuilds\Temperature_control_box\Arduino_STM32-master_genericSTM32F103R\Release\core.a(dma_f1.c.o)
                0x08001d28                __irq_dma1_channel5
 .text.__irq_dma1_channel6
                0x08001d44       0x1c C:\Users\Administrator\AppData\Local\Temp\VMBuilds\Temperature_control_box\Arduino_STM32-master_genericSTM32F103R\Release\core.a(dma_f1.c.o)
                0x08001d44                __irq_dma1_channel6
 .text.__irq_dma1_channel7
                0x08001d60       0x1c C:\Users\Administrator\AppData\Local\Temp\VMBuilds\Temperature_control_box\Arduino_STM32-master_genericSTM32F103R\Release\core.a(dma_f1.c.o)
                0x08001d60                __irq_dma1_channel7
 .text.__irq_dma2_channel1
                0x08001d7c       0x18 C:\Users\Administrator\AppData\Local\Temp\VMBuilds\Temperature_control_box\Arduino_STM32-master_genericSTM32F103R\Release\core.a(dma_f1.c.o)
                0x08001d7c                __irq_dma2_channel1
 .text.__irq_dma2_channel2
                0x08001d94       0x18 C:\Users\Administrator\AppData\Local\Temp\VMBuilds\Temperature_control_box\Arduino_STM32-master_genericSTM32F103R\Release\core.a(dma_f1.c.o)
                0x08001d94                __irq_dma2_channel2
 .text.__irq_dma2_channel3
                0x08001dac       0x1c C:\Users\Administrator\AppData\Local\Temp\VMBuilds\Temperature_control_box\Arduino_STM32-master_genericSTM32F103R\Release\core.a(dma_f1.c.o)
                0x08001dac                __irq_dma2_channel3
 .text.__irq_dma2_channel4_5
                0x08001dc8       0x4c C:\Users\Administrator\AppData\Local\Temp\VMBuilds\Temperature_control_box\Arduino_STM32-master_genericSTM32F103R\Release\core.a(dma_f1.c.o)
                0x08001dc8                __irq_dma2_channel4_5
 .text.__irq_exti0
                0x08001e14       0x20 C:\Users\Administrator\AppData\Local\Temp\VMBuilds\Temperature_control_box\Arduino_STM32-master_genericSTM32F103R\Release\core.a(exti.c.o)
                0x08001e14                __irq_exti0
 .text.__irq_exti1
                0x08001e34       0x20 C:\Users\Administrator\AppData\Local\Temp\VMBuilds\Temperature_control_box\Arduino_STM32-master_genericSTM32F103R\Release\core.a(exti.c.o)
                0x08001e34                __irq_exti1
 .text.__irq_exti2
                0x08001e54       0x20 C:\Users\Administrator\AppData\Local\Temp\VMBuilds\Temperature_control_box\Arduino_STM32-master_genericSTM32F103R\Release\core.a(exti.c.o)
                0x08001e54                __irq_exti2
 .text.__irq_exti3
                0x08001e74       0x20 C:\Users\Administrator\AppData\Local\Temp\VMBuilds\Temperature_control_box\Arduino_STM32-master_genericSTM32F103R\Release\core.a(exti.c.o)
                0x08001e74                __irq_exti3
 .text.__irq_exti4
                0x08001e94       0x20 C:\Users\Administrator\AppData\Local\Temp\VMBuilds\Temperature_control_box\Arduino_STM32-master_genericSTM32F103R\Release\core.a(exti.c.o)
                0x08001e94                __irq_exti4
 .text.__irq_exti9_5
                0x08001eb4       0x48 C:\Users\Administrator\AppData\Local\Temp\VMBuilds\Temperature_control_box\Arduino_STM32-master_genericSTM32F103R\Release\core.a(exti.c.o)
                0x08001eb4                __irq_exti9_5
 .text.__irq_exti15_10
                0x08001efc       0x48 C:\Users\Administrator\AppData\Local\Temp\VMBuilds\Temperature_control_box\Arduino_STM32-master_genericSTM32F103R\Release\core.a(exti.c.o)
                0x08001efc                __irq_exti15_10
 .text.flash_set_latency
                0x08001f44       0x14 C:\Users\Administrator\AppData\Local\Temp\VMBuilds\Temperature_control_box\Arduino_STM32-master_genericSTM32F103R\Release\core.a(flash.c.o)
                0x08001f44                flash_set_latency
 .text.gpio_init_all
                0x08001f58       0x30 C:\Users\Administrator\AppData\Local\Temp\VMBuilds\Temperature_control_box\Arduino_STM32-master_genericSTM32F103R\Release\core.a(gpio_f1.c.o)
                0x08001f58                gpio_init_all
 .text.gpio_set_mode
                0x08001f88       0x4e C:\Users\Administrator\AppData\Local\Temp\VMBuilds\Temperature_control_box\Arduino_STM32-master_genericSTM32F103R\Release\core.a(gpio_f1.c.o)
                0x08001f88                gpio_set_mode
 .text.afio_init
                0x08001fd6       0x12 C:\Users\Administrator\AppData\Local\Temp\VMBuilds\Temperature_control_box\Arduino_STM32-master_genericSTM32F103R\Release\core.a(gpio_f1.c.o)
                0x08001fd6                afio_init
 .text.__irq_i2c1_ev
                0x08001fe8        0xc C:\Users\Administrator\AppData\Local\Temp\VMBuilds\Temperature_control_box\Arduino_STM32-master_genericSTM32F103R\Release\core.a(i2c_f1.c.o)
                0x08001fe8                __irq_i2c1_ev
 .text.__irq_i2c2_ev
                0x08001ff4        0xc C:\Users\Administrator\AppData\Local\Temp\VMBuilds\Temperature_control_box\Arduino_STM32-master_genericSTM32F103R\Release\core.a(i2c_f1.c.o)
                0x08001ff4                __irq_i2c2_ev
 .text.__irq_i2c1_er
                0x08002000        0xc C:\Users\Administrator\AppData\Local\Temp\VMBuilds\Temperature_control_box\Arduino_STM32-master_genericSTM32F103R\Release\core.a(i2c_f1.c.o)
                0x08002000                __irq_i2c1_er
 .text.__irq_i2c2_er
                0x0800200c        0xc C:\Users\Administrator\AppData\Local\Temp\VMBuilds\Temperature_control_box\Arduino_STM32-master_genericSTM32F103R\Release\core.a(i2c_f1.c.o)
                0x0800200c                __irq_i2c2_er
 .text._i2c_irq_priority_fixup
                0x08002018       0x1c C:\Users\Administrator\AppData\Local\Temp\VMBuilds\Temperature_control_box\Arduino_STM32-master_genericSTM32F103R\Release\core.a(i2c_f1.c.o)
                0x08002018                _i2c_irq_priority_fixup
 .text.nvic_irq_set_priority
                0x08002034       0x28 C:\Users\Administrator\AppData\Local\Temp\VMBuilds\Temperature_control_box\Arduino_STM32-master_genericSTM32F103R\Release\core.a(nvic.c.o)
                0x08002034                nvic_irq_set_priority
 .text.nvic_init
                0x0800205c       0x2c C:\Users\Administrator\AppData\Local\Temp\VMBuilds\Temperature_control_box\Arduino_STM32-master_genericSTM32F103R\Release\core.a(nvic.c.o)
                0x0800205c                nvic_init
 .text.nvic_sys_reset
                0x08002088       0x1c C:\Users\Administrator\AppData\Local\Temp\VMBuilds\Temperature_control_box\Arduino_STM32-master_genericSTM32F103R\Release\core.a(nvic.c.o)
                0x08002088                nvic_sys_reset
 .text.rcc_dev_clk
                0x080020a4        0xc C:\Users\Administrator\AppData\Local\Temp\VMBuilds\Temperature_control_box\Arduino_STM32-master_genericSTM32F103R\Release\core.a(rcc.c.o)
                0x080020a4                rcc_dev_clk
 .text.rcc_switch_sysclk
                0x080020b0       0x20 C:\Users\Administrator\AppData\Local\Temp\VMBuilds\Temperature_control_box\Arduino_STM32-master_genericSTM32F103R\Release\core.a(rcc.c.o)
                0x080020b0                rcc_switch_sysclk
 .text.rcc_turn_on_clk
                0x080020d0       0x18 C:\Users\Administrator\AppData\Local\Temp\VMBuilds\Temperature_control_box\Arduino_STM32-master_genericSTM32F103R\Release\core.a(rcc.c.o)
                0x080020d0                rcc_turn_on_clk
 .text.rcc_turn_off_clk
                0x080020e8       0x1c C:\Users\Administrator\AppData\Local\Temp\VMBuilds\Temperature_control_box\Arduino_STM32-master_genericSTM32F103R\Release\core.a(rcc.c.o)
                0x080020e8                rcc_turn_off_clk
 .text.rcc_is_clk_ready
                0x08002104       0x18 C:\Users\Administrator\AppData\Local\Temp\VMBuilds\Temperature_control_box\Arduino_STM32-master_genericSTM32F103R\Release\core.a(rcc.c.o)
                0x08002104                rcc_is_clk_ready
 .text.rcc_configure_pll
                0x0800211c       0x1c C:\Users\Administrator\AppData\Local\Temp\VMBuilds\Temperature_control_box\Arduino_STM32-master_genericSTM32F103R\Release\core.a(rcc_f1.c.o)
                0x0800211c                rcc_configure_pll
 .text.rcc_clk_enable
                0x08002138       0x30 C:\Users\Administrator\AppData\Local\Temp\VMBuilds\Temperature_control_box\Arduino_STM32-master_genericSTM32F103R\Release\core.a(rcc_f1.c.o)
                0x08002138                rcc_clk_enable
 .text.rcc_reset_dev
                0x08002168       0x34 C:\Users\Administrator\AppData\Local\Temp\VMBuilds\Temperature_control_box\Arduino_STM32-master_genericSTM32F103R\Release\core.a(rcc_f1.c.o)
                0x08002168                rcc_reset_dev
 .text.rcc_set_prescaler
                0x0800219c       0x20 C:\Users\Administrator\AppData\Local\Temp\VMBuilds\Temperature_control_box\Arduino_STM32-master_genericSTM32F103R\Release\core.a(rcc_f1.c.o)
                0x0800219c                rcc_set_prescaler
 .text.rcc_clk_disable
                0x080021bc       0x30 C:\Users\Administrator\AppData\Local\Temp\VMBuilds\Temperature_control_box\Arduino_STM32-master_genericSTM32F103R\Release\core.a(rcc_f1.c.o)
                0x080021bc                rcc_clk_disable
 .text.systick_init
                0x080021ec       0x10 C:\Users\Administrator\AppData\Local\Temp\VMBuilds\Temperature_control_box\Arduino_STM32-master_genericSTM32F103R\Release\core.a(systick.c.o)
                0x080021ec                systick_init
 .text.__exc_systick
                0x080021fc       0x1c C:\Users\Administrator\AppData\Local\Temp\VMBuilds\Temperature_control_box\Arduino_STM32-master_genericSTM32F103R\Release\core.a(systick.c.o)
                0x080021fc                __exc_systick
 .text.timer_oc_set_mode
                0x08002218       0x32 C:\Users\Administrator\AppData\Local\Temp\VMBuilds\Temperature_control_box\Arduino_STM32-master_genericSTM32F103R\Release\core.a(timer.c.o)
 .text.timer_cc_enable
                0x0800224a       0x1c C:\Users\Administrator\AppData\Local\Temp\VMBuilds\Temperature_control_box\Arduino_STM32-master_genericSTM32F103R\Release\core.a(timer.c.o)
 *fill*         0x08002266        0x2 
 .text.timer_foreach
                0x08002268       0x4c C:\Users\Administrator\AppData\Local\Temp\VMBuilds\Temperature_control_box\Arduino_STM32-master_genericSTM32F103R\Release\core.a(timer.c.o)
                0x08002268                timer_foreach
 .text.timer_init
                0x080022b4       0x14 C:\Users\Administrator\AppData\Local\Temp\VMBuilds\Temperature_control_box\Arduino_STM32-master_genericSTM32F103R\Release\core.a(timer.c.o)
                0x080022b4                timer_init
 .text.timer_has_cc_channel
                0x080022c8       0x30 C:\Users\Administrator\AppData\Local\Temp\VMBuilds\Temperature_control_box\Arduino_STM32-master_genericSTM32F103R\Release\core.a(timer.c.o)
                0x080022c8                timer_has_cc_channel
 .text.timer_detach_interrupt
                0x080022f8       0x1e C:\Users\Administrator\AppData\Local\Temp\VMBuilds\Temperature_control_box\Arduino_STM32-master_genericSTM32F103R\Release\core.a(timer.c.o)
                0x080022f8                timer_detach_interrupt
 .text.input_capture_mode
                0x08002316       0x1a C:\Users\Administrator\AppData\Local\Temp\VMBuilds\Temperature_control_box\Arduino_STM32-master_genericSTM32F103R\Release\core.a(timer.c.o)
                0x08002316                input_capture_mode
 .text.timer_set_mode
                0x08002330       0x8e C:\Users\Administrator\AppData\Local\Temp\VMBuilds\Temperature_control_box\Arduino_STM32-master_genericSTM32F103R\Release\core.a(timer.c.o)
                0x08002330                timer_set_mode
 *fill*         0x080023be        0x2 
 .text.__irq_tim1_brk
                0x080023c0       0x24 C:\Users\Administrator\AppData\Local\Temp\VMBuilds\Temperature_control_box\Arduino_STM32-master_genericSTM32F103R\Release\core.a(timer.c.o)
                0x080023c0                __irq_tim1_brk
 .text.__irq_tim1_up
                0x080023e4       0x24 C:\Users\Administrator\AppData\Local\Temp\VMBuilds\Temperature_control_box\Arduino_STM32-master_genericSTM32F103R\Release\core.a(timer.c.o)
                0x080023e4                __irq_tim1_up
 .text.__irq_tim1_trg_com
                0x08002408       0x38 C:\Users\Administrator\AppData\Local\Temp\VMBuilds\Temperature_control_box\Arduino_STM32-master_genericSTM32F103R\Release\core.a(timer.c.o)
                0x08002408                __irq_tim1_trg_com
 .text.__irq_tim1_cc
                0x08002440       0x54 C:\Users\Administrator\AppData\Local\Temp\VMBuilds\Temperature_control_box\Arduino_STM32-master_genericSTM32F103R\Release\core.a(timer.c.o)
                0x08002440                __irq_tim1_cc
 .text.__irq_tim2
                0x08002494       0x70 C:\Users\Administrator\AppData\Local\Temp\VMBuilds\Temperature_control_box\Arduino_STM32-master_genericSTM32F103R\Release\core.a(timer.c.o)
                0x08002494                __irq_tim2
 .text.__irq_tim3
                0x08002504       0x70 C:\Users\Administrator\AppData\Local\Temp\VMBuilds\Temperature_control_box\Arduino_STM32-master_genericSTM32F103R\Release\core.a(timer.c.o)
                0x08002504                __irq_tim3
 .text.__irq_tim4
                0x08002574       0x70 C:\Users\Administrator\AppData\Local\Temp\VMBuilds\Temperature_control_box\Arduino_STM32-master_genericSTM32F103R\Release\core.a(timer.c.o)
                0x08002574                __irq_tim4
 .text.__irq_tim5
                0x080025e4       0x70 C:\Users\Administrator\AppData\Local\Temp\VMBuilds\Temperature_control_box\Arduino_STM32-master_genericSTM32F103R\Release\core.a(timer.c.o)
                0x080025e4                __irq_tim5
 .text.__irq_tim6
                0x08002654       0x24 C:\Users\Administrator\AppData\Local\Temp\VMBuilds\Temperature_control_box\Arduino_STM32-master_genericSTM32F103R\Release\core.a(timer.c.o)
                0x08002654                __irq_tim6
 .text.__irq_tim7
                0x08002678       0x24 C:\Users\Administrator\AppData\Local\Temp\VMBuilds\Temperature_control_box\Arduino_STM32-master_genericSTM32F103R\Release\core.a(timer.c.o)
                0x08002678                __irq_tim7
 .text.__irq_tim8_brk
                0x0800269c       0x24 C:\Users\Administrator\AppData\Local\Temp\VMBuilds\Temperature_control_box\Arduino_STM32-master_genericSTM32F103R\Release\core.a(timer.c.o)
                0x0800269c                __irq_tim8_brk
 .text.__irq_tim8_up
                0x080026c0       0x24 C:\Users\Administrator\AppData\Local\Temp\VMBuilds\Temperature_control_box\Arduino_STM32-master_genericSTM32F103R\Release\core.a(timer.c.o)
                0x080026c0                __irq_tim8_up
 .text.__irq_tim8_trg_com
                0x080026e4       0x38 C:\Users\Administrator\AppData\Local\Temp\VMBuilds\Temperature_control_box\Arduino_STM32-master_genericSTM32F103R\Release\core.a(timer.c.o)
                0x080026e4                __irq_tim8_trg_com
 .text.__irq_tim8_cc
                0x0800271c       0x54 C:\Users\Administrator\AppData\Local\Temp\VMBuilds\Temperature_control_box\Arduino_STM32-master_genericSTM32F103R\Release\core.a(timer.c.o)
                0x0800271c                __irq_tim8_cc
 .text.rb_remove
                0x08002770       0x22 C:\Users\Administrator\AppData\Local\Temp\VMBuilds\Temperature_control_box\Arduino_STM32-master_genericSTM32F103R\Release\core.a(usart_f1.c.o)
 .text.rb_push_insert
                0x08002792       0x4a C:\Users\Administrator\AppData\Local\Temp\VMBuilds\Temperature_control_box\Arduino_STM32-master_genericSTM32F103R\Release\core.a(usart_f1.c.o)
 .text.usart_config_gpios_async
                0x080027dc       0x4a C:\Users\Administrator\AppData\Local\Temp\VMBuilds\Temperature_control_box\Arduino_STM32-master_genericSTM32F103R\Release\core.a(usart_f1.c.o)
                0x080027dc                usart_config_gpios_async
 .text.usart_set_baud_rate
                0x08002826       0x3a C:\Users\Administrator\AppData\Local\Temp\VMBuilds\Temperature_control_box\Arduino_STM32-master_genericSTM32F103R\Release\core.a(usart_f1.c.o)
                0x08002826                usart_set_baud_rate
 .text.__irq_usart1
                0x08002860       0x50 C:\Users\Administrator\AppData\Local\Temp\VMBuilds\Temperature_control_box\Arduino_STM32-master_genericSTM32F103R\Release\core.a(usart_f1.c.o)
                0x08002860                __irq_usart1
 .text.__irq_usart2
                0x080028b0       0x50 C:\Users\Administrator\AppData\Local\Temp\VMBuilds\Temperature_control_box\Arduino_STM32-master_genericSTM32F103R\Release\core.a(usart_f1.c.o)
                0x080028b0                __irq_usart2
 .text.__irq_usart3
                0x08002900       0x50 C:\Users\Administrator\AppData\Local\Temp\VMBuilds\Temperature_control_box\Arduino_STM32-master_genericSTM32F103R\Release\core.a(usart_f1.c.o)
                0x08002900                __irq_usart3
 .text.__irq_uart4
                0x08002950       0x50 C:\Users\Administrator\AppData\Local\Temp\VMBuilds\Temperature_control_box\Arduino_STM32-master_genericSTM32F103R\Release\core.a(usart_f1.c.o)
                0x08002950                __irq_uart4
 .text.__irq_uart5
                0x080029a0       0x50 C:\Users\Administrator\AppData\Local\Temp\VMBuilds\Temperature_control_box\Arduino_STM32-master_genericSTM32F103R\Release\core.a(usart_f1.c.o)
                0x080029a0                __irq_uart5
 .text._usart_clock_freq
                0x080029f0       0x24 C:\Users\Administrator\AppData\Local\Temp\VMBuilds\Temperature_control_box\Arduino_STM32-master_genericSTM32F103R\Release\core.a(usart_private.c.o)
                0x080029f0                _usart_clock_freq
 .text.throb    0x08002a14       0x54 C:\Users\Administrator\AppData\Local\Temp\VMBuilds\Temperature_control_box\Arduino_STM32-master_genericSTM32F103R\Release\core.a(util.c.o)
                0x08002a14                throb
 .text.__error  0x08002a68       0x14 C:\Users\Administrator\AppData\Local\Temp\VMBuilds\Temperature_control_box\Arduino_STM32-master_genericSTM32F103R\Release\core.a(util.c.o)
                0x08002a68                __error
 .text.set_rx_tx_status0
                0x08002a7c       0x30 C:\Users\Administrator\AppData\Local\Temp\VMBuilds\Temperature_control_box\Arduino_STM32-master_genericSTM32F103R\Release\core.a(usb.c.o)
 .text.usb_resume
                0x08002aac       0xb0 C:\Users\Administrator\AppData\Local\Temp\VMBuilds\Temperature_control_box\Arduino_STM32-master_genericSTM32F103R\Release\core.a(usb.c.o)
 .text.usb_init_usblib
                0x08002b5c       0x48 C:\Users\Administrator\AppData\Local\Temp\VMBuilds\Temperature_control_box\Arduino_STM32-master_genericSTM32F103R\Release\core.a(usb.c.o)
                0x08002b5c                usb_init_usblib
 .text.__irq_usb_lp_can_rx0
                0x08002ba4      0x18c C:\Users\Administrator\AppData\Local\Temp\VMBuilds\Temperature_control_box\Arduino_STM32-master_genericSTM32F103R\Release\core.a(usb.c.o)
                0x08002ba4                __irq_usb_lp_can_rx0
 .text.usb_set_ep_rx_stat
                0x08002d30       0x22 C:\Users\Administrator\AppData\Local\Temp\VMBuilds\Temperature_control_box\Arduino_STM32-master_genericSTM32F103R\Release\core.a(usb_cdcacm.c.o)
 *fill*         0x08002d52        0x2 
 .text.vcomGetSetLineCoding
                0x08002d54       0x18 C:\Users\Administrator\AppData\Local\Temp\VMBuilds\Temperature_control_box\Arduino_STM32-master_genericSTM32F103R\Release\core.a(usb_cdcacm.c.o)
 .text.usbInit  0x08002d6c       0x44 C:\Users\Administrator\AppData\Local\Temp\VMBuilds\Temperature_control_box\Arduino_STM32-master_genericSTM32F103R\Release\core.a(usb_cdcacm.c.o)
 .text.usbNoDataSetup
                0x08002db0       0x50 C:\Users\Administrator\AppData\Local\Temp\VMBuilds\Temperature_control_box\Arduino_STM32-master_genericSTM32F103R\Release\core.a(usb_cdcacm.c.o)
 .text.usbGetInterfaceSetting
                0x08002e00       0x10 C:\Users\Administrator\AppData\Local\Temp\VMBuilds\Temperature_control_box\Arduino_STM32-master_genericSTM32F103R\Release\core.a(usb_cdcacm.c.o)
 .text.usbSetConfiguration
                0x08002e10       0x1c C:\Users\Administrator\AppData\Local\Temp\VMBuilds\Temperature_control_box\Arduino_STM32-master_genericSTM32F103R\Release\core.a(usb_cdcacm.c.o)
 .text.usbSetDeviceAddress
                0x08002e2c       0x10 C:\Users\Administrator\AppData\Local\Temp\VMBuilds\Temperature_control_box\Arduino_STM32-master_genericSTM32F103R\Release\core.a(usb_cdcacm.c.o)
 .text.usbGetStringDescriptor
                0x08002e3c       0x20 C:\Users\Administrator\AppData\Local\Temp\VMBuilds\Temperature_control_box\Arduino_STM32-master_genericSTM32F103R\Release\core.a(usb_cdcacm.c.o)
 .text.usbGetConfigDescriptor
                0x08002e5c        0xc C:\Users\Administrator\AppData\Local\Temp\VMBuilds\Temperature_control_box\Arduino_STM32-master_genericSTM32F103R\Release\core.a(usb_cdcacm.c.o)
 .text.usbGetDeviceDescriptor
                0x08002e68        0xc C:\Users\Administrator\AppData\Local\Temp\VMBuilds\Temperature_control_box\Arduino_STM32-master_genericSTM32F103R\Release\core.a(usb_cdcacm.c.o)
 .text.usbDataSetup
                0x08002e74       0x54 C:\Users\Administrator\AppData\Local\Temp\VMBuilds\Temperature_control_box\Arduino_STM32-master_genericSTM32F103R\Release\core.a(usb_cdcacm.c.o)
 .text.vcomDataRxCb
                0x08002ec8       0x8c C:\Users\Administrator\AppData\Local\Temp\VMBuilds\Temperature_control_box\Arduino_STM32-master_genericSTM32F103R\Release\core.a(usb_cdcacm.c.o)
 .text.vcomDataTxCb
                0x08002f54       0xa0 C:\Users\Administrator\AppData\Local\Temp\VMBuilds\Temperature_control_box\Arduino_STM32-master_genericSTM32F103R\Release\core.a(usb_cdcacm.c.o)
 .text.usb_cdcacm_tx.part.2
                0x08002ff4       0x54 C:\Users\Administrator\AppData\Local\Temp\VMBuilds\Temperature_control_box\Arduino_STM32-master_genericSTM32F103R\Release\core.a(usb_cdcacm.c.o)
 .text.usbReset
                0x08003048      0x15c C:\Users\Administrator\AppData\Local\Temp\VMBuilds\Temperature_control_box\Arduino_STM32-master_genericSTM32F103R\Release\core.a(usb_cdcacm.c.o)
 .text.usb_cdcacm_set_hooks
                0x080031a4       0x1c C:\Users\Administrator\AppData\Local\Temp\VMBuilds\Temperature_control_box\Arduino_STM32-master_genericSTM32F103R\Release\core.a(usb_cdcacm.c.o)
                0x080031a4                usb_cdcacm_set_hooks
 .text.usb_cdcacm_enable
                0x080031c0       0x34 C:\Users\Administrator\AppData\Local\Temp\VMBuilds\Temperature_control_box\Arduino_STM32-master_genericSTM32F103R\Release\core.a(usb_cdcacm.c.o)
                0x080031c0                usb_cdcacm_enable
 .text.usb_cdcacm_tx
                0x080031f4        0xa C:\Users\Administrator\AppData\Local\Temp\VMBuilds\Temperature_control_box\Arduino_STM32-master_genericSTM32F103R\Release\core.a(usb_cdcacm.c.o)
                0x080031f4                usb_cdcacm_tx
 *fill*         0x080031fe        0x2 
 .text.usb_cdcacm_data_available
                0x08003200       0x18 C:\Users\Administrator\AppData\Local\Temp\VMBuilds\Temperature_control_box\Arduino_STM32-master_genericSTM32F103R\Release\core.a(usb_cdcacm.c.o)
                0x08003200                usb_cdcacm_data_available
 .text.usb_cdcacm_peek
                0x08003218       0x38 C:\Users\Administrator\AppData\Local\Temp\VMBuilds\Temperature_control_box\Arduino_STM32-master_genericSTM32F103R\Release\core.a(usb_cdcacm.c.o)
                0x08003218                usb_cdcacm_peek
 .text.usb_cdcacm_rx
                0x08003250       0x34 C:\Users\Administrator\AppData\Local\Temp\VMBuilds\Temperature_control_box\Arduino_STM32-master_genericSTM32F103R\Release\core.a(usb_cdcacm.c.o)
                0x08003250                usb_cdcacm_rx
 .text.usb_cdcacm_peek_ex
                0x08003284       0x40 C:\Users\Administrator\AppData\Local\Temp\VMBuilds\Temperature_control_box\Arduino_STM32-master_genericSTM32F103R\Release\core.a(usb_cdcacm.c.o)
                0x08003284                usb_cdcacm_peek_ex
 .text.usb_cdcacm_get_dtr
                0x080032c4       0x10 C:\Users\Administrator\AppData\Local\Temp\VMBuilds\Temperature_control_box\Arduino_STM32-master_genericSTM32F103R\Release\core.a(usb_cdcacm.c.o)
                0x080032c4                usb_cdcacm_get_dtr
 .text.usb_set_ep_rx_count
                0x080032d4       0x40 C:\Users\Administrator\AppData\Local\Temp\VMBuilds\Temperature_control_box\Arduino_STM32-master_genericSTM32F103R\Release\core.a(usb_reg_map.c.o)
                0x080032d4                usb_set_ep_rx_count
 .text.Standard_GetConfiguration
                0x08003314       0x24 C:\Users\Administrator\AppData\Local\Temp\VMBuilds\Temperature_control_box\Arduino_STM32-master_genericSTM32F103R\Release\core.a(usb_core.c.o)
                0x08003314                Standard_GetConfiguration
 .text.Standard_GetInterface
                0x08003338       0x24 C:\Users\Administrator\AppData\Local\Temp\VMBuilds\Temperature_control_box\Arduino_STM32-master_genericSTM32F103R\Release\core.a(usb_core.c.o)
                0x08003338                Standard_GetInterface
 .text.Standard_GetStatus
                0x0800335c       0x88 C:\Users\Administrator\AppData\Local\Temp\VMBuilds\Temperature_control_box\Arduino_STM32-master_genericSTM32F103R\Release\core.a(usb_core.c.o)
                0x0800335c                Standard_GetStatus
 .text.DataStageIn
                0x080033e4       0xac C:\Users\Administrator\AppData\Local\Temp\VMBuilds\Temperature_control_box\Arduino_STM32-master_genericSTM32F103R\Release\core.a(usb_core.c.o)
 .text.Standard_SetConfiguration
                0x08003490       0x38 C:\Users\Administrator\AppData\Local\Temp\VMBuilds\Temperature_control_box\Arduino_STM32-master_genericSTM32F103R\Release\core.a(usb_core.c.o)
                0x08003490                Standard_SetConfiguration
 .text.Standard_SetInterface
                0x080034c8       0x4c C:\Users\Administrator\AppData\Local\Temp\VMBuilds\Temperature_control_box\Arduino_STM32-master_genericSTM32F103R\Release\core.a(usb_core.c.o)
                0x080034c8                Standard_SetInterface
 .text.Standard_ClearFeature
                0x08003514       0xc4 C:\Users\Administrator\AppData\Local\Temp\VMBuilds\Temperature_control_box\Arduino_STM32-master_genericSTM32F103R\Release\core.a(usb_core.c.o)
                0x08003514                Standard_ClearFeature
 .text.Standard_SetEndPointFeature
                0x080035d8       0x7c C:\Users\Administrator\AppData\Local\Temp\VMBuilds\Temperature_control_box\Arduino_STM32-master_genericSTM32F103R\Release\core.a(usb_core.c.o)
                0x080035d8                Standard_SetEndPointFeature
 .text.Standard_SetDeviceFeature
                0x08003654       0x24 C:\Users\Administrator\AppData\Local\Temp\VMBuilds\Temperature_control_box\Arduino_STM32-master_genericSTM32F103R\Release\core.a(usb_core.c.o)
                0x08003654                Standard_SetDeviceFeature
 .text.Standard_GetDescriptorData
                0x08003678       0x1c C:\Users\Administrator\AppData\Local\Temp\VMBuilds\Temperature_control_box\Arduino_STM32-master_genericSTM32F103R\Release\core.a(usb_core.c.o)
                0x08003678                Standard_GetDescriptorData
 .text.Post0_Process
                0x08003694       0x40 C:\Users\Administrator\AppData\Local\Temp\VMBuilds\Temperature_control_box\Arduino_STM32-master_genericSTM32F103R\Release\core.a(usb_core.c.o)
                0x08003694                Post0_Process
 .text.Setup0_Process
                0x080036d4      0x2b8 C:\Users\Administrator\AppData\Local\Temp\VMBuilds\Temperature_control_box\Arduino_STM32-master_genericSTM32F103R\Release\core.a(usb_core.c.o)
                0x080036d4                Setup0_Process
 .text.Out0_Process
                0x0800398c       0xc0 C:\Users\Administrator\AppData\Local\Temp\VMBuilds\Temperature_control_box\Arduino_STM32-master_genericSTM32F103R\Release\core.a(usb_core.c.o)
                0x0800398c                Out0_Process
 .text.SetDeviceAddress
                0x08003a4c       0x38 C:\Users\Administrator\AppData\Local\Temp\VMBuilds\Temperature_control_box\Arduino_STM32-master_genericSTM32F103R\Release\core.a(usb_core.c.o)
                0x08003a4c                SetDeviceAddress
 .text.In0_Process
                0x08003a84       0x5c C:\Users\Administrator\AppData\Local\Temp\VMBuilds\Temperature_control_box\Arduino_STM32-master_genericSTM32F103R\Release\core.a(usb_core.c.o)
                0x08003a84                In0_Process
 .text.NOP_Process
                0x08003ae0        0x2 C:\Users\Administrator\AppData\Local\Temp\VMBuilds\Temperature_control_box\Arduino_STM32-master_genericSTM32F103R\Release\core.a(usb_core.c.o)
                0x08003ae0                NOP_Process
 .text.UserToPMABufferCopy
                0x08003ae2       0x1e C:\Users\Administrator\AppData\Local\Temp\VMBuilds\Temperature_control_box\Arduino_STM32-master_genericSTM32F103R\Release\core.a(usb_mem.c.o)
                0x08003ae2                UserToPMABufferCopy
 .text.PMAToUserBufferCopy
                0x08003b00       0x24 C:\Users\Administrator\AppData\Local\Temp\VMBuilds\Temperature_control_box\Arduino_STM32-master_genericSTM32F103R\Release\core.a(usb_mem.c.o)
                0x08003b00                PMAToUserBufferCopy
 .text.SetEPTxStatus
                0x08003b24       0x2a C:\Users\Administrator\AppData\Local\Temp\VMBuilds\Temperature_control_box\Arduino_STM32-master_genericSTM32F103R\Release\core.a(usb_regs.c.o)
                0x08003b24                SetEPTxStatus
 .text.ClearDTOG_RX
                0x08003b4e       0x26 C:\Users\Administrator\AppData\Local\Temp\VMBuilds\Temperature_control_box\Arduino_STM32-master_genericSTM32F103R\Release\core.a(usb_regs.c.o)
                0x08003b4e                ClearDTOG_RX
 .text.ClearDTOG_TX
                0x08003b74       0x26 C:\Users\Administrator\AppData\Local\Temp\VMBuilds\Temperature_control_box\Arduino_STM32-master_genericSTM32F103R\Release\core.a(usb_regs.c.o)
                0x08003b74                ClearDTOG_TX
 *fill*         0x08003b9a        0x2 
 .text.GetEPTxAddr
                0x08003b9c       0x1c C:\Users\Administrator\AppData\Local\Temp\VMBuilds\Temperature_control_box\Arduino_STM32-master_genericSTM32F103R\Release\core.a(usb_regs.c.o)
                0x08003b9c                GetEPTxAddr
 .text.GetEPRxAddr
                0x08003bb8       0x1c C:\Users\Administrator\AppData\Local\Temp\VMBuilds\Temperature_control_box\Arduino_STM32-master_genericSTM32F103R\Release\core.a(usb_regs.c.o)
                0x08003bb8                GetEPRxAddr
 .text.SetEPTxCount
                0x08003bd4       0x1c C:\Users\Administrator\AppData\Local\Temp\VMBuilds\Temperature_control_box\Arduino_STM32-master_genericSTM32F103R\Release\core.a(usb_regs.c.o)
                0x08003bd4                SetEPTxCount
 .text.SetEPRxCount
                0x08003bf0       0x40 C:\Users\Administrator\AppData\Local\Temp\VMBuilds\Temperature_control_box\Arduino_STM32-master_genericSTM32F103R\Release\core.a(usb_regs.c.o)
                0x08003bf0                SetEPRxCount
 .text.rb_full_count
                0x08003c30       0x18 C:\Users\Administrator\AppData\Local\Temp\VMBuilds\Temperature_control_box\Arduino_STM32-master_genericSTM32F103R\Release\core.a(HardwareSerial.cpp.o)
 .text._ZN14HardwareSerial4readEv
                0x08003c48       0x38 C:\Users\Administrator\AppData\Local\Temp\VMBuilds\Temperature_control_box\Arduino_STM32-master_genericSTM32F103R\Release\core.a(HardwareSerial.cpp.o)
                0x08003c48                HardwareSerial::read()
 .text._ZN14HardwareSerial9availableEv
                0x08003c80        0xc C:\Users\Administrator\AppData\Local\Temp\VMBuilds\Temperature_control_box\Arduino_STM32-master_genericSTM32F103R\Release\core.a(HardwareSerial.cpp.o)
                0x08003c80                HardwareSerial::available()
 .text._ZN14HardwareSerial4peekEv
                0x08003c8c       0x20 C:\Users\Administrator\AppData\Local\Temp\VMBuilds\Temperature_control_box\Arduino_STM32-master_genericSTM32F103R\Release\core.a(HardwareSerial.cpp.o)
                0x08003c8c                HardwareSerial::peek()
 .text._ZN14HardwareSerial5flushEv
                0x08003cac       0x18 C:\Users\Administrator\AppData\Local\Temp\VMBuilds\Temperature_control_box\Arduino_STM32-master_genericSTM32F103R\Release\core.a(HardwareSerial.cpp.o)
                0x08003cac                HardwareSerial::flush()
 .text._ZN14HardwareSerial5writeEh
                0x08003cc4       0x1e C:\Users\Administrator\AppData\Local\Temp\VMBuilds\Temperature_control_box\Arduino_STM32-master_genericSTM32F103R\Release\core.a(HardwareSerial.cpp.o)
                0x08003cc4                HardwareSerial::write(unsigned char)
 *fill*         0x08003ce2        0x2 
 .text._ZN14HardwareSerialC2EP9usart_devhh
                0x08003ce4       0x20 C:\Users\Administrator\AppData\Local\Temp\VMBuilds\Temperature_control_box\Arduino_STM32-master_genericSTM32F103R\Release\core.a(HardwareSerial.cpp.o)
                0x08003ce4                HardwareSerial::HardwareSerial(usart_dev*, unsigned char, unsigned char)
                0x08003ce4                HardwareSerial::HardwareSerial(usart_dev*, unsigned char, unsigned char)
 .text._ZN14HardwareSerial5beginEmh
                0x08003d04       0x68 C:\Users\Administrator\AppData\Local\Temp\VMBuilds\Temperature_control_box\Arduino_STM32-master_genericSTM32F103R\Release\core.a(HardwareSerial.cpp.o)
                0x08003d04                HardwareSerial::begin(unsigned long, unsigned char)
 .text._ZN14HardwareSerial5beginEm
                0x08003d6c        0x6 C:\Users\Administrator\AppData\Local\Temp\VMBuilds\Temperature_control_box\Arduino_STM32-master_genericSTM32F103R\Release\core.a(HardwareSerial.cpp.o)
                0x08003d6c                HardwareSerial::begin(unsigned long)
 .text.startup._Z7premainv
                0x08003d72        0x4 C:\Users\Administrator\AppData\Local\Temp\VMBuilds\Temperature_control_box\Arduino_STM32-master_genericSTM32F103R\Release\core.a(main.cpp.o)
                0x08003d72                premain()
 .text.startup.main
                0x08003d76        0xc C:\Users\Administrator\AppData\Local\Temp\VMBuilds\Temperature_control_box\Arduino_STM32-master_genericSTM32F103R\Release\core.a(main.cpp.o)
                0x08003d76                main
 .text._ZN5Print5writeEPKvm
                0x08003d82       0x20 C:\Users\Administrator\AppData\Local\Temp\VMBuilds\Temperature_control_box\Arduino_STM32-master_genericSTM32F103R\Release\core.a(Print.cpp.o)
                0x08003d82                Print::write(void const*, unsigned long)
 .text._ZN5Print5writeEPKc
                0x08003da2       0x20 C:\Users\Administrator\AppData\Local\Temp\VMBuilds\Temperature_control_box\Arduino_STM32-master_genericSTM32F103R\Release\core.a(Print.cpp.o)
                0x08003da2                Print::write(char const*)
 .text._ZN5Print5printERK6String
                0x08003dc2        0xa C:\Users\Administrator\AppData\Local\Temp\VMBuilds\Temperature_control_box\Arduino_STM32-master_genericSTM32F103R\Release\core.a(Print.cpp.o)
                0x08003dc2                Print::print(String const&)
 .text._ZN5Print5printEc
                0x08003dcc        0x6 C:\Users\Administrator\AppData\Local\Temp\VMBuilds\Temperature_control_box\Arduino_STM32-master_genericSTM32F103R\Release\core.a(Print.cpp.o)
                0x08003dcc                Print::print(char)
 .text._ZN5Print5printEPKc
                0x08003dd2        0x6 C:\Users\Administrator\AppData\Local\Temp\VMBuilds\Temperature_control_box\Arduino_STM32-master_genericSTM32F103R\Release\core.a(Print.cpp.o)
                0x08003dd2                Print::print(char const*)
 .text._ZN5Print7printlnEv
                0x08003dd8       0x18 C:\Users\Administrator\AppData\Local\Temp\VMBuilds\Temperature_control_box\Arduino_STM32-master_genericSTM32F103R\Release\core.a(Print.cpp.o)
                0x08003dd8                Print::println()
 .text._ZN5Print7printlnEc
                0x08003df0       0x14 C:\Users\Administrator\AppData\Local\Temp\VMBuilds\Temperature_control_box\Arduino_STM32-master_genericSTM32F103R\Release\core.a(Print.cpp.o)
                0x08003df0                Print::println(char)
 .text._ZN5Print7printlnEPKc
                0x08003e04       0x14 C:\Users\Administrator\AppData\Local\Temp\VMBuilds\Temperature_control_box\Arduino_STM32-master_genericSTM32F103R\Release\core.a(Print.cpp.o)
                0x08003e04                Print::println(char const*)
 .text._ZN5Print11printNumberEyh
                0x08003e18       0x6c C:\Users\Administrator\AppData\Local\Temp\VMBuilds\Temperature_control_box\Arduino_STM32-master_genericSTM32F103R\Release\core.a(Print.cpp.o)
                0x08003e18                Print::printNumber(unsigned long long, unsigned char)
 .text._ZN5Print5printExi
                0x08003e84       0x32 C:\Users\Administrator\AppData\Local\Temp\VMBuilds\Temperature_control_box\Arduino_STM32-master_genericSTM32F103R\Release\core.a(Print.cpp.o)
                0x08003e84                Print::print(long long, int)
 .text._ZN5Print5printEii
                0x08003eb6       0x12 C:\Users\Administrator\AppData\Local\Temp\VMBuilds\Temperature_control_box\Arduino_STM32-master_genericSTM32F103R\Release\core.a(Print.cpp.o)
                0x08003eb6                Print::print(int, int)
 .text._ZN5Print7printlnEii
                0x08003ec8       0x14 C:\Users\Administrator\AppData\Local\Temp\VMBuilds\Temperature_control_box\Arduino_STM32-master_genericSTM32F103R\Release\core.a(Print.cpp.o)
                0x08003ec8                Print::println(int, int)
 .text._ZN5Print7printlnEli
                0x08003edc       0x1c C:\Users\Administrator\AppData\Local\Temp\VMBuilds\Temperature_control_box\Arduino_STM32-master_genericSTM32F103R\Release\core.a(Print.cpp.o)
                0x08003edc                Print::println(long, int)
 .text._ZN5Print5printEhi
                0x08003ef8       0x14 C:\Users\Administrator\AppData\Local\Temp\VMBuilds\Temperature_control_box\Arduino_STM32-master_genericSTM32F103R\Release\core.a(Print.cpp.o)
                0x08003ef8                Print::print(unsigned char, int)
 .text._ZN5Print7printlnEhi
                0x08003f0c       0x14 C:\Users\Administrator\AppData\Local\Temp\VMBuilds\Temperature_control_box\Arduino_STM32-master_genericSTM32F103R\Release\core.a(Print.cpp.o)
                0x08003f0c                Print::println(unsigned char, int)
 .text._ZN9USBSerial9availableEv
                0x08003f20        0x4 C:\Users\Administrator\AppData\Local\Temp\VMBuilds\Temperature_control_box\Arduino_STM32-master_genericSTM32F103R\Release\core.a(usb_serial.cpp.o)
                0x08003f20                USBSerial::available()
 .text._ZN9USBSerial4peekEv
                0x08003f24       0x1e C:\Users\Administrator\AppData\Local\Temp\VMBuilds\Temperature_control_box\Arduino_STM32-master_genericSTM32F103R\Release\core.a(usb_serial.cpp.o)
                0x08003f24                USBSerial::peek()
 .text._ZN9USBSerial4readEv
                0x08003f42       0x1e C:\Users\Administrator\AppData\Local\Temp\VMBuilds\Temperature_control_box\Arduino_STM32-master_genericSTM32F103R\Release\core.a(usb_serial.cpp.o)
                0x08003f42                USBSerial::read()
 .text._ZL14ifaceSetupHookjPv
                0x08003f60       0x38 C:\Users\Administrator\AppData\Local\Temp\VMBuilds\Temperature_control_box\Arduino_STM32-master_genericSTM32F103R\Release\core.a(usb_serial.cpp.o)
 .text._ZL6rxHookjPv
                0x08003f98       0xa0 C:\Users\Administrator\AppData\Local\Temp\VMBuilds\Temperature_control_box\Arduino_STM32-master_genericSTM32F103R\Release\core.a(usb_serial.cpp.o)
 .text._ZL10wait_resetv
                0x08004038       0x10 C:\Users\Administrator\AppData\Local\Temp\VMBuilds\Temperature_control_box\Arduino_STM32-master_genericSTM32F103R\Release\core.a(usb_serial.cpp.o)
 .text._ZN9USBSerial5beginEv
                0x08004048       0x3c C:\Users\Administrator\AppData\Local\Temp\VMBuilds\Temperature_control_box\Arduino_STM32-master_genericSTM32F103R\Release\core.a(usb_serial.cpp.o)
                0x08004048                USBSerial::begin()
 .text._ZN9USBSerial5beginEm
                0x08004084        0xc C:\Users\Administrator\AppData\Local\Temp\VMBuilds\Temperature_control_box\Arduino_STM32-master_genericSTM32F103R\Release\core.a(usb_serial.cpp.o)
                0x08004084                USBSerial::begin(unsigned long)
 .text._ZN9USBSerial5writeEPKhm
                0x08004090       0x44 C:\Users\Administrator\AppData\Local\Temp\VMBuilds\Temperature_control_box\Arduino_STM32-master_genericSTM32F103R\Release\core.a(usb_serial.cpp.o)
                0x08004090                USBSerial::write(unsigned char const*, unsigned long)
 .text._ZN9USBSerial5writeEh
                0x080040d4       0x16 C:\Users\Administrator\AppData\Local\Temp\VMBuilds\Temperature_control_box\Arduino_STM32-master_genericSTM32F103R\Release\core.a(usb_serial.cpp.o)
                0x080040d4                USBSerial::write(unsigned char)
 .text._ZN9USBSerial5writeEPKc
                0x080040ea       0x1a C:\Users\Administrator\AppData\Local\Temp\VMBuilds\Temperature_control_box\Arduino_STM32-master_genericSTM32F103R\Release\core.a(usb_serial.cpp.o)
                0x080040ea                USBSerial::write(char const*)
 .text._ZN9USBSerial4readEPhm
                0x08004104       0x1c C:\Users\Administrator\AppData\Local\Temp\VMBuilds\Temperature_control_box\Arduino_STM32-master_genericSTM32F103R\Release\core.a(usb_serial.cpp.o)
                0x08004104                USBSerial::read(unsigned char*, unsigned long)
 .text._ZN9USBSerial5flushEv
                0x08004120       0x1c C:\Users\Administrator\AppData\Local\Temp\VMBuilds\Temperature_control_box\Arduino_STM32-master_genericSTM32F103R\Release\core.a(usb_serial.cpp.o)
                0x08004120                USBSerial::flush()
 .text.startup._GLOBAL__sub_I__ZN9USBSerial9_hasBegunE
                0x0800413c       0x1c C:\Users\Administrator\AppData\Local\Temp\VMBuilds\Temperature_control_box\Arduino_STM32-master_genericSTM32F103R\Release\core.a(usb_serial.cpp.o)
 .text._Z12digitalWritehh
                0x08004158       0x2c C:\Users\Administrator\AppData\Local\Temp\VMBuilds\Temperature_control_box\Arduino_STM32-master_genericSTM32F103R\Release\core.a(wirish_digital.cpp.o)
                0x08004158                digitalWrite(unsigned char, unsigned char)
 .text._ZL6microsv
                0x08004184       0x34 C:\Users\Administrator\AppData\Local\Temp\VMBuilds\Temperature_control_box\Arduino_STM32-master_genericSTM32F103R\Release\core.a(wirish_time.cpp.o)
 .text._Z5delaym
                0x080041b8       0x26 C:\Users\Administrator\AppData\Local\Temp\VMBuilds\Temperature_control_box\Arduino_STM32-master_genericSTM32F103R\Release\core.a(wirish_time.cpp.o)
                0x080041b8                delay(unsigned long)
 .text._ZN6StringD2Ev
                0x080041de        0xe C:\Users\Administrator\AppData\Local\Temp\VMBuilds\Temperature_control_box\Arduino_STM32-master_genericSTM32F103R\Release\core.a(WString.cpp.o)
                0x080041de                String::~String()
                0x080041de                String::~String()
 .text._ZN6String10invalidateEv
                0x080041ec       0x16 C:\Users\Administrator\AppData\Local\Temp\VMBuilds\Temperature_control_box\Arduino_STM32-master_genericSTM32F103R\Release\core.a(WString.cpp.o)
                0x080041ec                String::invalidate()
 .text._ZN6String12changeBufferEj
                0x08004202       0x18 C:\Users\Administrator\AppData\Local\Temp\VMBuilds\Temperature_control_box\Arduino_STM32-master_genericSTM32F103R\Release\core.a(WString.cpp.o)
                0x08004202                String::changeBuffer(unsigned int)
 .text._ZN6String7reserveEj
                0x0800421a       0x28 C:\Users\Administrator\AppData\Local\Temp\VMBuilds\Temperature_control_box\Arduino_STM32-master_genericSTM32F103R\Release\core.a(WString.cpp.o)
                0x0800421a                String::reserve(unsigned int)
 .text._ZN6String4copyEPKcj
                0x08004242       0x26 C:\Users\Administrator\AppData\Local\Temp\VMBuilds\Temperature_control_box\Arduino_STM32-master_genericSTM32F103R\Release\core.a(WString.cpp.o)
                0x08004242                String::copy(char const*, unsigned int)
 .text._ZN6StringC2EPKc
                0x08004268       0x24 C:\Users\Administrator\AppData\Local\Temp\VMBuilds\Temperature_control_box\Arduino_STM32-master_genericSTM32F103R\Release\core.a(WString.cpp.o)
                0x08004268                String::String(char const*)
                0x08004268                String::String(char const*)
 .text._ZN6StringaSERKS_
                0x0800428c       0x1e C:\Users\Administrator\AppData\Local\Temp\VMBuilds\Temperature_control_box\Arduino_STM32-master_genericSTM32F103R\Release\core.a(WString.cpp.o)
                0x0800428c                String::operator=(String const&)
 .text._ZN6StringC2ERKS_
                0x080042aa       0x14 C:\Users\Administrator\AppData\Local\Temp\VMBuilds\Temperature_control_box\Arduino_STM32-master_genericSTM32F103R\Release\core.a(WString.cpp.o)
                0x080042aa                String::String(String const&)
                0x080042aa                String::String(String const&)
 .text._ZN6String6concatEPKcj
                0x080042be       0x2e C:\Users\Administrator\AppData\Local\Temp\VMBuilds\Temperature_control_box\Arduino_STM32-master_genericSTM32F103R\Release\core.a(WString.cpp.o)
                0x080042be                String::concat(char const*, unsigned int)
 .text._ZN6String6concatEi
                0x080042ec       0x22 C:\Users\Administrator\AppData\Local\Temp\VMBuilds\Temperature_control_box\Arduino_STM32-master_genericSTM32F103R\Release\core.a(WString.cpp.o)
                0x080042ec                String::concat(int)
 .text._ZplRK15StringSumHelperPKc
                0x0800430e       0x28 C:\Users\Administrator\AppData\Local\Temp\VMBuilds\Temperature_control_box\Arduino_STM32-master_genericSTM32F103R\Release\core.a(WString.cpp.o)
                0x0800430e                operator+(StringSumHelper const&, char const*)
 .text._ZplRK15StringSumHelperi
                0x08004336       0x14 C:\Users\Administrator\AppData\Local\Temp\VMBuilds\Temperature_control_box\Arduino_STM32-master_genericSTM32F103R\Release\core.a(WString.cpp.o)
                0x08004336                operator+(StringSumHelper const&, int)
 *fill*         0x0800434a        0x2 
 .text._Z7pinModeh13WiringPinMode
                0x0800434c       0x84 C:\Users\Administrator\AppData\Local\Temp\VMBuilds\Temperature_control_box\Arduino_STM32-master_genericSTM32F103R\Release\core.a(wirish_digital_f1.cpp.o)
                0x0800434c                pinMode(unsigned char, WiringPinMode)
 .text.__empty  0x080043d0        0x2 C:\Users\Administrator\AppData\Local\Temp\VMBuilds\Temperature_control_box\Arduino_STM32-master_genericSTM32F103R\Release\core.a(hooks.c.o)
                0x080043d0                yield
 *fill*         0x080043d2        0x2 
 .text.data_register
                0x080043d4       0x28 C:\Users\Administrator\AppData\Local\Temp\VMBuilds\Temperature_control_box\Arduino_STM32-master_genericSTM32F103R\Release\core.a(bkp_f1.c.o)
 .text.bkp_init
                0x080043fc       0x18 C:\Users\Administrator\AppData\Local\Temp\VMBuilds\Temperature_control_box\Arduino_STM32-master_genericSTM32F103R\Release\core.a(bkp_f1.c.o)
                0x080043fc                bkp_init
 .text.bkp_enable_writes
                0x08004414        0xc C:\Users\Administrator\AppData\Local\Temp\VMBuilds\Temperature_control_box\Arduino_STM32-master_genericSTM32F103R\Release\core.a(bkp_f1.c.o)
                0x08004414                bkp_enable_writes
 .text.bkp_disable_writes
                0x08004420        0xc C:\Users\Administrator\AppData\Local\Temp\VMBuilds\Temperature_control_box\Arduino_STM32-master_genericSTM32F103R\Release\core.a(bkp_f1.c.o)
                0x08004420                bkp_disable_writes
 .text.bkp_write
                0x0800442c        0xc C:\Users\Administrator\AppData\Local\Temp\VMBuilds\Temperature_control_box\Arduino_STM32-master_genericSTM32F103R\Release\core.a(bkp_f1.c.o)
                0x0800442c                bkp_write
 .text.gpio_init
                0x08004438       0x14 C:\Users\Administrator\AppData\Local\Temp\VMBuilds\Temperature_control_box\Arduino_STM32-master_genericSTM32F103R\Release\core.a(gpio.c.o)
                0x08004438                gpio_init
 .text.i2c_start_condition
                0x0800444c       0x14 C:\Users\Administrator\AppData\Local\Temp\VMBuilds\Temperature_control_box\Arduino_STM32-master_genericSTM32F103R\Release\core.a(i2c.c.o)
 .text.i2c_stop_condition
                0x08004460       0x1c C:\Users\Administrator\AppData\Local\Temp\VMBuilds\Temperature_control_box\Arduino_STM32-master_genericSTM32F103R\Release\core.a(i2c.c.o)
 .text._i2c_irq_handler
                0x0800447c      0x170 C:\Users\Administrator\AppData\Local\Temp\VMBuilds\Temperature_control_box\Arduino_STM32-master_genericSTM32F103R\Release\core.a(i2c.c.o)
                0x0800447c                _i2c_irq_handler
 .text._i2c_irq_error_handler
                0x080045ec       0x28 C:\Users\Administrator\AppData\Local\Temp\VMBuilds\Temperature_control_box\Arduino_STM32-master_genericSTM32F103R\Release\core.a(i2c.c.o)
                0x080045ec                _i2c_irq_error_handler
 .text.usart_init
                0x08004614       0x4c C:\Users\Administrator\AppData\Local\Temp\VMBuilds\Temperature_control_box\Arduino_STM32-master_genericSTM32F103R\Release\core.a(usart.c.o)
                0x08004614                usart_init
 .text.usart_enable
                0x08004660       0x14 C:\Users\Administrator\AppData\Local\Temp\VMBuilds\Temperature_control_box\Arduino_STM32-master_genericSTM32F103R\Release\core.a(usart.c.o)
                0x08004660                usart_enable
 .text.usart_tx
                0x08004674       0x8e C:\Users\Administrator\AppData\Local\Temp\VMBuilds\Temperature_control_box\Arduino_STM32-master_genericSTM32F103R\Release\core.a(usart.c.o)
                0x08004674                usart_tx
 *fill*         0x08004702        0x2 
 .text.__aeabi_atexit
                0x08004704        0xc c:/users/administrator/appdata/local/arduino15/packages/arduino/tools/arm-none-eabi-gcc/7-2017q4/bin/../lib/gcc/arm-none-eabi/7.2.1/../../../../arm-none-eabi/lib/thumb/v7-m\libstdc++.a(atexit_arm.o)
                0x08004704                __aeabi_atexit
 .text          0x08004710       0x30 c:/users/administrator/appdata/local/arduino15/packages/arduino/tools/arm-none-eabi-gcc/7-2017q4/bin/../lib/gcc/arm-none-eabi/7.2.1/thumb/v7-m\libgcc.a(_aeabi_uldivmod.o)
                0x08004710                __aeabi_uldivmod
 .text          0x08004740      0x2d0 c:/users/administrator/appdata/local/arduino15/packages/arduino/tools/arm-none-eabi-gcc/7-2017q4/bin/../lib/gcc/arm-none-eabi/7.2.1/thumb/v7-m\libgcc.a(_udivmoddi4.o)
                0x08004740                __udivmoddi4
 .text          0x08004a10        0x4 c:/users/administrator/appdata/local/arduino15/packages/arduino/tools/arm-none-eabi-gcc/7-2017q4/bin/../lib/gcc/arm-none-eabi/7.2.1/thumb/v7-m\libgcc.a(_dvmd_tls.o)
                0x08004a10                __aeabi_idiv0
                0x08004a10                __aeabi_ldiv0
 .text.__cxa_atexit
                0x08004a14        0xc c:/users/administrator/appdata/local/arduino15/packages/arduino/tools/arm-none-eabi-gcc/7-2017q4/bin/../lib/gcc/arm-none-eabi/7.2.1/../../../../arm-none-eabi/lib/thumb/v7-m\libc.a(lib_a-cxa_atexit.o)
                0x08004a14                __cxa_atexit
 .text.__errno  0x08004a20        0xc c:/users/administrator/appdata/local/arduino15/packages/arduino/tools/arm-none-eabi-gcc/7-2017q4/bin/../lib/gcc/arm-none-eabi/7.2.1/../../../../arm-none-eabi/lib/thumb/v7-m\libc.a(lib_a-errno.o)
                0x08004a20                __errno
 .text.exit     0x08004a2c       0x20 c:/users/administrator/appdata/local/arduino15/packages/arduino/tools/arm-none-eabi-gcc/7-2017q4/bin/../lib/gcc/arm-none-eabi/7.2.1/../../../../arm-none-eabi/lib/thumb/v7-m\libc.a(lib_a-exit.o)
                0x08004a2c                exit
 .text.__libc_init_array
                0x08004a4c       0x48 c:/users/administrator/appdata/local/arduino15/packages/arduino/tools/arm-none-eabi-gcc/7-2017q4/bin/../lib/gcc/arm-none-eabi/7.2.1/../../../../arm-none-eabi/lib/thumb/v7-m\libc.a(lib_a-init.o)
                0x08004a4c                __libc_init_array
 .text.malloc   0x08004a94       0x10 c:/users/administrator/appdata/local/arduino15/packages/arduino/tools/arm-none-eabi-gcc/7-2017q4/bin/../lib/gcc/arm-none-eabi/7.2.1/../../../../arm-none-eabi/lib/thumb/v7-m\libc.a(lib_a-malloc.o)
                0x08004a94                malloc
 .text.free     0x08004aa4       0x10 c:/users/administrator/appdata/local/arduino15/packages/arduino/tools/arm-none-eabi-gcc/7-2017q4/bin/../lib/gcc/arm-none-eabi/7.2.1/../../../../arm-none-eabi/lib/thumb/v7-m\libc.a(lib_a-malloc.o)
                0x08004aa4                free
 .text._malloc_r
                0x08004ab4      0x524 c:/users/administrator/appdata/local/arduino15/packages/arduino/tools/arm-none-eabi-gcc/7-2017q4/bin/../lib/gcc/arm-none-eabi/7.2.1/../../../../arm-none-eabi/lib/thumb/v7-m\libc.a(lib_a-mallocr.o)
                0x08004ab4                _malloc_r
 .text.memmove  0x08004fd8       0xc4 c:/users/administrator/appdata/local/arduino15/packages/arduino/tools/arm-none-eabi-gcc/7-2017q4/bin/../lib/gcc/arm-none-eabi/7.2.1/../../../../arm-none-eabi/lib/thumb/v7-m\libc.a(lib_a-memmove.o)
                0x08004fd8                memmove
 .text.__malloc_lock
                0x0800509c        0xc c:/users/administrator/appdata/local/arduino15/packages/arduino/tools/arm-none-eabi-gcc/7-2017q4/bin/../lib/gcc/arm-none-eabi/7.2.1/../../../../arm-none-eabi/lib/thumb/v7-m\libc.a(lib_a-mlock.o)
                0x0800509c                __malloc_lock
 .text.__malloc_unlock
                0x080050a8        0xc c:/users/administrator/appdata/local/arduino15/packages/arduino/tools/arm-none-eabi-gcc/7-2017q4/bin/../lib/gcc/arm-none-eabi/7.2.1/../../../../arm-none-eabi/lib/thumb/v7-m\libc.a(lib_a-mlock.o)
                0x080050a8                __malloc_unlock
 .text.realloc  0x080050b4       0x10 c:/users/administrator/appdata/local/arduino15/packages/arduino/tools/arm-none-eabi-gcc/7-2017q4/bin/../lib/gcc/arm-none-eabi/7.2.1/../../../../arm-none-eabi/lib/thumb/v7-m\libc.a(lib_a-realloc.o)
                0x080050b4                realloc
 .text._realloc_r
                0x080050c4      0x374 c:/users/administrator/appdata/local/arduino15/packages/arduino/tools/arm-none-eabi-gcc/7-2017q4/bin/../lib/gcc/arm-none-eabi/7.2.1/../../../../arm-none-eabi/lib/thumb/v7-m\libc.a(lib_a-reallocr.o)
                0x080050c4                _realloc_r
 .text._sbrk_r  0x08005438       0x24 c:/users/administrator/appdata/local/arduino15/packages/arduino/tools/arm-none-eabi-gcc/7-2017q4/bin/../lib/gcc/arm-none-eabi/7.2.1/../../../../arm-none-eabi/lib/thumb/v7-m\libc.a(lib_a-sbrkr.o)
                0x08005438                _sbrk_r
 .text.strcpy   0x0800545c       0xbc c:/users/administrator/appdata/local/arduino15/packages/arduino/tools/arm-none-eabi-gcc/7-2017q4/bin/../lib/gcc/arm-none-eabi/7.2.1/../../../../arm-none-eabi/lib/thumb/v7-m\libc.a(lib_a-strcpy.o)
                0x0800545c                strcpy
 .text.strlen   0x08005518       0x5c c:/users/administrator/appdata/local/arduino15/packages/arduino/tools/arm-none-eabi-gcc/7-2017q4/bin/../lib/gcc/arm-none-eabi/7.2.1/../../../../arm-none-eabi/lib/thumb/v7-m\libc.a(lib_a-strlen-stub.o)
                0x08005518                strlen
 .text.__register_exitproc
                0x08005574       0xc0 c:/users/administrator/appdata/local/arduino15/packages/arduino/tools/arm-none-eabi-gcc/7-2017q4/bin/../lib/gcc/arm-none-eabi/7.2.1/../../../../arm-none-eabi/lib/thumb/v7-m\libc.a(lib_a-__atexit.o)
                0x08005574                __register_exitproc
 .text.startup.register_fini
                0x08005634       0x14 c:/users/administrator/appdata/local/arduino15/packages/arduino/tools/arm-none-eabi-gcc/7-2017q4/bin/../lib/gcc/arm-none-eabi/7.2.1/../../../../arm-none-eabi/lib/thumb/v7-m\libc.a(lib_a-__call_atexit.o)
 .text.__call_exitprocs
                0x08005648       0xe8 c:/users/administrator/appdata/local/arduino15/packages/arduino/tools/arm-none-eabi-gcc/7-2017q4/bin/../lib/gcc/arm-none-eabi/7.2.1/../../../../arm-none-eabi/lib/thumb/v7-m\libc.a(lib_a-__call_atexit.o)
                0x08005648                __call_exitprocs
 .text.atexit   0x08005730        0xc c:/users/administrator/appdata/local/arduino15/packages/arduino/tools/arm-none-eabi-gcc/7-2017q4/bin/../lib/gcc/arm-none-eabi/7.2.1/../../../../arm-none-eabi/lib/thumb/v7-m\libc.a(lib_a-atexit.o)
                0x08005730                atexit
 .text.__libc_fini_array
                0x0800573c       0x34 c:/users/administrator/appdata/local/arduino15/packages/arduino/tools/arm-none-eabi-gcc/7-2017q4/bin/../lib/gcc/arm-none-eabi/7.2.1/../../../../arm-none-eabi/lib/thumb/v7-m\libc.a(lib_a-fini.o)
                0x0800573c                __libc_fini_array
 .text._malloc_trim_r
                0x08005770       0xa0 c:/users/administrator/appdata/local/arduino15/packages/arduino/tools/arm-none-eabi-gcc/7-2017q4/bin/../lib/gcc/arm-none-eabi/7.2.1/../../../../arm-none-eabi/lib/thumb/v7-m\libc.a(lib_a-freer.o)
                0x08005770                _malloc_trim_r
 .text._free_r  0x08005810      0x1e8 c:/users/administrator/appdata/local/arduino15/packages/arduino/tools/arm-none-eabi-gcc/7-2017q4/bin/../lib/gcc/arm-none-eabi/7.2.1/../../../../arm-none-eabi/lib/thumb/v7-m\libc.a(lib_a-freer.o)
                0x08005810                _free_r
 .text.__retarget_lock_acquire_recursive
                0x080059f8        0x4 c:/users/administrator/appdata/local/arduino15/packages/arduino/tools/arm-none-eabi-gcc/7-2017q4/bin/../lib/gcc/arm-none-eabi/7.2.1/../../../../arm-none-eabi/lib/thumb/v7-m\libc.a(lib_a-lock.o)
                0x080059f8                __retarget_lock_acquire_recursive
 .text.__retarget_lock_release_recursive
                0x080059fc        0x4 c:/users/administrator/appdata/local/arduino15/packages/arduino/tools/arm-none-eabi-gcc/7-2017q4/bin/../lib/gcc/arm-none-eabi/7.2.1/../../../../arm-none-eabi/lib/thumb/v7-m\libc.a(lib_a-lock.o)
                0x080059fc                __retarget_lock_release_recursive
 *(.plt)
 *(.gnu.warning)
 *(.glue_7t)
 .glue_7t       0x08005a00        0x0 linker stubs
 *(.glue_7)
 .glue_7        0x08005a00        0x0 linker stubs
 *(.vfp11_veneer)
 .vfp11_veneer  0x08005a00        0x0 linker stubs
 *(.ARM.extab* .gnu.linkonce.armextab.*)
 *(.gcc_except_table)
 *(.eh_frame_hdr)
 *(.eh_frame)
 .eh_frame      0x08005a00        0x0 c:/users/administrator/appdata/local/arduino15/packages/arduino/tools/arm-none-eabi-gcc/7-2017q4/bin/../lib/gcc/arm-none-eabi/7.2.1/thumb/v7-m/crtbegin.o
                0x08005a00                . = ALIGN (0x4)
 *(.init)
 .init          0x08005a00        0x4 c:/users/administrator/appdata/local/arduino15/packages/arduino/tools/arm-none-eabi-gcc/7-2017q4/bin/../lib/gcc/arm-none-eabi/7.2.1/thumb/v7-m/crti.o
                0x08005a00                _init
 .init          0x08005a04        0x8 c:/users/administrator/appdata/local/arduino15/packages/arduino/tools/arm-none-eabi-gcc/7-2017q4/bin/../lib/gcc/arm-none-eabi/7.2.1/thumb/v7-m/crtn.o
                0x08005a0c                . = ALIGN (0x4)
                0x08005a0c                __preinit_array_start = .
 *(.preinit_array)
                0x08005a0c                __preinit_array_end = .
                0x08005a0c                . = ALIGN (0x4)
                0x08005a0c                __init_array_start = .
 *(SORT_BY_NAME(.init_array.*))
 .init_array.00000
                0x08005a0c        0x4 c:/users/administrator/appdata/local/arduino15/packages/arduino/tools/arm-none-eabi-gcc/7-2017q4/bin/../lib/gcc/arm-none-eabi/7.2.1/../../../../arm-none-eabi/lib/thumb/v7-m\libc.a(lib_a-__call_atexit.o)
 .init_array.00101
                0x08005a10        0x4 C:\Users\Administrator\AppData\Local\Temp\VMBuilds\Temperature_control_box\Arduino_STM32-master_genericSTM32F103R\Release\core.a(main.cpp.o)
 *(.init_array)
 .init_array    0x08005a14        0x4 c:/users/administrator/appdata/local/arduino15/packages/arduino/tools/arm-none-eabi-gcc/7-2017q4/bin/../lib/gcc/arm-none-eabi/7.2.1/thumb/v7-m/crtbegin.o
 .init_array    0x08005a18        0x4 Temperature_control_box.cpp.o
 .init_array    0x08005a1c        0x4 EEPROM\EEPROM.cpp.o
 .init_array    0x08005a20        0x4 C:\Users\Administrator\AppData\Local\Temp\VMBCore\arduino16x\26f9647b75fb80b091c2c1c5a86ae632\variant\board.cpp.o
 .init_array    0x08005a24        0x4 C:\Users\Administrator\AppData\Local\Temp\VMBuilds\Temperature_control_box\Arduino_STM32-master_genericSTM32F103R\Release\core.a(usb_serial.cpp.o)
                0x08005a28                __init_array_end = .
                0x08005a28                . = ALIGN (0x4)
 *crtbegin.o(.ctors)
 *(EXCLUDE_FILE(*crtend.o) .ctors)
 *(SORT_BY_NAME(.ctors.*))
 *crtend.o(.ctors)
                0x08005a28                . = ALIGN (0x4)
 *(.fini)
 .fini          0x08005a28        0x4 c:/users/administrator/appdata/local/arduino15/packages/arduino/tools/arm-none-eabi-gcc/7-2017q4/bin/../lib/gcc/arm-none-eabi/7.2.1/thumb/v7-m/crti.o
                0x08005a28                _fini
 .fini          0x08005a2c        0x8 c:/users/administrator/appdata/local/arduino15/packages/arduino/tools/arm-none-eabi-gcc/7-2017q4/bin/../lib/gcc/arm-none-eabi/7.2.1/thumb/v7-m/crtn.o
                0x08005a34                . = ALIGN (0x4)
                0x08005a34                __fini_array_start = .
 *(.fini_array)
 .fini_array    0x08005a34        0x4 c:/users/administrator/appdata/local/arduino15/packages/arduino/tools/arm-none-eabi-gcc/7-2017q4/bin/../lib/gcc/arm-none-eabi/7.2.1/thumb/v7-m/crtbegin.o
 *(SORT_BY_NAME(.fini_array.*))
                0x08005a38                __fini_array_end = .
 *crtbegin.o(.dtors)
 *(EXCLUDE_FILE(*crtend.o) .dtors)
 *(SORT_BY_NAME(.dtors.*))
 *crtend.o(.dtors)

.v4_bx          0x08005a38        0x0
 .v4_bx         0x08005a38        0x0 linker stubs

.iplt           0x08005a38        0x0
 .iplt          0x08005a38        0x0 c:/users/administrator/appdata/local/arduino15/packages/arduino/tools/arm-none-eabi-gcc/7-2017q4/bin/../lib/gcc/arm-none-eabi/7.2.1/thumb/v7-m/crtbegin.o

.text.align     0x08005a38        0x0
                0x08005a38                . = ALIGN (0x8)
                0x08005a38                __text_end__ = .
                0x08005a38                __exidx_start = .

.ARM.exidx      0x08005a38        0x8
 *(.ARM.exidx* .gnu.linkonce.armexidx.*)
 .ARM.exidx     0x08005a38        0x8 C:\Users\Administrator\AppData\Local\Temp\VMBCore\arduino16x\26f9647b75fb80b091c2c1c5a86ae632\variant\start.S.o
 .ARM.exidx.text.__aeabi_atexit
                0x08005a40        0x0 c:/users/administrator/appdata/local/arduino15/packages/arduino/tools/arm-none-eabi-gcc/7-2017q4/bin/../lib/gcc/arm-none-eabi/7.2.1/../../../../arm-none-eabi/lib/thumb/v7-m\libstdc++.a(atexit_arm.o)
                                  0x8 (size before relaxing)
 .ARM.exidx     0x08005a40        0x0 c:/users/administrator/appdata/local/arduino15/packages/arduino/tools/arm-none-eabi-gcc/7-2017q4/bin/../lib/gcc/arm-none-eabi/7.2.1/thumb/v7-m\libgcc.a(_udivmoddi4.o)
                                  0x8 (size before relaxing)
                0x08005a40                __exidx_end = .

.data           0x20000000     0x11e8 load address 0x08005a40
                0x20000000                __data_start__ = .
                0x20000000        0x4 LONG 0x0
                0x20000008                . = ALIGN (0x8)
 *fill*         0x20000004        0x4 
 *(.got.plt)
 *(.got)
 *(.data .data.* .gnu.linkonce.d.*)
 .data          0x20000008        0x4 c:/users/administrator/appdata/local/arduino15/packages/arduino/tools/arm-none-eabi-gcc/7-2017q4/bin/../lib/gcc/arm-none-eabi/7.2.1/thumb/v7-m/crtbegin.o
                0x20000008                __dso_handle
 .data._ZL5Y0_ON
                0x2000000c        0x8 Temperature_control_box.cpp.o
 .data._ZL5Y1_ON
                0x20000014        0x8 Temperature_control_box.cpp.o
 .data._ZL5Y2_ON
                0x2000001c        0x8 Temperature_control_box.cpp.o
 .data._ZL5Y3_ON
                0x20000024        0x8 Temperature_control_box.cpp.o
 .data._ZL5Y4_ON
                0x2000002c        0x8 Temperature_control_box.cpp.o
 .data._ZL5Y5_ON
                0x20000034        0x8 Temperature_control_box.cpp.o
 .data._ZL5Y6_ON
                0x2000003c        0x8 Temperature_control_box.cpp.o
 .data._ZL5Y7_ON
                0x20000044        0x8 Temperature_control_box.cpp.o
 .data._ZL5Y8_ON
                0x2000004c        0x8 Temperature_control_box.cpp.o
 .data._ZL5Y9_ON
                0x20000054        0x8 Temperature_control_box.cpp.o
 .data._ZL6Y0_OFF
                0x2000005c        0x8 Temperature_control_box.cpp.o
 .data._ZL6Y10_ON
                0x20000064        0x8 Temperature_control_box.cpp.o
 .data._ZL6Y11_ON
                0x2000006c        0x8 Temperature_control_box.cpp.o
 .data._ZL6Y12_ON
                0x20000074        0x8 Temperature_control_box.cpp.o
 .data._ZL6Y13_ON
                0x2000007c        0x8 Temperature_control_box.cpp.o
 .data._ZL6Y14_ON
                0x20000084        0x8 Temperature_control_box.cpp.o
 .data._ZL6Y15_ON
                0x2000008c        0x8 Temperature_control_box.cpp.o
 .data._ZL6Y16_ON
                0x20000094        0x8 Temperature_control_box.cpp.o
 .data._ZL6Y17_ON
                0x2000009c        0x8 Temperature_control_box.cpp.o
 .data._ZL6Y18_ON
                0x200000a4        0x8 Temperature_control_box.cpp.o
 .data._ZL6Y19_ON
                0x200000ac        0x8 Temperature_control_box.cpp.o
 .data._ZL6Y1_OFF
                0x200000b4        0x8 Temperature_control_box.cpp.o
 .data._ZL6Y20_ON
                0x200000bc        0x8 Temperature_control_box.cpp.o
 .data._ZL6Y21_ON
                0x200000c4        0x8 Temperature_control_box.cpp.o
 .data._ZL6Y22_ON
                0x200000cc        0x8 Temperature_control_box.cpp.o
 .data._ZL6Y23_ON
                0x200000d4        0x8 Temperature_control_box.cpp.o
 .data._ZL6Y2_OFF
                0x200000dc        0x8 Temperature_control_box.cpp.o
 .data._ZL6Y3_OFF
                0x200000e4        0x8 Temperature_control_box.cpp.o
 .data._ZL6Y4_OFF
                0x200000ec        0x8 Temperature_control_box.cpp.o
 .data._ZL6Y5_OFF
                0x200000f4        0x8 Temperature_control_box.cpp.o
 .data._ZL6Y6_OFF
                0x200000fc        0x8 Temperature_control_box.cpp.o
 .data._ZL6Y7_OFF
                0x20000104        0x8 Temperature_control_box.cpp.o
 .data._ZL6Y8_OFF
                0x2000010c        0x8 Temperature_control_box.cpp.o
 .data._ZL6Y9_OFF
                0x20000114        0x8 Temperature_control_box.cpp.o
 .data._ZL7Y10_OFF
                0x2000011c        0x8 Temperature_control_box.cpp.o
 .data._ZL7Y11_OFF
                0x20000124        0x8 Temperature_control_box.cpp.o
 .data._ZL7Y12_OFF
                0x2000012c        0x8 Temperature_control_box.cpp.o
 .data._ZL7Y13_OFF
                0x20000134        0x8 Temperature_control_box.cpp.o
 .data._ZL7Y14_OFF
                0x2000013c        0x8 Temperature_control_box.cpp.o
 .data._ZL7Y15_OFF
                0x20000144        0x8 Temperature_control_box.cpp.o
 .data._ZL7Y16_OFF
                0x2000014c        0x8 Temperature_control_box.cpp.o
 .data._ZL7Y17_OFF
                0x20000154        0x8 Temperature_control_box.cpp.o
 .data._ZL7Y18_OFF
                0x2000015c        0x8 Temperature_control_box.cpp.o
 .data._ZL7Y19_OFF
                0x20000164        0x8 Temperature_control_box.cpp.o
 .data._ZL7Y20_OFF
                0x2000016c        0x8 Temperature_control_box.cpp.o
 .data._ZL7Y21_OFF
                0x20000174        0x8 Temperature_control_box.cpp.o
 .data._ZL7Y22_OFF
                0x2000017c        0x8 Temperature_control_box.cpp.o
 .data._ZL7Y23_OFF
                0x20000184        0x8 Temperature_control_box.cpp.o
 .data.auchCRCHi
                0x2000018c      0x100 MODBUS_RTU_CRC16.cpp.o
                0x2000018c                auchCRCHi
 .data.auchCRCLo
                0x2000028c      0x100 MODBUS_RTU_CRC16.cpp.o
                0x2000028c                auchCRCLo
 .data._ZN6wirish4priv15w_board_pll_cfgE
                0x2000038c        0x8 C:\Users\Administrator\AppData\Local\Temp\VMBCore\arduino16x\26f9647b75fb80b091c2c1c5a86ae632\variant\boards_setup.cpp.o
                0x2000038c                wirish::priv::w_board_pll_cfg
 .data._ZN6wirish4priv9w_adc_preE
                0x20000394        0x2 C:\Users\Administrator\AppData\Local\Temp\VMBCore\arduino16x\26f9647b75fb80b091c2c1c5a86ae632\variant\boards_setup.cpp.o
                0x20000394                wirish::priv::w_adc_pre
 .data._ZN6wirish4priv9w_adc_smpE
                0x20000396        0x1 C:\Users\Administrator\AppData\Local\Temp\VMBCore\arduino16x\26f9647b75fb80b091c2c1c5a86ae632\variant\boards_setup.cpp.o
                0x20000396                wirish::priv::w_adc_smp
 *fill*         0x20000397        0x1 
 .data._ZN6wirish4privL8pll_dataE
                0x20000398        0x4 C:\Users\Administrator\AppData\Local\Temp\VMBCore\arduino16x\26f9647b75fb80b091c2c1c5a86ae632\variant\boards_setup.cpp.o
 .data.ADC1     0x2000039c        0x4 C:\Users\Administrator\AppData\Local\Temp\VMBuilds\Temperature_control_box\Arduino_STM32-master_genericSTM32F103R\Release\core.a(adc_f1.c.o)
                0x2000039c                ADC1
 .data.ADC2     0x200003a0        0x4 C:\Users\Administrator\AppData\Local\Temp\VMBuilds\Temperature_control_box\Arduino_STM32-master_genericSTM32F103R\Release\core.a(adc_f1.c.o)
                0x200003a0                ADC2
 .data.ADC3     0x200003a4        0x4 C:\Users\Administrator\AppData\Local\Temp\VMBuilds\Temperature_control_box\Arduino_STM32-master_genericSTM32F103R\Release\core.a(adc_f1.c.o)
                0x200003a4                ADC3
 .data.adc1     0x200003a8       0x18 C:\Users\Administrator\AppData\Local\Temp\VMBuilds\Temperature_control_box\Arduino_STM32-master_genericSTM32F103R\Release\core.a(adc_f1.c.o)
                0x200003a8                adc1
 .data.adc2     0x200003c0        0x8 C:\Users\Administrator\AppData\Local\Temp\VMBuilds\Temperature_control_box\Arduino_STM32-master_genericSTM32F103R\Release\core.a(adc_f1.c.o)
                0x200003c0                adc2
 .data.adc3     0x200003c8       0x18 C:\Users\Administrator\AppData\Local\Temp\VMBuilds\Temperature_control_box\Arduino_STM32-master_genericSTM32F103R\Release\core.a(adc_f1.c.o)
                0x200003c8                adc3
 .data.DMA1     0x200003e0        0x4 C:\Users\Administrator\AppData\Local\Temp\VMBuilds\Temperature_control_box\Arduino_STM32-master_genericSTM32F103R\Release\core.a(dma_f1.c.o)
                0x200003e0                DMA1
 .data.DMA2     0x200003e4        0x4 C:\Users\Administrator\AppData\Local\Temp\VMBuilds\Temperature_control_box\Arduino_STM32-master_genericSTM32F103R\Release\core.a(dma_f1.c.o)
                0x200003e4                DMA2
 .data.dma1     0x200003e8       0x40 C:\Users\Administrator\AppData\Local\Temp\VMBuilds\Temperature_control_box\Arduino_STM32-master_genericSTM32F103R\Release\core.a(dma_f1.c.o)
 .data.dma2     0x20000428       0x30 C:\Users\Administrator\AppData\Local\Temp\VMBuilds\Temperature_control_box\Arduino_STM32-master_genericSTM32F103R\Release\core.a(dma_f1.c.o)
 .data.gpioa    0x20000458        0x8 C:\Users\Administrator\AppData\Local\Temp\VMBuilds\Temperature_control_box\Arduino_STM32-master_genericSTM32F103R\Release\core.a(gpio_f1.c.o)
                0x20000458                gpioa
 .data.gpiob    0x20000460        0x8 C:\Users\Administrator\AppData\Local\Temp\VMBuilds\Temperature_control_box\Arduino_STM32-master_genericSTM32F103R\Release\core.a(gpio_f1.c.o)
                0x20000460                gpiob
 .data.gpioc    0x20000468        0x8 C:\Users\Administrator\AppData\Local\Temp\VMBuilds\Temperature_control_box\Arduino_STM32-master_genericSTM32F103R\Release\core.a(gpio_f1.c.o)
                0x20000468                gpioc
 .data.gpiod    0x20000470        0x8 C:\Users\Administrator\AppData\Local\Temp\VMBuilds\Temperature_control_box\Arduino_STM32-master_genericSTM32F103R\Release\core.a(gpio_f1.c.o)
                0x20000470                gpiod
 .data.i2c1     0x20000478       0x24 C:\Users\Administrator\AppData\Local\Temp\VMBuilds\Temperature_control_box\Arduino_STM32-master_genericSTM32F103R\Release\core.a(i2c_f1.c.o)
 .data.i2c2     0x2000049c       0x24 C:\Users\Administrator\AppData\Local\Temp\VMBuilds\Temperature_control_box\Arduino_STM32-master_genericSTM32F103R\Release\core.a(i2c_f1.c.o)
 .data.enable_regs.4454
                0x200004c0        0xc C:\Users\Administrator\AppData\Local\Temp\VMBuilds\Temperature_control_box\Arduino_STM32-master_genericSTM32F103R\Release\core.a(rcc_f1.c.o)
 .data.enable_regs.4467
                0x200004cc        0xc C:\Users\Administrator\AppData\Local\Temp\VMBuilds\Temperature_control_box\Arduino_STM32-master_genericSTM32F103R\Release\core.a(rcc_f1.c.o)
 .data.reset_regs.4458
                0x200004d8        0x8 C:\Users\Administrator\AppData\Local\Temp\VMBuilds\Temperature_control_box\Arduino_STM32-master_genericSTM32F103R\Release\core.a(rcc_f1.c.o)
 .data.timer1   0x200004e0       0x28 C:\Users\Administrator\AppData\Local\Temp\VMBuilds\Temperature_control_box\Arduino_STM32-master_genericSTM32F103R\Release\core.a(timer.c.o)
                0x200004e0                timer1
 .data.timer2   0x20000508       0x24 C:\Users\Administrator\AppData\Local\Temp\VMBuilds\Temperature_control_box\Arduino_STM32-master_genericSTM32F103R\Release\core.a(timer.c.o)
                0x20000508                timer2
 .data.timer3   0x2000052c       0x24 C:\Users\Administrator\AppData\Local\Temp\VMBuilds\Temperature_control_box\Arduino_STM32-master_genericSTM32F103R\Release\core.a(timer.c.o)
                0x2000052c                timer3
 .data.timer4   0x20000550       0x24 C:\Users\Administrator\AppData\Local\Temp\VMBuilds\Temperature_control_box\Arduino_STM32-master_genericSTM32F103R\Release\core.a(timer.c.o)
                0x20000550                timer4
 .data.timer5   0x20000574       0x24 C:\Users\Administrator\AppData\Local\Temp\VMBuilds\Temperature_control_box\Arduino_STM32-master_genericSTM32F103R\Release\core.a(timer.c.o)
                0x20000574                timer5
 .data.timer6   0x20000598        0xc C:\Users\Administrator\AppData\Local\Temp\VMBuilds\Temperature_control_box\Arduino_STM32-master_genericSTM32F103R\Release\core.a(timer.c.o)
                0x20000598                timer6
 .data.timer7   0x200005a4        0xc C:\Users\Administrator\AppData\Local\Temp\VMBuilds\Temperature_control_box\Arduino_STM32-master_genericSTM32F103R\Release\core.a(timer.c.o)
                0x200005a4                timer7
 .data.timer8   0x200005b0       0x28 C:\Users\Administrator\AppData\Local\Temp\VMBuilds\Temperature_control_box\Arduino_STM32-master_genericSTM32F103R\Release\core.a(timer.c.o)
                0x200005b0                timer8
 .data.UART4    0x200005d8        0x4 C:\Users\Administrator\AppData\Local\Temp\VMBuilds\Temperature_control_box\Arduino_STM32-master_genericSTM32F103R\Release\core.a(usart_f1.c.o)
                0x200005d8                UART4
 .data.UART5    0x200005dc        0x4 C:\Users\Administrator\AppData\Local\Temp\VMBuilds\Temperature_control_box\Arduino_STM32-master_genericSTM32F103R\Release\core.a(usart_f1.c.o)
                0x200005dc                UART5
 .data.USART1   0x200005e0        0x4 C:\Users\Administrator\AppData\Local\Temp\VMBuilds\Temperature_control_box\Arduino_STM32-master_genericSTM32F103R\Release\core.a(usart_f1.c.o)
                0x200005e0                USART1
 .data.USART2   0x200005e4        0x4 C:\Users\Administrator\AppData\Local\Temp\VMBuilds\Temperature_control_box\Arduino_STM32-master_genericSTM32F103R\Release\core.a(usart_f1.c.o)
                0x200005e4                USART2
 .data.USART3   0x200005e8        0x4 C:\Users\Administrator\AppData\Local\Temp\VMBuilds\Temperature_control_box\Arduino_STM32-master_genericSTM32F103R\Release\core.a(usart_f1.c.o)
                0x200005e8                USART3
 .data.uart4    0x200005ec       0x94 C:\Users\Administrator\AppData\Local\Temp\VMBuilds\Temperature_control_box\Arduino_STM32-master_genericSTM32F103R\Release\core.a(usart_f1.c.o)
 .data.uart5    0x20000680       0x94 C:\Users\Administrator\AppData\Local\Temp\VMBuilds\Temperature_control_box\Arduino_STM32-master_genericSTM32F103R\Release\core.a(usart_f1.c.o)
 .data.usart1   0x20000714       0x94 C:\Users\Administrator\AppData\Local\Temp\VMBuilds\Temperature_control_box\Arduino_STM32-master_genericSTM32F103R\Release\core.a(usart_f1.c.o)
 .data.usart2   0x200007a8       0x94 C:\Users\Administrator\AppData\Local\Temp\VMBuilds\Temperature_control_box\Arduino_STM32-master_genericSTM32F103R\Release\core.a(usart_f1.c.o)
 .data.usart3   0x2000083c       0x94 C:\Users\Administrator\AppData\Local\Temp\VMBuilds\Temperature_control_box\Arduino_STM32-master_genericSTM32F103R\Release\core.a(usart_f1.c.o)
 .data.USBLIB   0x200008d0        0x4 C:\Users\Administrator\AppData\Local\Temp\VMBuilds\Temperature_control_box\Arduino_STM32-master_genericSTM32F103R\Release\core.a(usb.c.o)
                0x200008d0                USBLIB
 .data.usblib   0x200008d4       0x10 C:\Users\Administrator\AppData\Local\Temp\VMBuilds\Temperature_control_box\Arduino_STM32-master_genericSTM32F103R\Release\core.a(usb.c.o)
 .data.Config_Descriptor
                0x200008e4        0x8 C:\Users\Administrator\AppData\Local\Temp\VMBuilds\Temperature_control_box\Arduino_STM32-master_genericSTM32F103R\Release\core.a(usb_cdcacm.c.o)
 .data.Device_Descriptor
                0x200008ec        0x8 C:\Users\Administrator\AppData\Local\Temp\VMBuilds\Temperature_control_box\Arduino_STM32-master_genericSTM32F103R\Release\core.a(usb_cdcacm.c.o)
 .data.Device_Property
                0x200008f4       0x30 C:\Users\Administrator\AppData\Local\Temp\VMBuilds\Temperature_control_box\Arduino_STM32-master_genericSTM32F103R\Release\core.a(usb_cdcacm.c.o)
                0x200008f4                Device_Property
 .data.Device_Table